******************************************************************************
             TMS320C2000 Linker PC v22.6.3                     
******************************************************************************
>> Linked Fri Mar 20 16:40:06 2026

OUTPUT FILE NAME:   <Driverlib Empty CPU1 Example CCS Project.out>
ENTRY POINT SYMBOL: "code_start"  address: 00000000


MEMORY CONFIGURATION

         name            origin    length      used     unused   attr    fill
----------------------  --------  ---------  --------  --------  ----  --------
PAGE 0:
  BEGIN                 00000000   00000002  00000002  00000000  RWIX
  RAMM0                 00000123   000002dd  00000022  000002bb  RWIX
  RAMLS0                00008000   00000800  00000800  00000000  RWIX
  RAMLS1                00008800   00000800  00000800  00000000  RWIX
  RAMLS2                00009000   00000800  00000298  00000568  RWIX
  RAMLS3                00009800   00000800  00000000  00000800  RWIX
  RAMLS4                0000a000   00000800  00000000  00000800  RWIX
  RAMD0                 0000b000   00000800  00000800  00000000  RWIX
  RAMGS0_PROG           0000c000   00001000  00000a18  000005e8  RWIX
  FLASHA                00080002   00001ffe  00000000  00001ffe  RWIX
  FLASHB                00082000   00002000  00000000  00002000  RWIX
  FLASHC                00084000   00002000  00000000  00002000  RWIX
  FLASHD                00086000   00002000  00000000  00002000  RWIX
  FLASHE                00088000   00008000  00000000  00008000  RWIX
  FLASHF                00090000   00008000  00000000  00008000  RWIX
  FLASHG                00098000   00008000  00000000  00008000  RWIX
  FLASHH                000a0000   00008000  00000000  00008000  RWIX
  FLASHI                000a8000   00008000  00000000  00008000  RWIX
  FLASHJ                000b0000   00008000  00000000  00008000  RWIX
  FLASHK                000b8000   00002000  00000000  00002000  RWIX
  FLASHL                000ba000   00002000  00000000  00002000  RWIX
  FLASHM                000bc000   00002000  00000000  00002000  RWIX
  FLASHN                000be000   00001ff0  00000000  00001ff0  RWIX
  RESET                 003fffc0   00000002  00000000  00000002  RWIX

PAGE 1:
  BOOT_RSVD             00000002   00000121  00000000  00000121  RWIX
  RAMM1                 00000400   000003f8  00000100  000002f8  RWIX
  RAMLS5                0000a800   00000800  000007ef  00000011  RWIX
  RAMD1                 0000b800   00000800  00000000  00000800  RWIX
  RAMGS1                0000d000   00001000  000000d9  00000f27  RWIX
  RAMGS2                0000e000   00001000  00000000  00001000  RWIX
  RAMGS3                0000f000   00001000  00000000  00001000  RWIX
  RAMGS4                00010000   00001000  00000000  00001000  RWIX
  RAMGS5                00011000   00001000  00000000  00001000  RWIX
  RAMGS6                00012000   00001000  00000000  00001000  RWIX
  RAMGS7                00013000   00001000  00000000  00001000  RWIX
  RAMGS8                00014000   00001000  00000000  00001000  RWIX
  RAMGS9                00015000   00001000  00000000  00001000  RWIX
  RAMGS10               00016000   00001000  00000000  00001000  RWIX
  RAMGS11               00017000   00001000  00000000  00001000  RWIX
  RAMGS12               00018000   00001000  00000000  00001000  RWIX
  RAMGS13               00019000   00001000  00000000  00001000  RWIX
  RAMGS14               0001a000   00001000  00000000  00001000  RWIX
  RAMGS15               0001b000   00000ff8  00000000  00000ff8  RWIX
  CPU2TOCPU1RAM         0003f800   00000400  00000000  00000400  RWIX
  CPU1TOCPU2RAM         0003fc00   00000400  00000000  00000400  RWIX
  CANA_MSG_RAM          00049000   00000800  00000000  00000800  RWIX
  CANB_MSG_RAM          0004b000   00000800  00000000  00000800  RWIX


SECTION ALLOCATION MAP

 output                                  attributes/
section   page    origin      length       input sections
--------  ----  ----------  ----------   ----------------
codestart 
*          0    00000000    00000002     
                  00000000    00000002     F2837xD_CodeStartBranch.obj (codestart)

.cinit     0    00000128    0000001e     
                  00000128    0000000b     (.cinit..data.load) [load image, compression = lzss]
                  00000133    00000001     --HOLE-- [fill = 0]
                  00000134    00000006     (__TI_handler_table)
                  0000013a    00000004     (.cinit..bss.load) [load image, compression = zero_init]
                  0000013e    00000008     (__TI_cinit_table)

.reset     0    003fffc0    00000000     DSECT

.stack     1    00000400    00000100     UNINITIALIZED
                  00000400    00000100     --HOLE--

.bss       1    0000a800    00000030     UNINITIALIZED
                  0000a800    00000030     open_loop_test.obj (.bss:rxBuf)

.init_array 
*          0    00000123    00000000     UNINITIALIZED

.data      1    0000a830    0000002e     UNINITIALIZED
                  0000a830    00000006     device.obj (.data)
                  0000a836    00000006     rts2800_fpu32_eabi.lib : exit.c.obj (.data)
                  0000a83c    00000002                            : _lock.c.obj (.data:_lock)
                  0000a83e    00000002                            : _lock.c.obj (.data:_unlock)
                  0000a840    0000001e     open_loop_test.obj (.data)

.TI.ramfunc 
*          0    00000123    00000004     
                  00000123    00000004     driverlib_eabi.lib : sysctl.obj (.TI.ramfunc)

GETBUFFER 
*          0    0003f800    00000000     DSECT

GETWRITEIDX 
*          0    0003f800    00000000     DSECT

PUTREADIDX 
*          0    0003f800    00000000     DSECT

.text.1    0    00008000    00000800     
                  00008000    00000209     driverlib_eabi.lib : sysctl.obj (.text:SysCtl_setClock)
                  00008209    00000120     open_loop_test.obj (.text:retain)
                  00008329    000000db     driverlib_eabi.lib : can.obj (.text:CAN_setupMessageObject)
                  00008404    000000bf     svpwm.obj (.text)
                  000084c3    000000bb     transforms.obj (.text)
                  0000857e    0000009b     current.obj (.text)
                  00008619    00000090     driverlib_eabi.lib : sysctl.obj (.text:SysCtl_selectXTAL)
                  000086a9    00000088     rts2800_fpu32_eabi.lib : fs_div28.asm.obj (.text)
                  00008731    00000072     driverlib_eabi.lib : can.obj (.text:CAN_sendMessage)
                  000087a3    0000005d     angle_ramp.obj (.text)

.text.2    0    00008800    00000800     
                  00008800    0000006f     driverlib_eabi.lib : adc.obj (.text:ADC_setINLTrim)
                  0000886f    00000068                        : sysctl.obj (.text:SysCtl_getDeviceParametric)
                  000088d7    00000066                        : can.obj (.text:CAN_readMessage)
                  0000893d    00000066     rts2800_fpu32_eabi.lib : s_sinf.c.obj (.text)
                  000089a3    00000064     driverlib_eabi.lib : can.obj (.text:CAN_setBitTiming)
                  00008a07    00000063     rts2800_fpu32_eabi.lib : s_cosf.c.obj (.text)
                  00008a6a    00000061     driverlib_eabi.lib : can.obj (.text:CAN_setBitRate)
                  00008acb    00000060                        : adc.obj (.text:ADC_setOffsetTrim)
                  00008b2b    0000005c                        : spi.obj (.text:SPI_setConfig)
                  00008b87    00000052                        : gpio.obj (.text:GPIO_setPadConfig)
                  00008bd9    00000051                        : sysctl.obj (.text:SysCtl_getClock)
                  00008c2a    00000048                        : sysctl.obj (.text:SysCtl_selectOscSource)
                  00008c72    0000003e                        : sci.obj (.text:SCI_setConfig)
                  00008cb0    0000003d                        : interrupt.obj (.text:Interrupt_initModule)
                  00008ced    0000003b                        : epwm.obj (.text:EPWM_isBaseValid)
                  00008d28    00000039     voltage.obj (.text)
                  00008d61    00000037     driverlib_eabi.lib : gpio.obj (.text:GPIO_setControllerCore)
                  00008d98    00000037                        : gpio.obj (.text:GPIO_setPinConfig)
                  00008dcf    00000037                        : gpio.obj (.text:GPIO_setQualificationMode)
                  00008e06    00000037                        : interrupt.obj (.text:Interrupt_enable)
                  00008e3d    00000036                        : spi.obj (.text:SPI_clearInterruptStatus)
                  00008e73    00000031                        : gpio.obj (.text:GPIO_setDirectionMode)
                  00008ea4    0000002f                        : adc.obj (.text:ADC_setMode)
                  00008ed3    0000002f                        : spi.obj (.text:SPI_enableInterrupt)
                  00008f02    0000002e     rts2800_fpu32_eabi.lib : copy_decompress_lzss.c.obj (.text:decompress:lzss)
                  00008f30    0000002b                            : autoinit.c.obj (.text:__TI_auto_init_nobinit_nopinit)
                  00008f5b    00000029                            : exit.c.obj (.text)
                  00008f84    00000028     driverlib_eabi.lib : sysctl.obj (.text:CPUTimer_selectClockSource)
                  00008fac    00000022                        : can.obj (.text:CAN_writeDataReg)
                  00008fce    0000001f                        : sysctl.obj (.text:CPUTimer_getTimerOverflowStatus)
                  00008fed    00000013                        : cputimer.obj (.text:CPUTimer_setEmulationMode)

.text.3    0    00009000    00000298     
                  00009000    0000001e     driverlib_eabi.lib : interrupt.obj (.text:Interrupt_initVectorTable)
                  0000901e    0000001d     rts2800_fpu32_eabi.lib : memcpy.c.obj (.text)
                  0000903b    0000001c     driverlib_eabi.lib : can.obj (.text:CAN_initModule)
                  00009057    0000001b                        : adc.obj (.text:ADC_isBaseValid)
                  00009072    0000001b                        : can.obj (.text:CAN_readDataReg)
                  0000908d    0000001b                        : sci.obj (.text:SCI_isBaseValid)
                  000090a8    0000001a                        : can.obj (.text:CAN_initRAM)
                  000090c2    0000001a                        : sysctl.obj (.text:CPUTimer_startTimer)
                  000090dc    0000001a                        : sysctl.obj (.text:SysCtl_getLowSpeedClock)
                  000090f6    00000018                        : sci.obj (.text:SCI_disableModule)
                  0000910e    00000017                        : cputimer.obj (.text:CPUTimer_isBaseValid)
                  00009125    00000017                        : sysctl.obj (.text:CPUTimer_isBaseValid)
                  0000913c    00000017                        : spi.obj (.text:SPI_isBaseValid)
                  00009153    00000017     rts2800_fpu32_eabi.lib : boot28.asm.obj (.text)
                  0000916a    00000016     driverlib_eabi.lib : epwm.obj (.text:EPWM_setEmulationMode)
                  00009180    00000016                        : interrupt.obj (.text:Interrupt_defaultHandler)
                  00009196    00000014                        : sysctl.obj (.text:CPUTimer_stopTimer)
                  000091aa    00000013                        : sci.obj (.text:SCI_enableModule)
                  000091bd    00000012                        : sysctl.obj (.text:CPUTimer_clearOverflowFlag)
                  000091cf    00000012                        : sysctl.obj (.text:CPUTimer_disableInterrupt)
                  000091e1    00000011                        : sysctl.obj (.text:CPUTimer_setPeriod)
                  000091f2    0000000f                        : sysctl.obj (.text:SysCtl_pollCpuTimer)
                  00009201    0000000e                        : gpio.obj (.text:GPIO_isPinValid)
                  0000920f    0000000d                        : interrupt.obj (.text:Interrupt_disableGlobal)
                  0000921c    0000000d                        : interrupt.obj (.text:Interrupt_enableGlobal)
                  00009229    0000000d     rts2800_fpu32_eabi.lib : copy_zero_init.c.obj (.text:decompress:ZI:__TI_zero_init_nomemset)
                  00009236    0000000c                            : args_main.c.obj (.text)
                  00009242    0000000b     driverlib_eabi.lib : sysctl.obj (.text:SysCtl_isMCDClockFailureDetected)
                  0000924d    0000000b     rts2800_fpu32_eabi.lib : u_div28.asm.obj (.text)
                  00009258    0000000a     driverlib_eabi.lib : interrupt.obj (.text:Interrupt_illegalOperationHandler)
                  00009262    0000000a                        : interrupt.obj (.text:Interrupt_nmiHandler)
                  0000926c    00000009                        : sysctl.obj (.text:SysCtl_serviceWatchdog)
                  00009275    00000009     rts2800_fpu32_eabi.lib : _lock.c.obj (.text)
                  0000927e    00000008     F2837xD_CodeStartBranch.obj (.text)
                  00009286    00000008     rts2800_fpu32_eabi.lib : copy_decompress_none.c.obj (.text:decompress:none)
                  0000928e    00000007     driverlib_eabi.lib : sysctl.obj (.text:SysCtl_resetMCD)
                  00009295    00000002     rts2800_fpu32_eabi.lib : pre_init.c.obj (.text)
                  00009297    00000001                            : startup.c.obj (.text)

.text.4    0    0000b000    00000800     
                  0000b000    000003fd     device.obj (.text)
                  0000b3fd    000003ee     open_loop_test.obj (.text)
                  0000b7eb    00000015     driverlib_eabi.lib : can.obj (.text:CAN_isBaseValid)

.text.5    0    0000c000    00000a18     
                  0000c000    00000a18     boostxl_periph.obj (.text)

.const.1   1    0000a85e    00000791     
                  0000a85e    000001b5     boostxl_periph.obj (.const:.string)
                  0000aa13    00000001     --HOLE-- [fill = 0]
                  0000aa14    000000f7     open_loop_test.obj (.const:.string)
                  0000ab0b    00000001     --HOLE-- [fill = 0]
                  0000ab0c    000000c2     driverlib_eabi.lib : sysctl.obj (.const:.string)
                  0000abce    000000bc                        : epwm.obj (.const:.string)
                  0000ac8a    000000bc                        : gpio.obj (.const:.string)
                  0000ad46    000000bb                        : can.obj (.const:.string)
                  0000ae01    00000001     --HOLE-- [fill = 0]
                  0000ae02    000000bb                        : sci.obj (.const:.string)
                  0000aebd    00000001     --HOLE-- [fill = 0]
                  0000aebe    000000bb                        : spi.obj (.const:.string)
                  0000af79    00000001     --HOLE-- [fill = 0]
                  0000af7a    00000062                        : cputimer.obj (.const:.string)
                  0000afdc    00000013     device.obj (.const:.string)

.const.2   1    0000d000    000000d9     
                  0000d000    0000005d     driverlib_eabi.lib : adc.obj (.const:.string)
                  0000d05d    00000001     --HOLE-- [fill = 0]
                  0000d05e    0000003d     current.obj (.const:.string)
                  0000d09b    00000001     --HOLE-- [fill = 0]
                  0000d09c    0000003d     voltage.obj (.const:.string)

MODULE SUMMARY

       Module                        code   ro data   rw data
       ------                        ----   -------   -------
    .\
       boostxl_periph.obj            2584   437       0      
       open_loop_test.obj            1294   247       78     
    +--+-----------------------------+------+---------+---------+
       Total:                        3878   684       78     
                                                             
    .\control\
       svpwm.obj                     191    0         0      
       transforms.obj                187    0         0      
       angle_ramp.obj                93     0         0      
    +--+-----------------------------+------+---------+---------+
       Total:                        471    0         0      
                                                             
    .\device\
       device.obj                    1021   19        6      
       F2837xD_CodeStartBranch.obj   10     0         0      
    +--+-----------------------------+------+---------+---------+
       Total:                        1031   19        6      
                                                             
    .\sensors\
       current.obj                   155    61        0      
       voltage.obj                   57     61        0      
    +--+-----------------------------+------+---------+---------+
       Total:                        212    122       0      
                                                             
    C:\ti\C2000Ware_6_00_01_00\driverlib\f2837xd\driverlib\ccs\Debug\driverlib_eabi.lib
       sysctl.obj                    1187   194       0      
       can.obj                       768    187       0      
       gpio.obj                      310    188       0      
       spi.obj                       216    187       0      
       adc.obj                       281    93        0      
       sci.obj                       132    187       0      
       epwm.obj                      81     188       0      
       interrupt.obj                 214    0         0      
       cputimer.obj                  42     98        0      
    +--+-----------------------------+------+---------+---------+
       Total:                        3231   1322      0      
                                                             
    C:\ti\ccs2041\ccs\tools\compiler\ti-cgt-c2000_22.6.3.LTS\lib\rts2800_fpu32_eabi.lib
       fs_div28.asm.obj              136    0         0      
       s_sinf.c.obj                  102    0         0      
       s_cosf.c.obj                  99     0         0      
       exit.c.obj                    41     0         6      
       copy_decompress_lzss.c.obj    46     0         0      
       autoinit.c.obj                43     0         0      
       memcpy.c.obj                  29     0         0      
       boot28.asm.obj                23     0         0      
       _lock.c.obj                   9      0         4      
       copy_zero_init.c.obj          13     0         0      
       args_main.c.obj               12     0         0      
       u_div28.asm.obj               11     0         0      
       copy_decompress_none.c.obj    8      0         0      
       pre_init.c.obj                2      0         0      
       startup.c.obj                 1      0         0      
    +--+-----------------------------+------+---------+---------+
       Total:                        575    0         10     
                                                             
       Stack:                        0      0         256    
       Linker Generated:             0      29        0      
    +--+-----------------------------+------+---------+---------+
       Grand Total:                  9398   2176      350    


LINKER GENERATED COPY TABLES

__TI_cinit_table @ 0000013e records: 2, size/record: 4, table size: 8
	.data: load addr=00000128, load size=0000000b bytes, run addr=0000a830, run size=0000002e bytes, compression=lzss
	.bss: load addr=0000013a, load size=00000004 bytes, run addr=0000a800, run size=00000030 bytes, compression=zero_init


LINKER GENERATED HANDLER TABLE

__TI_handler_table @ 00000134 records: 3, size/record: 2, table size: 6
	index: 0, handler: __TI_zero_init
	index: 1, handler: __TI_decompress_lzss
	index: 2, handler: __TI_decompress_none


GLOBAL DATA SYMBOLS: SORTED BY DATA PAGE

address     data page           name
--------    ----------------    ----
00000400      10 (00000400)     __stack

0000a830     2a0 (0000a800)     Example_Result
0000a832     2a0 (0000a800)     Example_PassCount
0000a834     2a0 (0000a800)     Example_Fail
0000a836     2a0 (0000a800)     __TI_enable_exit_profile_output
0000a838     2a0 (0000a800)     __TI_cleanup_ptr
0000a83a     2a0 (0000a800)     __TI_dtors_ptr
0000a83c     2a0 (0000a800)     _lock
0000a83e     2a0 (0000a800)     _unlock

0000a840     2a1 (0000a840)     openLoop_enable
0000a842     2a1 (0000a840)     openLoop_freqHz
0000a844     2a1 (0000a840)     openLoop_Vd
0000a846     2a1 (0000a840)     openLoop_Vq
0000a848     2a1 (0000a840)     iAAmps
0000a84a     2a1 (0000a840)     iBAmps
0000a84c     2a1 (0000a840)     iCAmps
0000a84e     2a1 (0000a840)     vdcVolts
0000a850     2a1 (0000a840)     theta_rad
0000a852     2a1 (0000a840)     timer0IsrCount


GLOBAL SYMBOLS: SORTED ALPHABETICALLY BY Name 

page  address   name                                     
----  -------   ----                                     
0     00008800  ADC_setINLTrim                           
0     00008ea4  ADC_setMode                              
0     00008acb  ADC_setOffsetTrim                        
0     000087a3  AngleRamp_init                           
0     000087f9  AngleRamp_reset                          
0     000087e8  AngleRamp_setFreq                        
0     000087bc  AngleRamp_update                         
0     0000c9eb  BOOSTXL_bissSpiTransfer                  
0     0000ca0c  BOOSTXL_canRead                          
0     0000c9fe  BOOSTXL_canSend                          
0     0000c9a9  BOOSTXL_disableInverter                  
0     0000c9a1  BOOSTXL_enableInverter                   
0     0000c848  BOOSTXL_initADC                          
0     0000c992  BOOSTXL_initAll                          
0     0000c8d9  BOOSTXL_initBissSPI                      
0     0000c913  BOOSTXL_initCAN                          
0     0000c747  BOOSTXL_initGPIO                         
0     0000c811  BOOSTXL_initPWM                          
0     0000c953  BOOSTXL_initSerial                       
0     0000c8b4  BOOSTXL_initTimer0                       
0     0000c9e5  BOOSTXL_readDCBusVoltage                 
0     0000c9d9  BOOSTXL_readPhaseACurrent                
0     0000c9df  BOOSTXL_readPhaseCCurrent                
0     0000c982  BOOSTXL_serialSendString                 
0     0000c9b1  BOOSTXL_setDuty                          
0     00008f5b  C$$EXIT                                  
0     0000903b  CAN_initModule                           
0     000088d7  CAN_readMessage                          
0     00008731  CAN_sendMessage                          
0     00008a6a  CAN_setBitRate                           
0     000089a3  CAN_setBitTiming                         
0     00008329  CAN_setupMessageObject                   
0     00008fed  CPUTimer_setEmulationMode                
0     000084c3  Clarke                                   
0     000084df  ClarkeInv                                
0     000085dd  Current_getPhaseA                        
0     000085f5  Current_getPhaseB                        
0     00008601  Current_getPhaseC                        
0     0000859c  Current_getRawA                          
0     000085a2  Current_getRawC                          
0     000085a8  Current_runCalibration                   
0     0000b271  Device_bootCPU2                          
0     0000b240  Device_configureTMXAnalogTrim            
0     0000b0ee  Device_enableAllPeripherals              
0     0000b22a  Device_enableUnbondedGPIOPullups         
0     0000b20d  Device_enableUnbondedGPIOPullupsFor100Pin
0     0000b1fa  Device_enableUnbondedGPIOPullupsFor176Pin
0     0000b0ae  Device_init                              
0     0000b1d9  Device_initGPIO                          
0     0000916a  EPWM_setEmulationMode                    
1     0000a834  Example_Fail                             
1     0000a832  Example_PassCount                        
1     0000a830  Example_Result                           
0     0000b3fc  Example_done                             
0     0000b3f7  Example_setResultFail                    
0     0000b3f2  Example_setResultPass                    
0     00008d61  GPIO_setControllerCore                   
0     00008e73  GPIO_setDirectionMode                    
0     00008b87  GPIO_setPadConfig                        
0     00008d98  GPIO_setPinConfig                        
0     00008dcf  GPIO_setQualificationMode                
0     00009180  Interrupt_defaultHandler                 
0     00008e06  Interrupt_enable                         
0     00009258  Interrupt_illegalOperationHandler        
0     00008cb0  Interrupt_initModule                     
0     00009000  Interrupt_initVectorTable                
0     00009262  Interrupt_nmiHandler                     
0     0000850e  Park                                     
0     00008547  ParkInv                                  
0     00008c72  SCI_setConfig                            
0     00008e3d  SPI_clearInterruptStatus                 
0     00008ed3  SPI_enableInterrupt                      
0     00008b2b  SPI_setConfig                            
0     0000843f  SVPWM_calc                               
0     00000123  SysCtl_delay                             
0     00008bd9  SysCtl_getClock                          
0     0000886f  SysCtl_getDeviceParametric               
0     000090dc  SysCtl_getLowSpeedClock                  
0     00008c2a  SysCtl_selectOscSource                   
0     00008619  SysCtl_selectXTAL                        
0     00008000  SysCtl_setClock                          
0     00008d4c  Voltage_getDCBus                         
0     00008d46  Voltage_getRawDCBus                      
0     0000013e  __TI_CINIT_Base                          
0     00000146  __TI_CINIT_Limit                         
0     00000146  __TI_CINIT_Warm                          
0     00000134  __TI_Handler_Table_Base                  
0     0000013a  __TI_Handler_Table_Limit                 
1     00000500  __TI_STACK_END                           
abs   00000100  __TI_STACK_SIZE                          
0     00008f30  __TI_auto_init_nobinit_nopinit           
1     0000a838  __TI_cleanup_ptr                         
0     00008f02  __TI_decompress_lzss                     
0     00009286  __TI_decompress_none                     
1     0000a83a  __TI_dtors_ptr                           
1     0000a836  __TI_enable_exit_profile_output          
abs   ffffffff  __TI_pprof_out_hndl                      
abs   ffffffff  __TI_prof_data_size                      
abs   ffffffff  __TI_prof_data_start                     
0     00009229  __TI_zero_init_nomemset                  
0     000086a9  __c28xabi_divf                           
0     0000924d  __c28xabi_divu                           
0     00009252  __c28xabi_modu                           
n/a   UNDEFED   __c_args__                               
0     0000b3eb  __error__                                
1     00000400  __stack                                  
0     00009236  _args_main                               
0     00009153  _c_int00                                 
1     0000a83c  _lock                                    
0     0000927d  _nop                                     
0     00009279  _register_lock                           
0     00009275  _register_unlock                         
0     00009297  _system_post_cinit                       
0     00009295  _system_pre_init                         
1     0000a83e  _unlock                                  
0     00008f5b  abort                                    
0     00000000  code_start                               
0     00008a07  cosf                                     
0     00008209  epwm4ISR                                 
0     00008f5d  exit                                     
1     0000a848  iAAmps                                   
1     0000a84a  iBAmps                                   
1     0000a84c  iCAmps                                   
0     0000b738  main                                     
0     0000901e  memcpy                                   
1     0000a844  openLoop_Vd                              
1     0000a846  openLoop_Vq                              
1     0000a840  openLoop_enable                          
1     0000a842  openLoop_freqHz                          
0     0000893d  sinf                                     
0     000082b8  spiaRxISR                                
1     0000a850  theta_rad                                
0     000082f3  timer0ISR                                
1     0000a852  timer0IsrCount                           
1     0000a84e  vdcVolts                                 


GLOBAL SYMBOLS: SORTED BY Symbol Address 

page  address   name                                     
----  -------   ----                                     
0     00000000  code_start                               
0     00000123  SysCtl_delay                             
0     00000134  __TI_Handler_Table_Base                  
0     0000013a  __TI_Handler_Table_Limit                 
0     0000013e  __TI_CINIT_Base                          
0     00000146  __TI_CINIT_Limit                         
0     00000146  __TI_CINIT_Warm                          
0     00008000  SysCtl_setClock                          
0     00008209  epwm4ISR                                 
0     000082b8  spiaRxISR                                
0     000082f3  timer0ISR                                
0     00008329  CAN_setupMessageObject                   
0     0000843f  SVPWM_calc                               
0     000084c3  Clarke                                   
0     000084df  ClarkeInv                                
0     0000850e  Park                                     
0     00008547  ParkInv                                  
0     0000859c  Current_getRawA                          
0     000085a2  Current_getRawC                          
0     000085a8  Current_runCalibration                   
0     000085dd  Current_getPhaseA                        
0     000085f5  Current_getPhaseB                        
0     00008601  Current_getPhaseC                        
0     00008619  SysCtl_selectXTAL                        
0     000086a9  __c28xabi_divf                           
0     00008731  CAN_sendMessage                          
0     000087a3  AngleRamp_init                           
0     000087bc  AngleRamp_update                         
0     000087e8  AngleRamp_setFreq                        
0     000087f9  AngleRamp_reset                          
0     00008800  ADC_setINLTrim                           
0     0000886f  SysCtl_getDeviceParametric               
0     000088d7  CAN_readMessage                          
0     0000893d  sinf                                     
0     000089a3  CAN_setBitTiming                         
0     00008a07  cosf                                     
0     00008a6a  CAN_setBitRate                           
0     00008acb  ADC_setOffsetTrim                        
0     00008b2b  SPI_setConfig                            
0     00008b87  GPIO_setPadConfig                        
0     00008bd9  SysCtl_getClock                          
0     00008c2a  SysCtl_selectOscSource                   
0     00008c72  SCI_setConfig                            
0     00008cb0  Interrupt_initModule                     
0     00008d46  Voltage_getRawDCBus                      
0     00008d4c  Voltage_getDCBus                         
0     00008d61  GPIO_setControllerCore                   
0     00008d98  GPIO_setPinConfig                        
0     00008dcf  GPIO_setQualificationMode                
0     00008e06  Interrupt_enable                         
0     00008e3d  SPI_clearInterruptStatus                 
0     00008e73  GPIO_setDirectionMode                    
0     00008ea4  ADC_setMode                              
0     00008ed3  SPI_enableInterrupt                      
0     00008f02  __TI_decompress_lzss                     
0     00008f30  __TI_auto_init_nobinit_nopinit           
0     00008f5b  C$$EXIT                                  
0     00008f5b  abort                                    
0     00008f5d  exit                                     
0     00008fed  CPUTimer_setEmulationMode                
0     00009000  Interrupt_initVectorTable                
0     0000901e  memcpy                                   
0     0000903b  CAN_initModule                           
0     000090dc  SysCtl_getLowSpeedClock                  
0     00009153  _c_int00                                 
0     0000916a  EPWM_setEmulationMode                    
0     00009180  Interrupt_defaultHandler                 
0     00009229  __TI_zero_init_nomemset                  
0     00009236  _args_main                               
0     0000924d  __c28xabi_divu                           
0     00009252  __c28xabi_modu                           
0     00009258  Interrupt_illegalOperationHandler        
0     00009262  Interrupt_nmiHandler                     
0     00009275  _register_unlock                         
0     00009279  _register_lock                           
0     0000927d  _nop                                     
0     00009286  __TI_decompress_none                     
0     00009295  _system_pre_init                         
0     00009297  _system_post_cinit                       
0     0000b0ae  Device_init                              
0     0000b0ee  Device_enableAllPeripherals              
0     0000b1d9  Device_initGPIO                          
0     0000b1fa  Device_enableUnbondedGPIOPullupsFor176Pin
0     0000b20d  Device_enableUnbondedGPIOPullupsFor100Pin
0     0000b22a  Device_enableUnbondedGPIOPullups         
0     0000b240  Device_configureTMXAnalogTrim            
0     0000b271  Device_bootCPU2                          
0     0000b3eb  __error__                                
0     0000b3f2  Example_setResultPass                    
0     0000b3f7  Example_setResultFail                    
0     0000b3fc  Example_done                             
0     0000b738  main                                     
0     0000c747  BOOSTXL_initGPIO                         
0     0000c811  BOOSTXL_initPWM                          
0     0000c848  BOOSTXL_initADC                          
0     0000c8b4  BOOSTXL_initTimer0                       
0     0000c8d9  BOOSTXL_initBissSPI                      
0     0000c913  BOOSTXL_initCAN                          
0     0000c953  BOOSTXL_initSerial                       
0     0000c982  BOOSTXL_serialSendString                 
0     0000c992  BOOSTXL_initAll                          
0     0000c9a1  BOOSTXL_enableInverter                   
0     0000c9a9  BOOSTXL_disableInverter                  
0     0000c9b1  BOOSTXL_setDuty                          
0     0000c9d9  BOOSTXL_readPhaseACurrent                
0     0000c9df  BOOSTXL_readPhaseCCurrent                
0     0000c9e5  BOOSTXL_readDCBusVoltage                 
0     0000c9eb  BOOSTXL_bissSpiTransfer                  
0     0000c9fe  BOOSTXL_canSend                          
0     0000ca0c  BOOSTXL_canRead                          
1     00000400  __stack                                  
1     00000500  __TI_STACK_END                           
1     0000a830  Example_Result                           
1     0000a832  Example_PassCount                        
1     0000a834  Example_Fail                             
1     0000a836  __TI_enable_exit_profile_output          
1     0000a838  __TI_cleanup_ptr                         
1     0000a83a  __TI_dtors_ptr                           
1     0000a83c  _lock                                    
1     0000a83e  _unlock                                  
1     0000a840  openLoop_enable                          
1     0000a842  openLoop_freqHz                          
1     0000a844  openLoop_Vd                              
1     0000a846  openLoop_Vq                              
1     0000a848  iAAmps                                   
1     0000a84a  iBAmps                                   
1     0000a84c  iCAmps                                   
1     0000a84e  vdcVolts                                 
1     0000a850  theta_rad                                
1     0000a852  timer0IsrCount                           
abs   00000100  __TI_STACK_SIZE                          
abs   ffffffff  __TI_pprof_out_hndl                      
abs   ffffffff  __TI_prof_data_size                      
abs   ffffffff  __TI_prof_data_start                     
n/a   UNDEFED   __c_args__                               

[135 symbols]
