******************************************************************************
             TMS320C2000 Linker PC v22.6.3                     
******************************************************************************
>> Linked Sat Apr 11 23:23:19 2026

OUTPUT FILE NAME:   <Driverlib Empty CPU1 Example CCS Project.out>
ENTRY POINT SYMBOL: "code_start"  address: 00000000


MEMORY CONFIGURATION

         name            origin    length      used     unused   attr    fill
----------------------  --------  ---------  --------  --------  ----  --------
PAGE 0:
  BEGIN                 00000000   00000002  00000002  00000000  RWIX
  RAMM0                 00000123   000002dd  00000022  000002bb  RWIX
  RAMLS0                00008000   00000800  000007ff  00000001  RWIX
  RAMLS1                00008800   00000800  00000800  00000000  RWIX
  RAMLS2                00009000   00000800  000003b6  0000044a  RWIX
  RAMLS3                00009800   00000800  00000000  00000800  RWIX
  RAMLS4                0000a000   00000800  00000000  00000800  RWIX
  RAMD0                 0000b000   00000800  00000800  00000000  RWIX
  RAMGS0_PROG           0000c000   00001000  00000af2  0000050e  RWIX
  FLASHA                00080002   00001ffe  00000000  00001ffe  RWIX
  FLASHB                00082000   00002000  00000000  00002000  RWIX
  FLASHC                00084000   00002000  00000000  00002000  RWIX
  FLASHD                00086000   00002000  00000000  00002000  RWIX
  FLASHE                00088000   00008000  00000000  00008000  RWIX
  FLASHF                00090000   00008000  00000000  00008000  RWIX
  FLASHG                00098000   00008000  00000000  00008000  RWIX
  FLASHH                000a0000   00008000  00000000  00008000  RWIX
  FLASHI                000a8000   00008000  00000000  00008000  RWIX
  FLASHJ                000b0000   00008000  00000000  00008000  RWIX
  FLASHK                000b8000   00002000  00000000  00002000  RWIX
  FLASHL                000ba000   00002000  00000000  00002000  RWIX
  FLASHM                000bc000   00002000  00000000  00002000  RWIX
  FLASHN                000be000   00001ff0  00000000  00001ff0  RWIX
  RESET                 003fffc0   00000002  00000000  00000002  RWIX

PAGE 1:
  BOOT_RSVD             00000002   00000121  00000000  00000121  RWIX
  RAMM1                 00000400   000003f8  00000100  000002f8  RWIX
  RAMLS5                0000a800   00000800  000007f9  00000007  RWIX
  RAMD1                 0000b800   00000800  00000000  00000800  RWIX
  RAMGS1                0000d000   00001000  000000ed  00000f13  RWIX
  RAMGS2                0000e000   00001000  00000000  00001000  RWIX
  RAMGS3                0000f000   00001000  00000000  00001000  RWIX
  RAMGS4                00010000   00001000  00000000  00001000  RWIX
  RAMGS5                00011000   00001000  00000000  00001000  RWIX
  RAMGS6                00012000   00001000  00000000  00001000  RWIX
  RAMGS7                00013000   00001000  00000000  00001000  RWIX
  RAMGS8                00014000   00001000  00000000  00001000  RWIX
  RAMGS9                00015000   00001000  00000000  00001000  RWIX
  RAMGS10               00016000   00001000  00000000  00001000  RWIX
  RAMGS11               00017000   00001000  00000000  00001000  RWIX
  RAMGS12               00018000   00001000  00000000  00001000  RWIX
  RAMGS13               00019000   00001000  00000000  00001000  RWIX
  RAMGS14               0001a000   00001000  00000000  00001000  RWIX
  RAMGS15               0001b000   00000ff8  00000000  00000ff8  RWIX
  CPU2TOCPU1RAM         0003f800   00000400  00000000  00000400  RWIX
  CPU1TOCPU2RAM         0003fc00   00000400  00000000  00000400  RWIX
  CANA_MSG_RAM          00049000   00000800  00000000  00000800  RWIX
  CANB_MSG_RAM          0004b000   00000800  00000000  00000800  RWIX


SECTION ALLOCATION MAP

 output                                  attributes/
section   page    origin      length       input sections
--------  ----  ----------  ----------   ----------------
codestart 
*          0    00000000    00000002     
                  00000000    00000002     F2837xD_CodeStartBranch.obj (codestart)

.cinit     0    00000128    0000001e     
                  00000128    0000000b     (.cinit..data.load) [load image, compression = lzss]
                  00000133    00000001     --HOLE-- [fill = 0]
                  00000134    00000006     (__TI_handler_table)
                  0000013a    00000004     (.cinit..bss.load) [load image, compression = zero_init]
                  0000013e    00000008     (__TI_cinit_table)

.reset     0    003fffc0    00000000     DSECT

.stack     1    00000400    00000100     UNINITIALIZED
                  00000400    00000100     --HOLE--

.bss       1    0000a833    0000000a     UNINITIALIZED
                  0000a833    0000000a     open_loop_test.obj (.bss:rxBuf)

.init_array 
*          0    00000123    00000000     UNINITIALIZED

.data      1    0000a800    00000033     UNINITIALIZED
                  0000a800    00000022     open_loop_test.obj (.data)
                  0000a822    00000006     device.obj (.data)
                  0000a828    00000006     rts2800_fpu32_eabi.lib : exit.c.obj (.data)
                  0000a82e    00000002                            : _lock.c.obj (.data:_lock)
                  0000a830    00000002                            : _lock.c.obj (.data:_unlock)
                  0000a832    00000001     biss_api.obj (.data)

.TI.ramfunc 
*          0    00000123    00000004     
                  00000123    00000004     driverlib_eabi.lib : sysctl.obj (.TI.ramfunc)

GETBUFFER 
*          0    0003f800    00000000     DSECT

GETWRITEIDX 
*          0    0003f800    00000000     DSECT

PUTREADIDX 
*          0    0003f800    00000000     DSECT

.text.1    0    00008000    000007ff     
                  00008000    00000209     driverlib_eabi.lib : sysctl.obj (.text:SysCtl_setClock)
                  00008209    0000016a     open_loop_test.obj (.text:retain)
                  00008373    0000011c     current.obj (.text)
                  0000848f    000000db     driverlib_eabi.lib : can.obj (.text:CAN_setupMessageObject)
                  0000856a    000000bf     svpwm.obj (.text)
                  00008629    000000bb     transforms.obj (.text)
                  000086e4    00000090     driverlib_eabi.lib : sysctl.obj (.text:SysCtl_selectXTAL)
                  00008774    00000088     rts2800_fpu32_eabi.lib : fs_div28.asm.obj (.text)
                  000087fc    00000002                            : pre_init.c.obj (.text)
                  000087fe    00000001                            : startup.c.obj (.text)

.text.2    0    00008800    00000800     
                  00008800    00000072     driverlib_eabi.lib : can.obj (.text:CAN_sendMessage)
                  00008872    0000006f                        : adc.obj (.text:ADC_setINLTrim)
                  000088e1    00000068                        : sysctl.obj (.text:SysCtl_getDeviceParametric)
                  00008949    00000066                        : can.obj (.text:CAN_readMessage)
                  000089af    00000066     rts2800_fpu32_eabi.lib : s_sinf.c.obj (.text)
                  00008a15    00000064     driverlib_eabi.lib : can.obj (.text:CAN_setBitTiming)
                  00008a79    00000063     rts2800_fpu32_eabi.lib : s_cosf.c.obj (.text)
                  00008adc    00000061     driverlib_eabi.lib : can.obj (.text:CAN_setBitRate)
                  00008b3d    00000060                        : adc.obj (.text:ADC_setOffsetTrim)
                  00008b9d    0000005d     angle_ramp.obj (.text)
                  00008bfa    0000005c     driverlib_eabi.lib : spi.obj (.text:SPI_setConfig)
                  00008c56    00000052                        : gpio.obj (.text:GPIO_setPadConfig)
                  00008ca8    00000051                        : sysctl.obj (.text:SysCtl_getClock)
                  00008cf9    00000048                        : sysctl.obj (.text:SysCtl_selectOscSource)
                  00008d41    0000003e                        : sci.obj (.text:SCI_setConfig)
                  00008d7f    0000003d                        : interrupt.obj (.text:Interrupt_initModule)
                  00008dbc    0000003b                        : epwm.obj (.text:EPWM_isBaseValid)
                  00008df7    00000039     voltage.obj (.text)
                  00008e30    00000037     driverlib_eabi.lib : gpio.obj (.text:GPIO_setControllerCore)
                  00008e67    00000037                        : gpio.obj (.text:GPIO_setPinConfig)
                  00008e9e    00000037                        : gpio.obj (.text:GPIO_setQualificationMode)
                  00008ed5    00000037                        : interrupt.obj (.text:Interrupt_enable)
                  00008f0c    00000036                        : spi.obj (.text:SPI_clearInterruptStatus)
                  00008f42    00000036     biss_api.obj (.text)
                  00008f78    00000031     driverlib_eabi.lib : gpio.obj (.text:GPIO_setDirectionMode)
                  00008fa9    0000002f                        : adc.obj (.text:ADC_setMode)
                  00008fd8    00000028                        : sysctl.obj (.text:CPUTimer_selectClockSource)

.text.3    0    00009000    000003b6     
                  00009000    0000002f     driverlib_eabi.lib : spi.obj (.text:SPI_enableInterrupt)
                  0000902f    0000002f                        : spi.obj (.text:SPI_getInterruptStatus)
                  0000905e    0000002e     rts2800_fpu32_eabi.lib : copy_decompress_lzss.c.obj (.text:decompress:lzss)
                  0000908c    0000002b                            : autoinit.c.obj (.text:__TI_auto_init_nobinit_nopinit)
                  000090b7    00000029                            : exit.c.obj (.text)
                  000090e0    00000022     driverlib_eabi.lib : can.obj (.text:CAN_writeDataReg)
                  00009102    0000001f                        : sysctl.obj (.text:CPUTimer_getTimerOverflowStatus)
                  00009121    0000001e                        : interrupt.obj (.text:Interrupt_initVectorTable)
                  0000913f    0000001c                        : can.obj (.text:CAN_initModule)
                  0000915b    0000001b                        : adc.obj (.text:ADC_isBaseValid)
                  00009176    0000001b                        : can.obj (.text:CAN_readDataReg)
                  00009191    0000001b                        : sci.obj (.text:SCI_isBaseValid)
                  000091ac    0000001a                        : can.obj (.text:CAN_initRAM)
                  000091c6    0000001a                        : sysctl.obj (.text:CPUTimer_startTimer)
                  000091e0    0000001a                        : sysctl.obj (.text:SysCtl_getLowSpeedClock)
                  000091fa    00000018                        : sci.obj (.text:SCI_disableModule)
                  00009212    00000017                        : cputimer.obj (.text:CPUTimer_isBaseValid)
                  00009229    00000017                        : sysctl.obj (.text:CPUTimer_isBaseValid)
                  00009240    00000017                        : spi.obj (.text:SPI_isBaseValid)
                  00009257    00000017     rts2800_fpu32_eabi.lib : boot28.asm.obj (.text)
                  0000926e    00000016     driverlib_eabi.lib : epwm.obj (.text:EPWM_setEmulationMode)
                  00009284    00000016                        : interrupt.obj (.text:Interrupt_defaultHandler)
                  0000929a    00000015                        : can.obj (.text:CAN_isBaseValid)
                  000092af    00000014                        : sysctl.obj (.text:CPUTimer_stopTimer)
                  000092c3    00000013                        : cputimer.obj (.text:CPUTimer_setEmulationMode)
                  000092d6    00000013                        : sci.obj (.text:SCI_enableModule)
                  000092e9    00000012                        : sysctl.obj (.text:CPUTimer_clearOverflowFlag)
                  000092fb    00000012                        : sysctl.obj (.text:CPUTimer_disableInterrupt)
                  0000930d    00000011                        : sysctl.obj (.text:CPUTimer_setPeriod)
                  0000931e    0000000f                        : sysctl.obj (.text:SysCtl_pollCpuTimer)
                  0000932d    0000000e                        : gpio.obj (.text:GPIO_isPinValid)
                  0000933b    0000000d                        : interrupt.obj (.text:Interrupt_disableGlobal)
                  00009348    0000000d                        : interrupt.obj (.text:Interrupt_enableGlobal)
                  00009355    0000000d     rts2800_fpu32_eabi.lib : copy_zero_init.c.obj (.text:decompress:ZI:__TI_zero_init_nomemset)
                  00009362    0000000c                            : args_main.c.obj (.text)
                  0000936e    0000000b     driverlib_eabi.lib : sysctl.obj (.text:SysCtl_isMCDClockFailureDetected)
                  00009379    0000000a                        : interrupt.obj (.text:Interrupt_illegalOperationHandler)
                  00009383    0000000a                        : interrupt.obj (.text:Interrupt_nmiHandler)
                  0000938d    00000009                        : sysctl.obj (.text:SysCtl_serviceWatchdog)
                  00009396    00000009     rts2800_fpu32_eabi.lib : _lock.c.obj (.text)
                  0000939f    00000008     F2837xD_CodeStartBranch.obj (.text)
                  000093a7    00000008     rts2800_fpu32_eabi.lib : copy_decompress_none.c.obj (.text:decompress:none)
                  000093af    00000007     driverlib_eabi.lib : sysctl.obj (.text:SysCtl_resetMCD)

.text.4    0    0000b000    00000800     
                  0000b000    000003fd     device.obj (.text)
                  0000b3fd    000003e6     open_loop_test.obj (.text)
                  0000b7e3    0000001d     rts2800_fpu32_eabi.lib : memcpy.c.obj (.text)

.text.5    0    0000c000    00000af2     
                  0000c000    00000af2     hal_boostxl.obj (.text)

.const.1   1    0000a83e    000007bc     
                  0000a83e    000001b5     hal_boostxl.obj (.const:.string)
                  0000a9f3    00000001     --HOLE-- [fill = 0]
                  0000a9f4    00000135     open_loop_test.obj (.const:.string)
                  0000ab29    00000001     --HOLE-- [fill = 0]
                  0000ab2a    000000c2     driverlib_eabi.lib : sysctl.obj (.const:.string)
                  0000abec    000000bc                        : epwm.obj (.const:.string)
                  0000aca8    000000bc                        : gpio.obj (.const:.string)
                  0000ad64    000000bb                        : can.obj (.const:.string)
                  0000ae1f    00000001     --HOLE-- [fill = 0]
                  0000ae20    000000bb                        : sci.obj (.const:.string)
                  0000aedb    00000001     --HOLE-- [fill = 0]
                  0000aedc    000000bb                        : spi.obj (.const:.string)
                  0000af97    00000001     --HOLE-- [fill = 0]
                  0000af98    00000062                        : cputimer.obj (.const:.string)

.const.2   1    0000d000    000000ed     
                  0000d000    0000005d     driverlib_eabi.lib : adc.obj (.const:.string)
                  0000d05d    00000001     --HOLE-- [fill = 0]
                  0000d05e    0000003d     current.obj (.const:.string)
                  0000d09b    00000001     --HOLE-- [fill = 0]
                  0000d09c    0000003d     voltage.obj (.const:.string)
                  0000d0d9    00000001     --HOLE-- [fill = 0]
                  0000d0da    00000013     device.obj (.const:.string)

MODULE SUMMARY

       Module                        code   ro data   rw data
       ------                        ----   -------   -------
    .\
       open_loop_test.obj            1360   309       44     
    +--+-----------------------------+------+---------+---------+
       Total:                        1360   309       44     
                                                             
    .\comms\
       biss_api.obj                  54     0         1      
    +--+-----------------------------+------+---------+---------+
       Total:                        54     0         1      
                                                             
    .\control\
       svpwm.obj                     191    0         0      
       transforms.obj                187    0         0      
       angle_ramp.obj                93     0         0      
    +--+-----------------------------+------+---------+---------+
       Total:                        471    0         0      
                                                             
    .\device\
       device.obj                    1021   19        6      
       F2837xD_CodeStartBranch.obj   10     0         0      
    +--+-----------------------------+------+---------+---------+
       Total:                        1031   19        6      
                                                             
    .\hal\
       hal_boostxl.obj               2802   437       0      
    +--+-----------------------------+------+---------+---------+
       Total:                        2802   437       0      
                                                             
    .\sensors\
       current.obj                   284    61        0      
       voltage.obj                   57     61        0      
    +--+-----------------------------+------+---------+---------+
       Total:                        341    122       0      
                                                             
    C:\ti\C2000Ware_6_00_01_00\driverlib\f2837xd\driverlib\ccs\Debug\driverlib_eabi.lib
       sysctl.obj                    1187   194       0      
       can.obj                       768    187       0      
       gpio.obj                      310    188       0      
       spi.obj                       263    187       0      
       adc.obj                       281    93        0      
       sci.obj                       132    187       0      
       epwm.obj                      81     188       0      
       interrupt.obj                 214    0         0      
       cputimer.obj                  42     98        0      
    +--+-----------------------------+------+---------+---------+
       Total:                        3278   1322      0      
                                                             
    C:\ti\ccs2041\ccs\tools\compiler\ti-cgt-c2000_22.6.3.LTS\lib\rts2800_fpu32_eabi.lib
       fs_div28.asm.obj              136    0         0      
       s_sinf.c.obj                  102    0         0      
       s_cosf.c.obj                  99     0         0      
       exit.c.obj                    41     0         6      
       copy_decompress_lzss.c.obj    46     0         0      
       autoinit.c.obj                43     0         0      
       memcpy.c.obj                  29     0         0      
       boot28.asm.obj                23     0         0      
       _lock.c.obj                   9      0         4      
       copy_zero_init.c.obj          13     0         0      
       args_main.c.obj               12     0         0      
       copy_decompress_none.c.obj    8      0         0      
       pre_init.c.obj                2      0         0      
       startup.c.obj                 1      0         0      
    +--+-----------------------------+------+---------+---------+
       Total:                        564    0         10     
                                                             
       Stack:                        0      0         256    
       Linker Generated:             0      29        0      
    +--+-----------------------------+------+---------+---------+
       Grand Total:                  9901   2238      317    


LINKER GENERATED COPY TABLES

__TI_cinit_table @ 0000013e records: 2, size/record: 4, table size: 8
	.data: load addr=00000128, load size=0000000b bytes, run addr=0000a800, run size=00000033 bytes, compression=lzss
	.bss: load addr=0000013a, load size=00000004 bytes, run addr=0000a833, run size=0000000a bytes, compression=zero_init


LINKER GENERATED HANDLER TABLE

__TI_handler_table @ 00000134 records: 3, size/record: 2, table size: 6
	index: 0, handler: __TI_zero_init
	index: 1, handler: __TI_decompress_lzss
	index: 2, handler: __TI_decompress_none


GLOBAL DATA SYMBOLS: SORTED BY DATA PAGE

address     data page           name
--------    ----------------    ----
00000400      10 (00000400)     __stack

0000a800     2a0 (0000a800)     openLoop_enable
0000a801     2a0 (0000a800)     biss_angle_raw
0000a802     2a0 (0000a800)     biss_error
0000a803     2a0 (0000a800)     biss_spi_status
0000a806     2a0 (0000a800)     openLoop_freqHz
0000a808     2a0 (0000a800)     openLoop_Vd
0000a80a     2a0 (0000a800)     openLoop_Vq
0000a80c     2a0 (0000a800)     iAAmps
0000a80e     2a0 (0000a800)     iBAmps
0000a810     2a0 (0000a800)     iCAmps
0000a812     2a0 (0000a800)     vdcVolts
0000a814     2a0 (0000a800)     theta_rad
0000a816     2a0 (0000a800)     timer0IsrCount
0000a822     2a0 (0000a800)     Example_Result
0000a824     2a0 (0000a800)     Example_PassCount
0000a826     2a0 (0000a800)     Example_Fail
0000a828     2a0 (0000a800)     __TI_enable_exit_profile_output
0000a82a     2a0 (0000a800)     __TI_cleanup_ptr
0000a82c     2a0 (0000a800)     __TI_dtors_ptr
0000a82e     2a0 (0000a800)     _lock
0000a830     2a0 (0000a800)     _unlock


GLOBAL SYMBOLS: SORTED ALPHABETICALLY BY Name 

page  address   name                                     
----  -------   ----                                     
0     00008872  ADC_setINLTrim                           
0     00008fa9  ADC_setMode                              
0     00008b3d  ADC_setOffsetTrim                        
0     00008b9d  AngleRamp_init                           
0     00008bf3  AngleRamp_reset                          
0     00008be2  AngleRamp_setFreq                        
0     00008bb6  AngleRamp_update                         
0     0000cae6  BOOSTXL_canRead                          
0     0000cad8  BOOSTXL_canSend                          
0     0000ca96  BOOSTXL_disableInverter                  
0     0000ca8e  BOOSTXL_enableInverter                   
0     0000c909  BOOSTXL_initADC                          
0     0000ca7f  BOOSTXL_initAll                          
0     0000c9b0  BOOSTXL_initBissSPI                      
0     0000c9f4  BOOSTXL_initCAN                          
0     0000c7e9  BOOSTXL_initGPIO                         
0     0000c8c5  BOOSTXL_initPWM                          
0     0000ca34  BOOSTXL_initSerial                       
0     0000c98b  BOOSTXL_initTimer0                       
0     0000cad2  BOOSTXL_readDCBusVoltage                 
0     0000cac6  BOOSTXL_readPhaseBCurrent                
0     0000cacc  BOOSTXL_readPhaseCCurrent                
0     0000ca6f  BOOSTXL_serialSendString                 
0     0000ca9e  BOOSTXL_setDuty                          
0     000090b7  C$$EXIT                                  
0     0000913f  CAN_initModule                           
0     00008949  CAN_readMessage                          
0     00008800  CAN_sendMessage                          
0     00008adc  CAN_setBitRate                           
0     00008a15  CAN_setBitTiming                         
0     0000848f  CAN_setupMessageObject                   
0     000092c3  CPUTimer_setEmulationMode                
0     00008629  Clarke                                   
0     00008645  ClarkeInv                                
0     00008453  Current_getPhaseA                        
0     0000845f  Current_getPhaseB                        
0     00008477  Current_getPhaseC                        
0     000083f4  Current_getRawB                          
0     000083fa  Current_getRawC                          
0     00008400  Current_runCalibration                   
0     0000b271  Device_bootCPU2                          
0     0000b240  Device_configureTMXAnalogTrim            
0     0000b0ee  Device_enableAllPeripherals              
0     0000b22a  Device_enableUnbondedGPIOPullups         
0     0000b20d  Device_enableUnbondedGPIOPullupsFor100Pin
0     0000b1fa  Device_enableUnbondedGPIOPullupsFor176Pin
0     0000b0ae  Device_init                              
0     0000b1d9  Device_initGPIO                          
0     0000926e  EPWM_setEmulationMode                    
1     0000a826  Example_Fail                             
1     0000a824  Example_PassCount                        
1     0000a822  Example_Result                           
0     0000b3fc  Example_done                             
0     0000b3f7  Example_setResultFail                    
0     0000b3f2  Example_setResultPass                    
0     00008e30  GPIO_setControllerCore                   
0     00008f78  GPIO_setDirectionMode                    
0     00008c56  GPIO_setPadConfig                        
0     00008e67  GPIO_setPinConfig                        
0     00008e9e  GPIO_setQualificationMode                
0     00009284  Interrupt_defaultHandler                 
0     00008ed5  Interrupt_enable                         
0     00009379  Interrupt_illegalOperationHandler        
0     00008d7f  Interrupt_initModule                     
0     00009121  Interrupt_initVectorTable                
0     00009383  Interrupt_nmiHandler                     
0     00008674  Park                                     
0     000086ad  ParkInv                                  
0     00008d41  SCI_setConfig                            
0     00008f0c  SPI_clearInterruptStatus                 
0     00009000  SPI_enableInterrupt                      
0     0000902f  SPI_getInterruptStatus                   
0     00008bfa  SPI_setConfig                            
0     000085a5  SVPWM_calc                               
0     00000123  SysCtl_delay                             
0     00008ca8  SysCtl_getClock                          
0     000088e1  SysCtl_getDeviceParametric               
0     000091e0  SysCtl_getLowSpeedClock                  
0     00008cf9  SysCtl_selectOscSource                   
0     000086e4  SysCtl_selectXTAL                        
0     00008000  SysCtl_setClock                          
0     00008e1b  Voltage_getDCBus                         
0     00008e15  Voltage_getRawDCBus                      
0     0000013e  __TI_CINIT_Base                          
0     00000146  __TI_CINIT_Limit                         
0     00000146  __TI_CINIT_Warm                          
0     00000134  __TI_Handler_Table_Base                  
0     0000013a  __TI_Handler_Table_Limit                 
1     00000500  __TI_STACK_END                           
abs   00000100  __TI_STACK_SIZE                          
0     0000908c  __TI_auto_init_nobinit_nopinit           
1     0000a82a  __TI_cleanup_ptr                         
0     0000905e  __TI_decompress_lzss                     
0     000093a7  __TI_decompress_none                     
1     0000a82c  __TI_dtors_ptr                           
1     0000a828  __TI_enable_exit_profile_output          
abs   ffffffff  __TI_pprof_out_hndl                      
abs   ffffffff  __TI_prof_data_size                      
abs   ffffffff  __TI_prof_data_start                     
0     00009355  __TI_zero_init_nomemset                  
0     00008774  __c28xabi_divf                           
n/a   UNDEFED   __c_args__                               
0     0000b3eb  __error__                                
1     00000400  __stack                                  
0     00009362  _args_main                               
0     00009257  _c_int00                                 
1     0000a82e  _lock                                    
0     0000939e  _nop                                     
0     0000939a  _register_lock                           
0     00009396  _register_unlock                         
0     000087fe  _system_post_cinit                       
0     000087fc  _system_pre_init                         
1     0000a830  _unlock                                  
0     000090b7  abort                                    
1     0000a801  biss_angle_raw                           
1     0000a802  biss_error                               
1     0000a803  biss_spi_status                          
0     00000000  code_start                               
0     00008a79  cosf                                     
0     0000828e  currentControlISR                        
0     000090b9  exit                                     
1     0000a80c  iAAmps                                   
1     0000a80e  iBAmps                                   
1     0000a810  iCAmps                                   
0     0000b724  main                                     
0     0000b7e3  memcpy                                   
1     0000a808  openLoop_Vd                              
1     0000a80a  openLoop_Vq                              
1     0000a800  openLoop_enable                          
1     0000a806  openLoop_freqHz                          
0     00008f42  processBissSpiPacket                     
0     00008209  samplePositionNowISR                     
0     000089af  sinf                                     
0     00008242  spiaRxISR                                
1     0000a814  theta_rad                                
0     0000833d  timer0ISR                                
1     0000a816  timer0IsrCount                           
1     0000a812  vdcVolts                                 


GLOBAL SYMBOLS: SORTED BY Symbol Address 

page  address   name                                     
----  -------   ----                                     
0     00000000  code_start                               
0     00000123  SysCtl_delay                             
0     00000134  __TI_Handler_Table_Base                  
0     0000013a  __TI_Handler_Table_Limit                 
0     0000013e  __TI_CINIT_Base                          
0     00000146  __TI_CINIT_Limit                         
0     00000146  __TI_CINIT_Warm                          
0     00008000  SysCtl_setClock                          
0     00008209  samplePositionNowISR                     
0     00008242  spiaRxISR                                
0     0000828e  currentControlISR                        
0     0000833d  timer0ISR                                
0     000083f4  Current_getRawB                          
0     000083fa  Current_getRawC                          
0     00008400  Current_runCalibration                   
0     00008453  Current_getPhaseA                        
0     0000845f  Current_getPhaseB                        
0     00008477  Current_getPhaseC                        
0     0000848f  CAN_setupMessageObject                   
0     000085a5  SVPWM_calc                               
0     00008629  Clarke                                   
0     00008645  ClarkeInv                                
0     00008674  Park                                     
0     000086ad  ParkInv                                  
0     000086e4  SysCtl_selectXTAL                        
0     00008774  __c28xabi_divf                           
0     000087fc  _system_pre_init                         
0     000087fe  _system_post_cinit                       
0     00008800  CAN_sendMessage                          
0     00008872  ADC_setINLTrim                           
0     000088e1  SysCtl_getDeviceParametric               
0     00008949  CAN_readMessage                          
0     000089af  sinf                                     
0     00008a15  CAN_setBitTiming                         
0     00008a79  cosf                                     
0     00008adc  CAN_setBitRate                           
0     00008b3d  ADC_setOffsetTrim                        
0     00008b9d  AngleRamp_init                           
0     00008bb6  AngleRamp_update                         
0     00008be2  AngleRamp_setFreq                        
0     00008bf3  AngleRamp_reset                          
0     00008bfa  SPI_setConfig                            
0     00008c56  GPIO_setPadConfig                        
0     00008ca8  SysCtl_getClock                          
0     00008cf9  SysCtl_selectOscSource                   
0     00008d41  SCI_setConfig                            
0     00008d7f  Interrupt_initModule                     
0     00008e15  Voltage_getRawDCBus                      
0     00008e1b  Voltage_getDCBus                         
0     00008e30  GPIO_setControllerCore                   
0     00008e67  GPIO_setPinConfig                        
0     00008e9e  GPIO_setQualificationMode                
0     00008ed5  Interrupt_enable                         
0     00008f0c  SPI_clearInterruptStatus                 
0     00008f42  processBissSpiPacket                     
0     00008f78  GPIO_setDirectionMode                    
0     00008fa9  ADC_setMode                              
0     00009000  SPI_enableInterrupt                      
0     0000902f  SPI_getInterruptStatus                   
0     0000905e  __TI_decompress_lzss                     
0     0000908c  __TI_auto_init_nobinit_nopinit           
0     000090b7  C$$EXIT                                  
0     000090b7  abort                                    
0     000090b9  exit                                     
0     00009121  Interrupt_initVectorTable                
0     0000913f  CAN_initModule                           
0     000091e0  SysCtl_getLowSpeedClock                  
0     00009257  _c_int00                                 
0     0000926e  EPWM_setEmulationMode                    
0     00009284  Interrupt_defaultHandler                 
0     000092c3  CPUTimer_setEmulationMode                
0     00009355  __TI_zero_init_nomemset                  
0     00009362  _args_main                               
0     00009379  Interrupt_illegalOperationHandler        
0     00009383  Interrupt_nmiHandler                     
0     00009396  _register_unlock                         
0     0000939a  _register_lock                           
0     0000939e  _nop                                     
0     000093a7  __TI_decompress_none                     
0     0000b0ae  Device_init                              
0     0000b0ee  Device_enableAllPeripherals              
0     0000b1d9  Device_initGPIO                          
0     0000b1fa  Device_enableUnbondedGPIOPullupsFor176Pin
0     0000b20d  Device_enableUnbondedGPIOPullupsFor100Pin
0     0000b22a  Device_enableUnbondedGPIOPullups         
0     0000b240  Device_configureTMXAnalogTrim            
0     0000b271  Device_bootCPU2                          
0     0000b3eb  __error__                                
0     0000b3f2  Example_setResultPass                    
0     0000b3f7  Example_setResultFail                    
0     0000b3fc  Example_done                             
0     0000b724  main                                     
0     0000b7e3  memcpy                                   
0     0000c7e9  BOOSTXL_initGPIO                         
0     0000c8c5  BOOSTXL_initPWM                          
0     0000c909  BOOSTXL_initADC                          
0     0000c98b  BOOSTXL_initTimer0                       
0     0000c9b0  BOOSTXL_initBissSPI                      
0     0000c9f4  BOOSTXL_initCAN                          
0     0000ca34  BOOSTXL_initSerial                       
0     0000ca6f  BOOSTXL_serialSendString                 
0     0000ca7f  BOOSTXL_initAll                          
0     0000ca8e  BOOSTXL_enableInverter                   
0     0000ca96  BOOSTXL_disableInverter                  
0     0000ca9e  BOOSTXL_setDuty                          
0     0000cac6  BOOSTXL_readPhaseBCurrent                
0     0000cacc  BOOSTXL_readPhaseCCurrent                
0     0000cad2  BOOSTXL_readDCBusVoltage                 
0     0000cad8  BOOSTXL_canSend                          
0     0000cae6  BOOSTXL_canRead                          
1     00000400  __stack                                  
1     00000500  __TI_STACK_END                           
1     0000a800  openLoop_enable                          
1     0000a801  biss_angle_raw                           
1     0000a802  biss_error                               
1     0000a803  biss_spi_status                          
1     0000a806  openLoop_freqHz                          
1     0000a808  openLoop_Vd                              
1     0000a80a  openLoop_Vq                              
1     0000a80c  iAAmps                                   
1     0000a80e  iBAmps                                   
1     0000a810  iCAmps                                   
1     0000a812  vdcVolts                                 
1     0000a814  theta_rad                                
1     0000a816  timer0IsrCount                           
1     0000a822  Example_Result                           
1     0000a824  Example_PassCount                        
1     0000a826  Example_Fail                             
1     0000a828  __TI_enable_exit_profile_output          
1     0000a82a  __TI_cleanup_ptr                         
1     0000a82c  __TI_dtors_ptr                           
1     0000a82e  _lock                                    
1     0000a830  _unlock                                  
abs   00000100  __TI_STACK_SIZE                          
abs   ffffffff  __TI_pprof_out_hndl                      
abs   ffffffff  __TI_prof_data_size                      
abs   ffffffff  __TI_prof_data_start                     
n/a   UNDEFED   __c_args__                               

[138 symbols]
