<?xml version="1.0" encoding="ISO-8859-1" ?>
<link_info>
   <banner>TMS320C2000 Linker PC v22.6.3.LTS</banner>
   <copyright>Copyright (c) 1996-2018 Texas Instruments Incorporated</copyright>
   <link_time>0x69bcddb6</link_time>
   <link_errors>0x0</link_errors>
   <output_file>Driverlib Empty CPU1 Example CCS Project.out</output_file>
   <entry_point>
      <name>code_start</name>
      <address>0x0</address>
   </entry_point>
   <input_file_list>
      <input_file id="fl-2">
         <path>.\</path>
         <kind>object</kind>
         <file>boostxl_periph.obj</file>
         <name>boostxl_periph.obj</name>
      </input_file>
      <input_file id="fl-3">
         <path>.\syscfg\</path>
         <kind>object</kind>
         <file>board.obj</file>
         <name>board.obj</name>
      </input_file>
      <input_file id="fl-4">
         <path>.\syscfg\</path>
         <kind>object</kind>
         <file>c2000ware_libraries.obj</file>
         <name>c2000ware_libraries.obj</name>
      </input_file>
      <input_file id="fl-5">
         <path>.\</path>
         <kind>object</kind>
         <file>open_loop_test.obj</file>
         <name>open_loop_test.obj</name>
      </input_file>
      <input_file id="fl-6">
         <path>.\</path>
         <kind>object</kind>
         <file>peripheral_test.obj</file>
         <name>peripheral_test.obj</name>
      </input_file>
      <input_file id="fl-7">
         <path>.\comms\</path>
         <kind>object</kind>
         <file>biss_api.obj</file>
         <name>biss_api.obj</name>
      </input_file>
      <input_file id="fl-8">
         <path>.\comms\</path>
         <kind>object</kind>
         <file>data_ingester.obj</file>
         <name>data_ingester.obj</name>
      </input_file>
      <input_file id="fl-9">
         <path>.\control\</path>
         <kind>object</kind>
         <file>angle_ramp.obj</file>
         <name>angle_ramp.obj</name>
      </input_file>
      <input_file id="fl-a">
         <path>.\control\</path>
         <kind>object</kind>
         <file>pi.obj</file>
         <name>pi.obj</name>
      </input_file>
      <input_file id="fl-b">
         <path>.\control\</path>
         <kind>object</kind>
         <file>svpwm.obj</file>
         <name>svpwm.obj</name>
      </input_file>
      <input_file id="fl-c">
         <path>.\control\</path>
         <kind>object</kind>
         <file>transforms.obj</file>
         <name>transforms.obj</name>
      </input_file>
      <input_file id="fl-d">
         <path>.\device\</path>
         <kind>object</kind>
         <file>F2837xD_CodeStartBranch.obj</file>
         <name>F2837xD_CodeStartBranch.obj</name>
      </input_file>
      <input_file id="fl-e">
         <path>.\device\</path>
         <kind>object</kind>
         <file>device.obj</file>
         <name>device.obj</name>
      </input_file>
      <input_file id="fl-f">
         <path>.\sensors\</path>
         <kind>object</kind>
         <file>current.obj</file>
         <name>current.obj</name>
      </input_file>
      <input_file id="fl-10">
         <path>.\sensors\</path>
         <kind>object</kind>
         <file>voltage.obj</file>
         <name>voltage.obj</name>
      </input_file>
      <input_file id="fl-15">
         <kind>object</kind>
         <file>&lt;internal&gt;</file>
         <name>&lt;internal&gt;</name>
      </input_file>
      <input_file id="fl-19">
         <path>C:\ti\C2000Ware_6_00_01_00\driverlib\f2837xd\driverlib\ccs\Debug\</path>
         <kind>archive</kind>
         <file>driverlib_eabi.lib</file>
         <name>adc.obj</name>
      </input_file>
      <input_file id="fl-1a">
         <path>C:\ti\C2000Ware_6_00_01_00\driverlib\f2837xd\driverlib\ccs\Debug\</path>
         <kind>archive</kind>
         <file>driverlib_eabi.lib</file>
         <name>can.obj</name>
      </input_file>
      <input_file id="fl-1b">
         <path>C:\ti\C2000Ware_6_00_01_00\driverlib\f2837xd\driverlib\ccs\Debug\</path>
         <kind>archive</kind>
         <file>driverlib_eabi.lib</file>
         <name>cputimer.obj</name>
      </input_file>
      <input_file id="fl-1c">
         <path>C:\ti\C2000Ware_6_00_01_00\driverlib\f2837xd\driverlib\ccs\Debug\</path>
         <kind>archive</kind>
         <file>driverlib_eabi.lib</file>
         <name>epwm.obj</name>
      </input_file>
      <input_file id="fl-1d">
         <path>C:\ti\C2000Ware_6_00_01_00\driverlib\f2837xd\driverlib\ccs\Debug\</path>
         <kind>archive</kind>
         <file>driverlib_eabi.lib</file>
         <name>gpio.obj</name>
      </input_file>
      <input_file id="fl-1e">
         <path>C:\ti\C2000Ware_6_00_01_00\driverlib\f2837xd\driverlib\ccs\Debug\</path>
         <kind>archive</kind>
         <file>driverlib_eabi.lib</file>
         <name>interrupt.obj</name>
      </input_file>
      <input_file id="fl-1f">
         <path>C:\ti\C2000Ware_6_00_01_00\driverlib\f2837xd\driverlib\ccs\Debug\</path>
         <kind>archive</kind>
         <file>driverlib_eabi.lib</file>
         <name>sci.obj</name>
      </input_file>
      <input_file id="fl-20">
         <path>C:\ti\C2000Ware_6_00_01_00\driverlib\f2837xd\driverlib\ccs\Debug\</path>
         <kind>archive</kind>
         <file>driverlib_eabi.lib</file>
         <name>spi.obj</name>
      </input_file>
      <input_file id="fl-21">
         <path>C:\ti\C2000Ware_6_00_01_00\driverlib\f2837xd\driverlib\ccs\Debug\</path>
         <kind>archive</kind>
         <file>driverlib_eabi.lib</file>
         <name>sysctl.obj</name>
      </input_file>
      <input_file id="fl-2d">
         <path>C:\ti\ccs2041\ccs\tools\compiler\ti-cgt-c2000_22.6.3.LTS\lib\</path>
         <kind>archive</kind>
         <file>rts2800_fpu32_eabi.lib</file>
         <name>s_cosf.c.obj</name>
      </input_file>
      <input_file id="fl-2e">
         <path>C:\ti\ccs2041\ccs\tools\compiler\ti-cgt-c2000_22.6.3.LTS\lib\</path>
         <kind>archive</kind>
         <file>rts2800_fpu32_eabi.lib</file>
         <name>s_sinf.c.obj</name>
      </input_file>
      <input_file id="fl-2f">
         <path>C:\ti\ccs2041\ccs\tools\compiler\ti-cgt-c2000_22.6.3.LTS\lib\</path>
         <kind>archive</kind>
         <file>rts2800_fpu32_eabi.lib</file>
         <name>boot28.asm.obj</name>
      </input_file>
      <input_file id="fl-30">
         <path>C:\ti\ccs2041\ccs\tools\compiler\ti-cgt-c2000_22.6.3.LTS\lib\</path>
         <kind>archive</kind>
         <file>rts2800_fpu32_eabi.lib</file>
         <name>fs_div28.asm.obj</name>
      </input_file>
      <input_file id="fl-31">
         <path>C:\ti\ccs2041\ccs\tools\compiler\ti-cgt-c2000_22.6.3.LTS\lib\</path>
         <kind>archive</kind>
         <file>rts2800_fpu32_eabi.lib</file>
         <name>ll_cmp28.asm.obj</name>
      </input_file>
      <input_file id="fl-32">
         <path>C:\ti\ccs2041\ccs\tools\compiler\ti-cgt-c2000_22.6.3.LTS\lib\</path>
         <kind>archive</kind>
         <file>rts2800_fpu32_eabi.lib</file>
         <name>u_div28.asm.obj</name>
      </input_file>
      <input_file id="fl-33">
         <path>C:\ti\ccs2041\ccs\tools\compiler\ti-cgt-c2000_22.6.3.LTS\lib\</path>
         <kind>archive</kind>
         <file>rts2800_fpu32_eabi.lib</file>
         <name>pre_init.c.obj</name>
      </input_file>
      <input_file id="fl-34">
         <path>C:\ti\ccs2041\ccs\tools\compiler\ti-cgt-c2000_22.6.3.LTS\lib\</path>
         <kind>archive</kind>
         <file>rts2800_fpu32_eabi.lib</file>
         <name>autoinit.c.obj</name>
      </input_file>
      <input_file id="fl-35">
         <path>C:\ti\ccs2041\ccs\tools\compiler\ti-cgt-c2000_22.6.3.LTS\lib\</path>
         <kind>archive</kind>
         <file>rts2800_fpu32_eabi.lib</file>
         <name>copy_zero_init.c.obj</name>
      </input_file>
      <input_file id="fl-36">
         <path>C:\ti\ccs2041\ccs\tools\compiler\ti-cgt-c2000_22.6.3.LTS\lib\</path>
         <kind>archive</kind>
         <file>rts2800_fpu32_eabi.lib</file>
         <name>copy_decompress_none.c.obj</name>
      </input_file>
      <input_file id="fl-37">
         <path>C:\ti\ccs2041\ccs\tools\compiler\ti-cgt-c2000_22.6.3.LTS\lib\</path>
         <kind>archive</kind>
         <file>rts2800_fpu32_eabi.lib</file>
         <name>copy_decompress_lzss.c.obj</name>
      </input_file>
      <input_file id="fl-38">
         <path>C:\ti\ccs2041\ccs\tools\compiler\ti-cgt-c2000_22.6.3.LTS\lib\</path>
         <kind>archive</kind>
         <file>rts2800_fpu32_eabi.lib</file>
         <name>exit.c.obj</name>
      </input_file>
      <input_file id="fl-39">
         <path>C:\ti\ccs2041\ccs\tools\compiler\ti-cgt-c2000_22.6.3.LTS\lib\</path>
         <kind>archive</kind>
         <file>rts2800_fpu32_eabi.lib</file>
         <name>_lock.c.obj</name>
      </input_file>
      <input_file id="fl-3a">
         <path>C:\ti\ccs2041\ccs\tools\compiler\ti-cgt-c2000_22.6.3.LTS\lib\</path>
         <kind>archive</kind>
         <file>rts2800_fpu32_eabi.lib</file>
         <name>args_main.c.obj</name>
      </input_file>
      <input_file id="fl-3b">
         <path>C:\ti\ccs2041\ccs\tools\compiler\ti-cgt-c2000_22.6.3.LTS\lib\</path>
         <kind>archive</kind>
         <file>rts2800_fpu32_eabi.lib</file>
         <name>memset.c.obj</name>
      </input_file>
      <input_file id="fl-3c">
         <path>C:\ti\ccs2041\ccs\tools\compiler\ti-cgt-c2000_22.6.3.LTS\lib\</path>
         <kind>archive</kind>
         <file>rts2800_fpu32_eabi.lib</file>
         <name>cpy_tbl.c.obj</name>
      </input_file>
      <input_file id="fl-3d">
         <path>C:\ti\ccs2041\ccs\tools\compiler\ti-cgt-c2000_22.6.3.LTS\lib\</path>
         <kind>archive</kind>
         <file>rts2800_fpu32_eabi.lib</file>
         <name>memcpy.c.obj</name>
      </input_file>
      <input_file id="fl-3e">
         <path>C:\ti\ccs2041\ccs\tools\compiler\ti-cgt-c2000_22.6.3.LTS\lib\</path>
         <kind>archive</kind>
         <file>rts2800_fpu32_eabi.lib</file>
         <name>startup.c.obj</name>
      </input_file>
   </input_file_list>
   <object_component_list>
      <object_component id="oc-2d">
         <name>codestart</name>
         <load_address>0x0</load_address>
         <run_address>0x0</run_address>
         <size>0x2</size>
         <input_file_ref idref="fl-d"/>
      </object_component>
      <object_component id="oc-16c">
         <name>.text:SysCtl_setClock</name>
         <load_address>0x8000</load_address>
         <run_address>0x8000</run_address>
         <size>0x209</size>
         <input_file_ref idref="fl-21"/>
      </object_component>
      <object_component id="oc-32">
         <name>.text:retain</name>
         <load_address>0x8209</load_address>
         <run_address>0x8209</run_address>
         <size>0x120</size>
         <input_file_ref idref="fl-5"/>
      </object_component>
      <object_component id="oc-143">
         <name>.text:CAN_setupMessageObject</name>
         <load_address>0x8329</load_address>
         <run_address>0x8329</run_address>
         <size>0xdb</size>
         <input_file_ref idref="fl-1a"/>
      </object_component>
      <object_component id="oc-8e">
         <name>.text</name>
         <load_address>0x8404</load_address>
         <run_address>0x8404</run_address>
         <size>0xbf</size>
         <input_file_ref idref="fl-b"/>
      </object_component>
      <object_component id="oc-88">
         <name>.text</name>
         <load_address>0x84c3</load_address>
         <run_address>0x84c3</run_address>
         <size>0xbb</size>
         <input_file_ref idref="fl-c"/>
      </object_component>
      <object_component id="oc-76">
         <name>.text</name>
         <load_address>0x857e</load_address>
         <run_address>0x857e</run_address>
         <size>0x9b</size>
         <input_file_ref idref="fl-f"/>
      </object_component>
      <object_component id="oc-2ca">
         <name>.text:SysCtl_selectXTAL</name>
         <load_address>0x8619</load_address>
         <run_address>0x8619</run_address>
         <size>0x90</size>
         <input_file_ref idref="fl-21"/>
      </object_component>
      <object_component id="oc-f0">
         <name>.text</name>
         <load_address>0x86a9</load_address>
         <run_address>0x86a9</run_address>
         <size>0x88</size>
         <input_file_ref idref="fl-30"/>
      </object_component>
      <object_component id="oc-14f">
         <name>.text:CAN_sendMessage</name>
         <load_address>0x8731</load_address>
         <run_address>0x8731</run_address>
         <size>0x72</size>
         <input_file_ref idref="fl-1a"/>
      </object_component>
      <object_component id="oc-82">
         <name>.text</name>
         <load_address>0x87a3</load_address>
         <run_address>0x87a3</run_address>
         <size>0x5d</size>
         <input_file_ref idref="fl-9"/>
      </object_component>
      <object_component id="oc-1e7">
         <name>.text:ADC_setINLTrim</name>
         <load_address>0x8800</load_address>
         <run_address>0x8800</run_address>
         <size>0x6f</size>
         <input_file_ref idref="fl-19"/>
      </object_component>
      <object_component id="oc-166">
         <name>.text:SysCtl_getDeviceParametric</name>
         <load_address>0x886f</load_address>
         <run_address>0x886f</run_address>
         <size>0x68</size>
         <input_file_ref idref="fl-21"/>
      </object_component>
      <object_component id="oc-155">
         <name>.text:CAN_readMessage</name>
         <load_address>0x88d7</load_address>
         <run_address>0x88d7</run_address>
         <size>0x66</size>
         <input_file_ref idref="fl-1a"/>
      </object_component>
      <object_component id="oc-102">
         <name>.text</name>
         <load_address>0x893d</load_address>
         <run_address>0x893d</run_address>
         <size>0x66</size>
         <input_file_ref idref="fl-2e"/>
      </object_component>
      <object_component id="oc-211">
         <name>.text:CAN_setBitTiming</name>
         <load_address>0x89a3</load_address>
         <run_address>0x89a3</run_address>
         <size>0x64</size>
         <input_file_ref idref="fl-1a"/>
      </object_component>
      <object_component id="oc-fc">
         <name>.text</name>
         <load_address>0x8a07</load_address>
         <run_address>0x8a07</run_address>
         <size>0x63</size>
         <input_file_ref idref="fl-2d"/>
      </object_component>
      <object_component id="oc-13d">
         <name>.text:CAN_setBitRate</name>
         <load_address>0x8a6a</load_address>
         <run_address>0x8a6a</run_address>
         <size>0x61</size>
         <input_file_ref idref="fl-1a"/>
      </object_component>
      <object_component id="oc-1ed">
         <name>.text:ADC_setOffsetTrim</name>
         <load_address>0x8acb</load_address>
         <run_address>0x8acb</run_address>
         <size>0x60</size>
         <input_file_ref idref="fl-19"/>
      </object_component>
      <object_component id="oc-12b">
         <name>.text:SPI_setConfig</name>
         <load_address>0x8b2b</load_address>
         <run_address>0x8b2b</run_address>
         <size>0x5c</size>
         <input_file_ref idref="fl-20"/>
      </object_component>
      <object_component id="oc-c1">
         <name>.text:GPIO_setPadConfig</name>
         <load_address>0x8b87</load_address>
         <run_address>0x8b87</run_address>
         <size>0x52</size>
         <input_file_ref idref="fl-1d"/>
      </object_component>
      <object_component id="oc-172">
         <name>.text:SysCtl_getClock</name>
         <load_address>0x8bd9</load_address>
         <run_address>0x8bd9</run_address>
         <size>0x51</size>
         <input_file_ref idref="fl-21"/>
      </object_component>
      <object_component id="oc-24b">
         <name>.text:SysCtl_selectOscSource</name>
         <load_address>0x8c2a</load_address>
         <run_address>0x8c2a</run_address>
         <size>0x48</size>
         <input_file_ref idref="fl-21"/>
      </object_component>
      <object_component id="oc-149">
         <name>.text:SCI_setConfig</name>
         <load_address>0x8c72</load_address>
         <run_address>0x8c72</run_address>
         <size>0x3e</size>
         <input_file_ref idref="fl-1f"/>
      </object_component>
      <object_component id="oc-af">
         <name>.text:Interrupt_initModule</name>
         <load_address>0x8cb0</load_address>
         <run_address>0x8cb0</run_address>
         <size>0x3d</size>
         <input_file_ref idref="fl-1e"/>
      </object_component>
      <object_component id="oc-1d7">
         <name>.text:EPWM_isBaseValid</name>
         <load_address>0x8ced</load_address>
         <run_address>0x8ced</run_address>
         <size>0x3b</size>
         <input_file_ref idref="fl-1c"/>
      </object_component>
      <object_component id="oc-7c">
         <name>.text</name>
         <load_address>0x8d28</load_address>
         <run_address>0x8d28</run_address>
         <size>0x39</size>
         <input_file_ref idref="fl-10"/>
      </object_component>
      <object_component id="oc-179">
         <name>.text:GPIO_setControllerCore</name>
         <load_address>0x8d61</load_address>
         <run_address>0x8d61</run_address>
         <size>0x37</size>
         <input_file_ref idref="fl-1d"/>
      </object_component>
      <object_component id="oc-b5">
         <name>.text:GPIO_setPinConfig</name>
         <load_address>0x8d98</load_address>
         <run_address>0x8d98</run_address>
         <size>0x37</size>
         <input_file_ref idref="fl-1d"/>
      </object_component>
      <object_component id="oc-10d">
         <name>.text:GPIO_setQualificationMode</name>
         <load_address>0x8dcf</load_address>
         <run_address>0x8dcf</run_address>
         <size>0x37</size>
         <input_file_ref idref="fl-1d"/>
      </object_component>
      <object_component id="oc-c7">
         <name>.text:Interrupt_enable</name>
         <load_address>0x8e06</load_address>
         <run_address>0x8e06</run_address>
         <size>0x37</size>
         <input_file_ref idref="fl-1e"/>
      </object_component>
      <object_component id="oc-9a">
         <name>.text:SPI_clearInterruptStatus</name>
         <load_address>0x8e3d</load_address>
         <run_address>0x8e3d</run_address>
         <size>0x36</size>
         <input_file_ref idref="fl-20"/>
      </object_component>
      <object_component id="oc-bb">
         <name>.text:GPIO_setDirectionMode</name>
         <load_address>0x8e73</load_address>
         <run_address>0x8e73</run_address>
         <size>0x31</size>
         <input_file_ref idref="fl-1d"/>
      </object_component>
      <object_component id="oc-119">
         <name>.text:ADC_setMode</name>
         <load_address>0x8ea4</load_address>
         <run_address>0x8ea4</run_address>
         <size>0x2f</size>
         <input_file_ref idref="fl-19"/>
      </object_component>
      <object_component id="oc-131">
         <name>.text:SPI_enableInterrupt</name>
         <load_address>0x8ed3</load_address>
         <run_address>0x8ed3</run_address>
         <size>0x2f</size>
         <input_file_ref idref="fl-20"/>
      </object_component>
      <object_component id="oc-20">
         <name>.text:decompress:lzss</name>
         <load_address>0x8f02</load_address>
         <run_address>0x8f02</run_address>
         <size>0x2e</size>
         <input_file_ref idref="fl-37"/>
      </object_component>
      <object_component id="oc-26a">
         <name>.text:__TI_auto_init_nobinit_nopinit</name>
         <load_address>0x8f30</load_address>
         <run_address>0x8f30</run_address>
         <size>0x2b</size>
         <input_file_ref idref="fl-34"/>
      </object_component>
      <object_component id="oc-1bb">
         <name>.text</name>
         <load_address>0x8f5b</load_address>
         <run_address>0x8f5b</run_address>
         <size>0x29</size>
         <input_file_ref idref="fl-38"/>
      </object_component>
      <object_component id="oc-30d">
         <name>.text:CPUTimer_selectClockSource</name>
         <load_address>0x8f84</load_address>
         <run_address>0x8f84</run_address>
         <size>0x28</size>
         <input_file_ref idref="fl-21"/>
      </object_component>
      <object_component id="oc-22e">
         <name>.text:CAN_writeDataReg</name>
         <load_address>0x8fac</load_address>
         <run_address>0x8fac</run_address>
         <size>0x22</size>
         <input_file_ref idref="fl-1a"/>
      </object_component>
      <object_component id="oc-346">
         <name>.text:CPUTimer_getTimerOverflowStatus</name>
         <load_address>0x8fce</load_address>
         <run_address>0x8fce</run_address>
         <size>0x1f</size>
         <input_file_ref idref="fl-21"/>
      </object_component>
      <object_component id="oc-11f">
         <name>.text:CPUTimer_setEmulationMode</name>
         <load_address>0x8fed</load_address>
         <run_address>0x8fed</run_address>
         <size>0x13</size>
         <input_file_ref idref="fl-1b"/>
      </object_component>
      <object_component id="oc-3f">
         <name>.text:Interrupt_initVectorTable</name>
         <load_address>0x9000</load_address>
         <run_address>0x9000</run_address>
         <size>0x1e</size>
         <input_file_ref idref="fl-1e"/>
      </object_component>
      <object_component id="oc-59">
         <name>.text</name>
         <load_address>0x901e</load_address>
         <run_address>0x901e</run_address>
         <size>0x1d</size>
         <input_file_ref idref="fl-3d"/>
      </object_component>
      <object_component id="oc-137">
         <name>.text:CAN_initModule</name>
         <load_address>0x903b</load_address>
         <run_address>0x903b</run_address>
         <size>0x1c</size>
         <input_file_ref idref="fl-1a"/>
      </object_component>
      <object_component id="oc-1e0">
         <name>.text:ADC_isBaseValid</name>
         <load_address>0x9057</load_address>
         <run_address>0x9057</run_address>
         <size>0x1b</size>
         <input_file_ref idref="fl-19"/>
      </object_component>
      <object_component id="oc-235">
         <name>.text:CAN_readDataReg</name>
         <load_address>0x9072</load_address>
         <run_address>0x9072</run_address>
         <size>0x1b</size>
         <input_file_ref idref="fl-1a"/>
      </object_component>
      <object_component id="oc-219">
         <name>.text:SCI_isBaseValid</name>
         <load_address>0x908d</load_address>
         <run_address>0x908d</run_address>
         <size>0x1b</size>
         <input_file_ref idref="fl-1f"/>
      </object_component>
      <object_component id="oc-209">
         <name>.text:CAN_initRAM</name>
         <load_address>0x90a8</load_address>
         <run_address>0x90a8</run_address>
         <size>0x1a</size>
         <input_file_ref idref="fl-1a"/>
      </object_component>
      <object_component id="oc-319">
         <name>.text:CPUTimer_startTimer</name>
         <load_address>0x90c2</load_address>
         <run_address>0x90c2</run_address>
         <size>0x1a</size>
         <input_file_ref idref="fl-21"/>
      </object_component>
      <object_component id="oc-125">
         <name>.text:SysCtl_getLowSpeedClock</name>
         <load_address>0x90dc</load_address>
         <run_address>0x90dc</run_address>
         <size>0x1a</size>
         <input_file_ref idref="fl-21"/>
      </object_component>
      <object_component id="oc-220">
         <name>.text:SCI_disableModule</name>
         <load_address>0x90f6</load_address>
         <run_address>0x90f6</run_address>
         <size>0x18</size>
         <input_file_ref idref="fl-1f"/>
      </object_component>
      <object_component id="oc-1f5">
         <name>.text:CPUTimer_isBaseValid</name>
         <load_address>0x910e</load_address>
         <run_address>0x910e</run_address>
         <size>0x17</size>
         <input_file_ref idref="fl-1b"/>
      </object_component>
      <object_component id="oc-33a">
         <name>.text:CPUTimer_isBaseValid</name>
         <load_address>0x9125</load_address>
         <run_address>0x9125</run_address>
         <size>0x17</size>
         <input_file_ref idref="fl-21"/>
      </object_component>
      <object_component id="oc-15d">
         <name>.text:SPI_isBaseValid</name>
         <load_address>0x913c</load_address>
         <run_address>0x913c</run_address>
         <size>0x17</size>
         <input_file_ref idref="fl-20"/>
      </object_component>
      <object_component id="oc-e6">
         <name>.text</name>
         <load_address>0x9153</load_address>
         <run_address>0x9153</run_address>
         <size>0x17</size>
         <input_file_ref idref="fl-2f"/>
      </object_component>
      <object_component id="oc-113">
         <name>.text:EPWM_setEmulationMode</name>
         <load_address>0x916a</load_address>
         <run_address>0x916a</run_address>
         <size>0x16</size>
         <input_file_ref idref="fl-1c"/>
      </object_component>
      <object_component id="oc-3e">
         <name>.text:Interrupt_defaultHandler</name>
         <load_address>0x9180</load_address>
         <run_address>0x9180</run_address>
         <size>0x16</size>
         <input_file_ref idref="fl-1e"/>
      </object_component>
      <object_component id="oc-301">
         <name>.text:CPUTimer_stopTimer</name>
         <load_address>0x9196</load_address>
         <run_address>0x9196</run_address>
         <size>0x14</size>
         <input_file_ref idref="fl-21"/>
      </object_component>
      <object_component id="oc-226">
         <name>.text:SCI_enableModule</name>
         <load_address>0x91aa</load_address>
         <run_address>0x91aa</run_address>
         <size>0x13</size>
         <input_file_ref idref="fl-1f"/>
      </object_component>
      <object_component id="oc-313">
         <name>.text:CPUTimer_clearOverflowFlag</name>
         <load_address>0x91bd</load_address>
         <run_address>0x91bd</run_address>
         <size>0x12</size>
         <input_file_ref idref="fl-21"/>
      </object_component>
      <object_component id="oc-2fb">
         <name>.text:CPUTimer_disableInterrupt</name>
         <load_address>0x91cf</load_address>
         <run_address>0x91cf</run_address>
         <size>0x12</size>
         <input_file_ref idref="fl-21"/>
      </object_component>
      <object_component id="oc-307">
         <name>.text:CPUTimer_setPeriod</name>
         <load_address>0x91e1</load_address>
         <run_address>0x91e1</run_address>
         <size>0x11</size>
         <input_file_ref idref="fl-21"/>
      </object_component>
      <object_component id="oc-31f">
         <name>.text:SysCtl_pollCpuTimer</name>
         <load_address>0x91f2</load_address>
         <run_address>0x91f2</run_address>
         <size>0xf</size>
         <input_file_ref idref="fl-21"/>
      </object_component>
      <object_component id="oc-190">
         <name>.text:GPIO_isPinValid</name>
         <load_address>0x9201</load_address>
         <run_address>0x9201</run_address>
         <size>0xe</size>
         <input_file_ref idref="fl-1d"/>
      </object_component>
      <object_component id="oc-187">
         <name>.text:Interrupt_disableGlobal</name>
         <load_address>0x920f</load_address>
         <run_address>0x920f</run_address>
         <size>0xd</size>
         <input_file_ref idref="fl-1e"/>
      </object_component>
      <object_component id="oc-199">
         <name>.text:Interrupt_enableGlobal</name>
         <load_address>0x921c</load_address>
         <run_address>0x921c</run_address>
         <size>0xd</size>
         <input_file_ref idref="fl-1e"/>
      </object_component>
      <object_component id="oc-61">
         <name>.text:decompress:ZI:__TI_zero_init_nomemset</name>
         <load_address>0x9229</load_address>
         <run_address>0x9229</run_address>
         <size>0xd</size>
         <input_file_ref idref="fl-35"/>
      </object_component>
      <object_component id="oc-1b5">
         <name>.text</name>
         <load_address>0x9236</load_address>
         <run_address>0x9236</run_address>
         <size>0xc</size>
         <input_file_ref idref="fl-3a"/>
      </object_component>
      <object_component id="oc-245">
         <name>.text:SysCtl_isMCDClockFailureDetected</name>
         <load_address>0x9242</load_address>
         <run_address>0x9242</run_address>
         <size>0xb</size>
         <input_file_ref idref="fl-21"/>
      </object_component>
      <object_component id="oc-a7">
         <name>.text</name>
         <load_address>0x924d</load_address>
         <run_address>0x924d</run_address>
         <size>0xb</size>
         <input_file_ref idref="fl-32"/>
      </object_component>
      <object_component id="oc-4a">
         <name>.text:Interrupt_illegalOperationHandler</name>
         <load_address>0x9258</load_address>
         <run_address>0x9258</run_address>
         <size>0xa</size>
         <input_file_ref idref="fl-1e"/>
      </object_component>
      <object_component id="oc-50">
         <name>.text:Interrupt_nmiHandler</name>
         <load_address>0x9262</load_address>
         <run_address>0x9262</run_address>
         <size>0xa</size>
         <input_file_ref idref="fl-1e"/>
      </object_component>
      <object_component id="oc-251">
         <name>.text:SysCtl_serviceWatchdog</name>
         <load_address>0x926c</load_address>
         <run_address>0x926c</run_address>
         <size>0x9</size>
         <input_file_ref idref="fl-21"/>
      </object_component>
      <object_component id="oc-2ef">
         <name>.text</name>
         <load_address>0x9275</load_address>
         <run_address>0x9275</run_address>
         <size>0x9</size>
         <input_file_ref idref="fl-39"/>
      </object_component>
      <object_component id="oc-6d">
         <name>.text</name>
         <load_address>0x927e</load_address>
         <run_address>0x927e</run_address>
         <size>0x8</size>
         <input_file_ref idref="fl-d"/>
      </object_component>
      <object_component id="oc-26">
         <name>.text:decompress:none</name>
         <load_address>0x9286</load_address>
         <run_address>0x9286</run_address>
         <size>0x8</size>
         <input_file_ref idref="fl-36"/>
      </object_component>
      <object_component id="oc-325">
         <name>.text:SysCtl_resetMCD</name>
         <load_address>0x928e</load_address>
         <run_address>0x928e</run_address>
         <size>0x7</size>
         <input_file_ref idref="fl-21"/>
      </object_component>
      <object_component id="oc-1ae">
         <name>.text</name>
         <load_address>0x9295</load_address>
         <run_address>0x9295</run_address>
         <size>0x2</size>
         <input_file_ref idref="fl-33"/>
      </object_component>
      <object_component id="oc-2d5">
         <name>.text</name>
         <load_address>0x9297</load_address>
         <run_address>0x9297</run_address>
         <size>0x1</size>
         <input_file_ref idref="fl-3e"/>
      </object_component>
      <object_component id="oc-a1">
         <name>.text</name>
         <load_address>0xb000</load_address>
         <run_address>0xb000</run_address>
         <size>0x3fd</size>
         <input_file_ref idref="fl-e"/>
      </object_component>
      <object_component id="oc-33">
         <name>.text</name>
         <load_address>0xb3fd</load_address>
         <run_address>0xb3fd</run_address>
         <size>0x3ee</size>
         <input_file_ref idref="fl-5"/>
      </object_component>
      <object_component id="oc-202">
         <name>.text:CAN_isBaseValid</name>
         <load_address>0xb7eb</load_address>
         <run_address>0xb7eb</run_address>
         <size>0x15</size>
         <input_file_ref idref="fl-1a"/>
      </object_component>
      <object_component id="oc-94">
         <name>.text</name>
         <load_address>0xc000</load_address>
         <run_address>0xc000</run_address>
         <size>0xa18</size>
         <input_file_ref idref="fl-2"/>
      </object_component>
      <object_component id="oc-38c">
         <name>.cinit..data.load</name>
         <load_address>0x128</load_address>
         <run_address>0x128</run_address>
         <size>0xb</size>
      </object_component>
      <object_component id="oc-389">
         <name>__TI_handler_table</name>
         <load_address>0x134</load_address>
         <run_address>0x134</run_address>
         <size>0x6</size>
      </object_component>
      <object_component id="oc-38b">
         <name>.cinit..bss.load</name>
         <load_address>0x13a</load_address>
         <run_address>0x13a</run_address>
         <size>0x4</size>
      </object_component>
      <object_component id="oc-38a">
         <name>__TI_cinit_table</name>
         <load_address>0x13e</load_address>
         <run_address>0x13e</run_address>
         <size>0x8</size>
      </object_component>
      <object_component id="oc-56">
         <name>.stack</name>
         <uninitialized>true</uninitialized>
         <run_address>0x400</run_address>
         <size>0x0</size>
         <input_file_ref idref="fl-2f"/>
      </object_component>
      <object_component id="oc-38d">
         <name>.stack</name>
         <uninitialized>true</uninitialized>
         <run_address>0x400</run_address>
         <size>0x0</size>
      </object_component>
      <object_component id="oc-ac">
         <name>.bss:rxBuf</name>
         <uninitialized>true</uninitialized>
         <run_address>0xa800</run_address>
         <size>0x30</size>
         <input_file_ref idref="fl-5"/>
      </object_component>
      <object_component id="oc-10c">
         <name>.const:.string</name>
         <load_address>0xa85e</load_address>
         <run_address>0xa85e</run_address>
         <size>0x1b5</size>
         <input_file_ref idref="fl-2"/>
      </object_component>
      <object_component id="oc-a0">
         <name>.const:.string</name>
         <load_address>0xaa14</load_address>
         <run_address>0xaa14</run_address>
         <size>0xf7</size>
         <input_file_ref idref="fl-5"/>
      </object_component>
      <object_component id="oc-244">
         <name>.const:.string</name>
         <load_address>0xab0c</load_address>
         <run_address>0xab0c</run_address>
         <size>0xc2</size>
         <input_file_ref idref="fl-21"/>
      </object_component>
      <object_component id="oc-1dd">
         <name>.const:.string</name>
         <load_address>0xabce</load_address>
         <run_address>0xabce</run_address>
         <size>0xbc</size>
         <input_file_ref idref="fl-1c"/>
      </object_component>
      <object_component id="oc-196">
         <name>.const:.string</name>
         <load_address>0xac8a</load_address>
         <run_address>0xac8a</run_address>
         <size>0xbc</size>
         <input_file_ref idref="fl-1d"/>
      </object_component>
      <object_component id="oc-208">
         <name>.const:.string</name>
         <load_address>0xad46</load_address>
         <run_address>0xad46</run_address>
         <size>0xbb</size>
         <input_file_ref idref="fl-1a"/>
      </object_component>
      <object_component id="oc-21f">
         <name>.const:.string</name>
         <load_address>0xae02</load_address>
         <run_address>0xae02</run_address>
         <size>0xbb</size>
         <input_file_ref idref="fl-1f"/>
      </object_component>
      <object_component id="oc-163">
         <name>.const:.string</name>
         <load_address>0xaebe</load_address>
         <run_address>0xaebe</run_address>
         <size>0xbb</size>
         <input_file_ref idref="fl-20"/>
      </object_component>
      <object_component id="oc-1fb">
         <name>.const:.string</name>
         <load_address>0xaf7a</load_address>
         <run_address>0xaf7a</run_address>
         <size>0x62</size>
         <input_file_ref idref="fl-1b"/>
      </object_component>
      <object_component id="oc-178">
         <name>.const:.string</name>
         <load_address>0xafdc</load_address>
         <run_address>0xafdc</run_address>
         <size>0x13</size>
         <input_file_ref idref="fl-e"/>
      </object_component>
      <object_component id="oc-1e6">
         <name>.const:.string</name>
         <load_address>0xd000</load_address>
         <run_address>0xd000</run_address>
         <size>0x5d</size>
         <input_file_ref idref="fl-19"/>
      </object_component>
      <object_component id="oc-ee">
         <name>.const:.string</name>
         <load_address>0xd05e</load_address>
         <run_address>0xd05e</run_address>
         <size>0x3d</size>
         <input_file_ref idref="fl-f"/>
      </object_component>
      <object_component id="oc-f7">
         <name>.const:.string</name>
         <load_address>0xd09c</load_address>
         <run_address>0xd09c</run_address>
         <size>0x3d</size>
         <input_file_ref idref="fl-10"/>
      </object_component>
      <object_component id="oc-73">
         <name>.data</name>
         <load_address>0xa840</load_address>
         <run_address>0xa840</run_address>
         <size>0x1e</size>
         <input_file_ref idref="fl-5"/>
      </object_component>
      <object_component id="oc-17f">
         <name>.data</name>
         <load_address>0xa830</load_address>
         <run_address>0xa830</run_address>
         <size>0x6</size>
         <input_file_ref idref="fl-e"/>
      </object_component>
      <object_component id="oc-29c">
         <name>.data</name>
         <load_address>0xa836</load_address>
         <run_address>0xa836</run_address>
         <size>0x6</size>
         <input_file_ref idref="fl-38"/>
      </object_component>
      <object_component id="oc-29f">
         <name>.data:_lock</name>
         <load_address>0xa83c</load_address>
         <run_address>0xa83c</run_address>
         <size>0x2</size>
         <input_file_ref idref="fl-39"/>
      </object_component>
      <object_component id="oc-333">
         <name>.data:_unlock</name>
         <load_address>0xa83e</load_address>
         <run_address>0xa83e</run_address>
         <size>0x2</size>
         <input_file_ref idref="fl-39"/>
      </object_component>
      <object_component id="oc-ef">
         <name>.TI.ramfunc</name>
         <load_address>0x123</load_address>
         <run_address>0x123</run_address>
         <size>0x4</size>
         <input_file_ref idref="fl-21"/>
      </object_component>
      <object_component id="oc-15c">
         <name>.debug_types</name>
         <load_address>0x0</load_address>
         <run_address>0x0</run_address>
         <size>0x3289</size>
         <input_file_ref idref="fl-2"/>
      </object_component>
      <object_component id="oc-ce">
         <name>.debug_types</name>
         <load_address>0x3289</load_address>
         <run_address>0x3289</run_address>
         <size>0x3ac</size>
         <input_file_ref idref="fl-5"/>
      </object_component>
      <object_component id="oc-fb">
         <name>.debug_types</name>
         <load_address>0x0</load_address>
         <run_address>0x0</run_address>
         <size>0x0</size>
         <input_file_ref idref="fl-9"/>
      </object_component>
      <object_component id="oc-10b">
         <name>.debug_types</name>
         <load_address>0x0</load_address>
         <run_address>0x0</run_address>
         <size>0x0</size>
         <input_file_ref idref="fl-b"/>
      </object_component>
      <object_component id="oc-109">
         <name>.debug_types</name>
         <load_address>0x3635</load_address>
         <run_address>0x3635</run_address>
         <size>0x56</size>
         <input_file_ref idref="fl-c"/>
      </object_component>
      <object_component id="oc-183">
         <name>.debug_types</name>
         <load_address>0x368b</load_address>
         <run_address>0x368b</run_address>
         <size>0x684</size>
         <input_file_ref idref="fl-e"/>
      </object_component>
      <object_component id="oc-f6">
         <name>.debug_types</name>
         <load_address>0x0</load_address>
         <run_address>0x0</run_address>
         <size>0x0</size>
         <input_file_ref idref="fl-f"/>
      </object_component>
      <object_component id="oc-f9">
         <name>.debug_types</name>
         <load_address>0x0</load_address>
         <run_address>0x0</run_address>
         <size>0x0</size>
         <input_file_ref idref="fl-10"/>
      </object_component>
      <object_component id="oc-1f4">
         <name>.debug_types</name>
         <load_address>0x3d0f</load_address>
         <run_address>0x3d0f</run_address>
         <size>0x19a</size>
         <input_file_ref idref="fl-19"/>
      </object_component>
      <object_component id="oc-210">
         <name>.debug_types</name>
         <load_address>0x3ea9</load_address>
         <run_address>0x3ea9</run_address>
         <size>0x1d4</size>
         <input_file_ref idref="fl-1a"/>
      </object_component>
      <object_component id="oc-1fd">
         <name>.debug_types</name>
         <load_address>0x0</load_address>
         <run_address>0x0</run_address>
         <size>0x0</size>
         <input_file_ref idref="fl-1b"/>
      </object_component>
      <object_component id="oc-1df">
         <name>.debug_types</name>
         <load_address>0x407d</load_address>
         <run_address>0x407d</run_address>
         <size>0x25f</size>
         <input_file_ref idref="fl-1c"/>
      </object_component>
      <object_component id="oc-18f">
         <name>.debug_types</name>
         <load_address>0x42dc</load_address>
         <run_address>0x42dc</run_address>
         <size>0x2c4</size>
         <input_file_ref idref="fl-1d"/>
      </object_component>
      <object_component id="oc-d1">
         <name>.debug_types</name>
         <load_address>0x0</load_address>
         <run_address>0x0</run_address>
         <size>0x0</size>
         <input_file_ref idref="fl-1e"/>
      </object_component>
      <object_component id="oc-22d">
         <name>.debug_types</name>
         <load_address>0x45a0</load_address>
         <run_address>0x45a0</run_address>
         <size>0x371</size>
         <input_file_ref idref="fl-1f"/>
      </object_component>
      <object_component id="oc-165">
         <name>.debug_types</name>
         <load_address>0x4911</load_address>
         <run_address>0x4911</run_address>
         <size>0x135</size>
         <input_file_ref idref="fl-20"/>
      </object_component>
      <object_component id="oc-1ff">
         <name>.debug_types</name>
         <load_address>0x4a46</load_address>
         <run_address>0x4a46</run_address>
         <size>0x21d</size>
         <input_file_ref idref="fl-21"/>
      </object_component>
      <object_component id="oc-1cd">
         <name>.debug_types</name>
         <load_address>0x4c63</load_address>
         <run_address>0x4c63</run_address>
         <size>0x8d</size>
         <input_file_ref idref="fl-2d"/>
      </object_component>
      <object_component id="oc-1cf">
         <name>.debug_types</name>
         <load_address>0x0</load_address>
         <run_address>0x0</run_address>
         <size>0x0</size>
         <input_file_ref idref="fl-2e"/>
      </object_component>
      <object_component id="oc-269">
         <name>.debug_types</name>
         <load_address>0x0</load_address>
         <run_address>0x0</run_address>
         <size>0x0</size>
         <input_file_ref idref="fl-33"/>
      </object_component>
      <object_component id="oc-2dc">
         <name>.debug_types</name>
         <load_address>0x4cf0</load_address>
         <run_address>0x4cf0</run_address>
         <size>0x441</size>
         <input_file_ref idref="fl-34"/>
      </object_component>
      <object_component id="oc-de">
         <name>.debug_types</name>
         <load_address>0x5131</load_address>
         <run_address>0x5131</run_address>
         <size>0x1f3</size>
         <input_file_ref idref="fl-35"/>
      </object_component>
      <object_component id="oc-60">
         <name>.debug_types</name>
         <load_address>0x0</load_address>
         <run_address>0x0</run_address>
         <size>0x0</size>
         <input_file_ref idref="fl-36"/>
      </object_component>
      <object_component id="oc-58">
         <name>.debug_types</name>
         <load_address>0x5324</load_address>
         <run_address>0x5324</run_address>
         <size>0x191</size>
         <input_file_ref idref="fl-37"/>
      </object_component>
      <object_component id="oc-2a3">
         <name>.debug_types</name>
         <load_address>0x54b5</load_address>
         <run_address>0x54b5</run_address>
         <size>0xbf</size>
         <input_file_ref idref="fl-38"/>
      </object_component>
      <object_component id="oc-2f7">
         <name>.debug_types</name>
         <load_address>0x5574</load_address>
         <run_address>0x5574</run_address>
         <size>0x2f</size>
         <input_file_ref idref="fl-39"/>
      </object_component>
      <object_component id="oc-29b">
         <name>.debug_types</name>
         <load_address>0x55a3</load_address>
         <run_address>0x55a3</run_address>
         <size>0xe1</size>
         <input_file_ref idref="fl-3a"/>
      </object_component>
      <object_component id="oc-d9">
         <name>.debug_types</name>
         <load_address>0x5684</load_address>
         <run_address>0x5684</run_address>
         <size>0xb8</size>
         <input_file_ref idref="fl-3d"/>
      </object_component>
      <object_component id="oc-32d">
         <name>.debug_types</name>
         <load_address>0x0</load_address>
         <run_address>0x0</run_address>
         <size>0x0</size>
         <input_file_ref idref="fl-3e"/>
      </object_component>
      <object_component id="oc-96">
         <name>.debug_info</name>
         <load_address>0x0</load_address>
         <run_address>0x0</run_address>
         <size>0x4e39</size>
         <input_file_ref idref="fl-2"/>
      </object_component>
      <object_component id="oc-74">
         <name>.debug_info</name>
         <load_address>0x4e39</load_address>
         <run_address>0x4e39</run_address>
         <size>0x307</size>
         <input_file_ref idref="fl-5"/>
      </object_component>
      <object_component id="oc-ad">
         <name>.debug_info</name>
         <load_address>0x5140</load_address>
         <run_address>0x5140</run_address>
         <size>0x127</size>
         <input_file_ref idref="fl-5"/>
      </object_component>
      <object_component id="oc-34">
         <name>.debug_info</name>
         <load_address>0x5267</load_address>
         <run_address>0x5267</run_address>
         <size>0x12ee</size>
         <input_file_ref idref="fl-5"/>
      </object_component>
      <object_component id="oc-39">
         <name>.debug_info</name>
         <load_address>0x6555</load_address>
         <run_address>0x6555</run_address>
         <size>0x429</size>
         <input_file_ref idref="fl-5"/>
      </object_component>
      <object_component id="oc-84">
         <name>.debug_info</name>
         <load_address>0x697e</load_address>
         <run_address>0x697e</run_address>
         <size>0x33b</size>
         <input_file_ref idref="fl-9"/>
      </object_component>
      <object_component id="oc-8f">
         <name>.debug_info</name>
         <load_address>0x6cb9</load_address>
         <run_address>0x6cb9</run_address>
         <size>0x45b</size>
         <input_file_ref idref="fl-b"/>
      </object_component>
      <object_component id="oc-8b">
         <name>.debug_info</name>
         <load_address>0x7114</load_address>
         <run_address>0x7114</run_address>
         <size>0x4f8</size>
         <input_file_ref idref="fl-c"/>
      </object_component>
      <object_component id="oc-2f">
         <name>.debug_info</name>
         <load_address>0x760c</load_address>
         <run_address>0x760c</run_address>
         <size>0x14f</size>
         <input_file_ref idref="fl-d"/>
      </object_component>
      <object_component id="oc-6f">
         <name>.debug_info</name>
         <load_address>0x775b</load_address>
         <run_address>0x775b</run_address>
         <size>0x150</size>
         <input_file_ref idref="fl-d"/>
      </object_component>
      <object_component id="oc-180">
         <name>.debug_info</name>
         <load_address>0x78ab</load_address>
         <run_address>0x78ab</run_address>
         <size>0x19a</size>
         <input_file_ref idref="fl-e"/>
      </object_component>
      <object_component id="oc-a4">
         <name>.debug_info</name>
         <load_address>0x7a45</load_address>
         <run_address>0x7a45</run_address>
         <size>0x1cf1</size>
         <input_file_ref idref="fl-e"/>
      </object_component>
      <object_component id="oc-7a">
         <name>.debug_info</name>
         <load_address>0x9736</load_address>
         <run_address>0x9736</run_address>
         <size>0x58a</size>
         <input_file_ref idref="fl-f"/>
      </object_component>
      <object_component id="oc-7f">
         <name>.debug_info</name>
         <load_address>0x9cc0</load_address>
         <run_address>0x9cc0</run_address>
         <size>0x2ee</size>
         <input_file_ref idref="fl-10"/>
      </object_component>
      <object_component id="oc-1e2">
         <name>.debug_info</name>
         <load_address>0x9fae</load_address>
         <run_address>0x9fae</run_address>
         <size>0x207</size>
         <input_file_ref idref="fl-19"/>
      </object_component>
      <object_component id="oc-11d">
         <name>.debug_info</name>
         <load_address>0xa1b5</load_address>
         <run_address>0xa1b5</run_address>
         <size>0x2bc</size>
         <input_file_ref idref="fl-19"/>
      </object_component>
      <object_component id="oc-1eb">
         <name>.debug_info</name>
         <load_address>0xa471</load_address>
         <run_address>0xa471</run_address>
         <size>0x24a</size>
         <input_file_ref idref="fl-19"/>
      </object_component>
      <object_component id="oc-1ee">
         <name>.debug_info</name>
         <load_address>0xa6bb</load_address>
         <run_address>0xa6bb</run_address>
         <size>0x288</size>
         <input_file_ref idref="fl-19"/>
      </object_component>
      <object_component id="oc-205">
         <name>.debug_info</name>
         <load_address>0xa943</load_address>
         <run_address>0xa943</run_address>
         <size>0x207</size>
         <input_file_ref idref="fl-1a"/>
      </object_component>
      <object_component id="oc-231">
         <name>.debug_info</name>
         <load_address>0xab4a</load_address>
         <run_address>0xab4a</run_address>
         <size>0x26c</size>
         <input_file_ref idref="fl-1a"/>
      </object_component>
      <object_component id="oc-238">
         <name>.debug_info</name>
         <load_address>0xadb6</load_address>
         <run_address>0xadb6</run_address>
         <size>0x25b</size>
         <input_file_ref idref="fl-1a"/>
      </object_component>
      <object_component id="oc-20c">
         <name>.debug_info</name>
         <load_address>0xb011</load_address>
         <run_address>0xb011</run_address>
         <size>0x21b</size>
         <input_file_ref idref="fl-1a"/>
      </object_component>
      <object_component id="oc-13a">
         <name>.debug_info</name>
         <load_address>0xb22c</load_address>
         <run_address>0xb22c</run_address>
         <size>0x242</size>
         <input_file_ref idref="fl-1a"/>
      </object_component>
      <object_component id="oc-140">
         <name>.debug_info</name>
         <load_address>0xb46e</load_address>
         <run_address>0xb46e</run_address>
         <size>0x36a</size>
         <input_file_ref idref="fl-1a"/>
      </object_component>
      <object_component id="oc-214">
         <name>.debug_info</name>
         <load_address>0xb7d8</load_address>
         <run_address>0xb7d8</run_address>
         <size>0x333</size>
         <input_file_ref idref="fl-1a"/>
      </object_component>
      <object_component id="oc-146">
         <name>.debug_info</name>
         <load_address>0xbb0b</load_address>
         <run_address>0xbb0b</run_address>
         <size>0x349</size>
         <input_file_ref idref="fl-1a"/>
      </object_component>
      <object_component id="oc-150">
         <name>.debug_info</name>
         <load_address>0xbe54</load_address>
         <run_address>0xbe54</run_address>
         <size>0x2d8</size>
         <input_file_ref idref="fl-1a"/>
      </object_component>
      <object_component id="oc-156">
         <name>.debug_info</name>
         <load_address>0xc12c</load_address>
         <run_address>0xc12c</run_address>
         <size>0x2af</size>
         <input_file_ref idref="fl-1a"/>
      </object_component>
      <object_component id="oc-1f8">
         <name>.debug_info</name>
         <load_address>0xc3db</load_address>
         <run_address>0xc3db</run_address>
         <size>0x219</size>
         <input_file_ref idref="fl-1b"/>
      </object_component>
      <object_component id="oc-120">
         <name>.debug_info</name>
         <load_address>0xc5f4</load_address>
         <run_address>0xc5f4</run_address>
         <size>0x265</size>
         <input_file_ref idref="fl-1b"/>
      </object_component>
      <object_component id="oc-1da">
         <name>.debug_info</name>
         <load_address>0xc859</load_address>
         <run_address>0xc859</run_address>
         <size>0x20b</size>
         <input_file_ref idref="fl-1c"/>
      </object_component>
      <object_component id="oc-116">
         <name>.debug_info</name>
         <load_address>0xca64</load_address>
         <run_address>0xca64</run_address>
         <size>0x263</size>
         <input_file_ref idref="fl-1c"/>
      </object_component>
      <object_component id="oc-192">
         <name>.debug_info</name>
         <load_address>0xccc7</load_address>
         <run_address>0xccc7</run_address>
         <size>0x205</size>
         <input_file_ref idref="fl-1d"/>
      </object_component>
      <object_component id="oc-be">
         <name>.debug_info</name>
         <load_address>0xcecc</load_address>
         <run_address>0xcecc</run_address>
         <size>0x27d</size>
         <input_file_ref idref="fl-1d"/>
      </object_component>
      <object_component id="oc-c4">
         <name>.debug_info</name>
         <load_address>0xd149</load_address>
         <run_address>0xd149</run_address>
         <size>0x266</size>
         <input_file_ref idref="fl-1d"/>
      </object_component>
      <object_component id="oc-10f">
         <name>.debug_info</name>
         <load_address>0xd3af</load_address>
         <run_address>0xd3af</run_address>
         <size>0x2ae</size>
         <input_file_ref idref="fl-1d"/>
      </object_component>
      <object_component id="oc-17a">
         <name>.debug_info</name>
         <load_address>0xd65d</load_address>
         <run_address>0xd65d</run_address>
         <size>0x296</size>
         <input_file_ref idref="fl-1d"/>
      </object_component>
      <object_component id="oc-b6">
         <name>.debug_info</name>
         <load_address>0xd8f3</load_address>
         <run_address>0xd8f3</run_address>
         <size>0x24f</size>
         <input_file_ref idref="fl-1d"/>
      </object_component>
      <object_component id="oc-19a">
         <name>.debug_info</name>
         <load_address>0xdb42</load_address>
         <run_address>0xdb42</run_address>
         <size>0x1fe</size>
         <input_file_ref idref="fl-1e"/>
      </object_component>
      <object_component id="oc-188">
         <name>.debug_info</name>
         <load_address>0xdd40</load_address>
         <run_address>0xdd40</run_address>
         <size>0x200</size>
         <input_file_ref idref="fl-1e"/>
      </object_component>
      <object_component id="oc-b0">
         <name>.debug_info</name>
         <load_address>0xdf40</load_address>
         <run_address>0xdf40</run_address>
         <size>0x20f</size>
         <input_file_ref idref="fl-1e"/>
      </object_component>
      <object_component id="oc-45">
         <name>.debug_info</name>
         <load_address>0xe14f</load_address>
         <run_address>0xe14f</run_address>
         <size>0x21c</size>
         <input_file_ref idref="fl-1e"/>
      </object_component>
      <object_component id="oc-4b">
         <name>.debug_info</name>
         <load_address>0xe36b</load_address>
         <run_address>0xe36b</run_address>
         <size>0x202</size>
         <input_file_ref idref="fl-1e"/>
      </object_component>
      <object_component id="oc-54">
         <name>.debug_info</name>
         <load_address>0xe56d</load_address>
         <run_address>0xe56d</run_address>
         <size>0x1e8</size>
         <input_file_ref idref="fl-1e"/>
      </object_component>
      <object_component id="oc-41">
         <name>.debug_info</name>
         <load_address>0xe755</load_address>
         <run_address>0xe755</run_address>
         <size>0x20c</size>
         <input_file_ref idref="fl-1e"/>
      </object_component>
      <object_component id="oc-cb">
         <name>.debug_info</name>
         <load_address>0xe961</load_address>
         <run_address>0xe961</run_address>
         <size>0x2b3</size>
         <input_file_ref idref="fl-1e"/>
      </object_component>
      <object_component id="oc-21c">
         <name>.debug_info</name>
         <load_address>0xec14</load_address>
         <run_address>0xec14</run_address>
         <size>0x205</size>
         <input_file_ref idref="fl-1f"/>
      </object_component>
      <object_component id="oc-227">
         <name>.debug_info</name>
         <load_address>0xee19</load_address>
         <run_address>0xee19</run_address>
         <size>0x225</size>
         <input_file_ref idref="fl-1f"/>
      </object_component>
      <object_component id="oc-221">
         <name>.debug_info</name>
         <load_address>0xf03e</load_address>
         <run_address>0xf03e</run_address>
         <size>0x227</size>
         <input_file_ref idref="fl-1f"/>
      </object_component>
      <object_component id="oc-14b">
         <name>.debug_info</name>
         <load_address>0xf265</load_address>
         <run_address>0xf265</run_address>
         <size>0x2b5</size>
         <input_file_ref idref="fl-1f"/>
      </object_component>
      <object_component id="oc-15e">
         <name>.debug_info</name>
         <load_address>0xf51a</load_address>
         <run_address>0xf51a</run_address>
         <size>0x207</size>
         <input_file_ref idref="fl-20"/>
      </object_component>
      <object_component id="oc-12d">
         <name>.debug_info</name>
         <load_address>0xf721</load_address>
         <run_address>0xf721</run_address>
         <size>0x308</size>
         <input_file_ref idref="fl-20"/>
      </object_component>
      <object_component id="oc-133">
         <name>.debug_info</name>
         <load_address>0xfa29</load_address>
         <run_address>0xfa29</run_address>
         <size>0x23e</size>
         <input_file_ref idref="fl-20"/>
      </object_component>
      <object_component id="oc-9c">
         <name>.debug_info</name>
         <load_address>0xfc67</load_address>
         <run_address>0xfc67</run_address>
         <size>0x249</size>
         <input_file_ref idref="fl-20"/>
      </object_component>
      <object_component id="oc-254">
         <name>.debug_info</name>
         <load_address>0xfeb0</load_address>
         <run_address>0xfeb0</run_address>
         <size>0x1f2</size>
         <input_file_ref idref="fl-21"/>
      </object_component>
      <object_component id="oc-247">
         <name>.debug_info</name>
         <load_address>0x100a2</load_address>
         <run_address>0x100a2</run_address>
         <size>0x20e</size>
         <input_file_ref idref="fl-21"/>
      </object_component>
      <object_component id="oc-326">
         <name>.debug_info</name>
         <load_address>0x102b0</load_address>
         <run_address>0x102b0</run_address>
         <size>0x1e4</size>
         <input_file_ref idref="fl-21"/>
      </object_component>
      <object_component id="oc-33c">
         <name>.debug_info</name>
         <load_address>0x10494</load_address>
         <run_address>0x10494</run_address>
         <size>0x217</size>
         <input_file_ref idref="fl-21"/>
      </object_component>
      <object_component id="oc-314">
         <name>.debug_info</name>
         <load_address>0x106ab</load_address>
         <run_address>0x106ab</run_address>
         <size>0x244</size>
         <input_file_ref idref="fl-21"/>
      </object_component>
      <object_component id="oc-2fc">
         <name>.debug_info</name>
         <load_address>0x108ef</load_address>
         <run_address>0x108ef</run_address>
         <size>0x242</size>
         <input_file_ref idref="fl-21"/>
      </object_component>
      <object_component id="oc-303">
         <name>.debug_info</name>
         <load_address>0x10b31</load_address>
         <run_address>0x10b31</run_address>
         <size>0x24a</size>
         <input_file_ref idref="fl-21"/>
      </object_component>
      <object_component id="oc-31a">
         <name>.debug_info</name>
         <load_address>0x10d7b</load_address>
         <run_address>0x10d7b</run_address>
         <size>0x24d</size>
         <input_file_ref idref="fl-21"/>
      </object_component>
      <object_component id="oc-308">
         <name>.debug_info</name>
         <load_address>0x10fc8</load_address>
         <run_address>0x10fc8</run_address>
         <size>0x24e</size>
         <input_file_ref idref="fl-21"/>
      </object_component>
      <object_component id="oc-348">
         <name>.debug_info</name>
         <load_address>0x11216</load_address>
         <run_address>0x11216</run_address>
         <size>0x258</size>
         <input_file_ref idref="fl-21"/>
      </object_component>
      <object_component id="oc-30f">
         <name>.debug_info</name>
         <load_address>0x1146e</load_address>
         <run_address>0x1146e</run_address>
         <size>0x27c</size>
         <input_file_ref idref="fl-21"/>
      </object_component>
      <object_component id="oc-321">
         <name>.debug_info</name>
         <load_address>0x116ea</load_address>
         <run_address>0x116ea</run_address>
         <size>0x241</size>
         <input_file_ref idref="fl-21"/>
      </object_component>
      <object_component id="oc-173">
         <name>.debug_info</name>
         <load_address>0x1192b</load_address>
         <run_address>0x1192b</run_address>
         <size>0x277</size>
         <input_file_ref idref="fl-21"/>
      </object_component>
      <object_component id="oc-16e">
         <name>.debug_info</name>
         <load_address>0x11ba2</load_address>
         <run_address>0x11ba2</run_address>
         <size>0x519</size>
         <input_file_ref idref="fl-21"/>
      </object_component>
      <object_component id="oc-2cb">
         <name>.debug_info</name>
         <load_address>0x120bb</load_address>
         <run_address>0x120bb</run_address>
         <size>0x3ba</size>
         <input_file_ref idref="fl-21"/>
      </object_component>
      <object_component id="oc-24d">
         <name>.debug_info</name>
         <load_address>0x12475</load_address>
         <run_address>0x12475</run_address>
         <size>0x243</size>
         <input_file_ref idref="fl-21"/>
      </object_component>
      <object_component id="oc-127">
         <name>.debug_info</name>
         <load_address>0x126b8</load_address>
         <run_address>0x126b8</run_address>
         <size>0x251</size>
         <input_file_ref idref="fl-21"/>
      </object_component>
      <object_component id="oc-167">
         <name>.debug_info</name>
         <load_address>0x12909</load_address>
         <run_address>0x12909</run_address>
         <size>0x241</size>
         <input_file_ref idref="fl-21"/>
      </object_component>
      <object_component id="oc-fe">
         <name>.debug_info</name>
         <load_address>0x12b4a</load_address>
         <run_address>0x12b4a</run_address>
         <size>0x157</size>
         <input_file_ref idref="fl-2d"/>
      </object_component>
      <object_component id="oc-103">
         <name>.debug_info</name>
         <load_address>0x12ca1</load_address>
         <run_address>0x12ca1</run_address>
         <size>0x167</size>
         <input_file_ref idref="fl-2e"/>
      </object_component>
      <object_component id="oc-e9">
         <name>.debug_info</name>
         <load_address>0x12e08</load_address>
         <run_address>0x12e08</run_address>
         <size>0x140</size>
         <input_file_ref idref="fl-2f"/>
      </object_component>
      <object_component id="oc-f3">
         <name>.debug_info</name>
         <load_address>0x12f48</load_address>
         <run_address>0x12f48</run_address>
         <size>0x10f</size>
         <input_file_ref idref="fl-30"/>
      </object_component>
      <object_component id="oc-a8">
         <name>.debug_info</name>
         <load_address>0x13057</load_address>
         <run_address>0x13057</run_address>
         <size>0x14b</size>
         <input_file_ref idref="fl-32"/>
      </object_component>
      <object_component id="oc-1b1">
         <name>.debug_info</name>
         <load_address>0x131a2</load_address>
         <run_address>0x131a2</run_address>
         <size>0x135</size>
         <input_file_ref idref="fl-33"/>
      </object_component>
      <object_component id="oc-26b">
         <name>.debug_info</name>
         <load_address>0x132d7</load_address>
         <run_address>0x132d7</run_address>
         <size>0x1a7</size>
         <input_file_ref idref="fl-34"/>
      </object_component>
      <object_component id="oc-63">
         <name>.debug_info</name>
         <load_address>0x1347e</load_address>
         <run_address>0x1347e</run_address>
         <size>0x19e</size>
         <input_file_ref idref="fl-35"/>
      </object_component>
      <object_component id="oc-2a">
         <name>.debug_info</name>
         <load_address>0x1361c</load_address>
         <run_address>0x1361c</run_address>
         <size>0x19f</size>
         <input_file_ref idref="fl-36"/>
      </object_component>
      <object_component id="oc-22">
         <name>.debug_info</name>
         <load_address>0x137bb</load_address>
         <run_address>0x137bb</run_address>
         <size>0x1f4</size>
         <input_file_ref idref="fl-37"/>
      </object_component>
      <object_component id="oc-29d">
         <name>.debug_info</name>
         <load_address>0x139af</load_address>
         <run_address>0x139af</run_address>
         <size>0x186</size>
         <input_file_ref idref="fl-38"/>
      </object_component>
      <object_component id="oc-1be">
         <name>.debug_info</name>
         <load_address>0x13b35</load_address>
         <run_address>0x13b35</run_address>
         <size>0x191</size>
         <input_file_ref idref="fl-38"/>
      </object_component>
      <object_component id="oc-2a0">
         <name>.debug_info</name>
         <load_address>0x13cc6</load_address>
         <run_address>0x13cc6</run_address>
         <size>0xef</size>
         <input_file_ref idref="fl-39"/>
      </object_component>
      <object_component id="oc-334">
         <name>.debug_info</name>
         <load_address>0x13db5</load_address>
         <run_address>0x13db5</run_address>
         <size>0xf3</size>
         <input_file_ref idref="fl-39"/>
      </object_component>
      <object_component id="oc-2f2">
         <name>.debug_info</name>
         <load_address>0x13ea8</load_address>
         <run_address>0x13ea8</run_address>
         <size>0x1eb</size>
         <input_file_ref idref="fl-39"/>
      </object_component>
      <object_component id="oc-1b8">
         <name>.debug_info</name>
         <load_address>0x14093</load_address>
         <run_address>0x14093</run_address>
         <size>0x145</size>
         <input_file_ref idref="fl-3a"/>
      </object_component>
      <object_component id="oc-5a">
         <name>.debug_info</name>
         <load_address>0x141d8</load_address>
         <run_address>0x141d8</run_address>
         <size>0x183</size>
         <input_file_ref idref="fl-3d"/>
      </object_component>
      <object_component id="oc-2d7">
         <name>.debug_info</name>
         <load_address>0x1435b</load_address>
         <run_address>0x1435b</run_address>
         <size>0x12f</size>
         <input_file_ref idref="fl-3e"/>
      </object_component>
      <object_component id="oc-395">
         <name>.debug_info</name>
         <load_address>0x1448a</load_address>
         <run_address>0x1448a</run_address>
         <size>0xef</size>
      </object_component>
      <object_component id="oc-98">
         <name>.debug_line</name>
         <load_address>0x0</load_address>
         <run_address>0x0</run_address>
         <size>0xbff</size>
         <input_file_ref idref="fl-2"/>
      </object_component>
      <object_component id="oc-23d">
         <name>.debug_line</name>
         <load_address>0xbff</load_address>
         <run_address>0xbff</run_address>
         <size>0x125</size>
         <input_file_ref idref="fl-2"/>
      </object_component>
      <object_component id="oc-ed">
         <name>.debug_line</name>
         <load_address>0xd24</load_address>
         <run_address>0xd24</run_address>
         <size>0x38</size>
         <input_file_ref idref="fl-5"/>
      </object_component>
      <object_component id="oc-186">
         <name>.debug_line</name>
         <load_address>0xd5c</load_address>
         <run_address>0xd5c</run_address>
         <size>0x38</size>
         <input_file_ref idref="fl-5"/>
      </object_component>
      <object_component id="oc-37">
         <name>.debug_line</name>
         <load_address>0xd94</load_address>
         <run_address>0xd94</run_address>
         <size>0x4b5</size>
         <input_file_ref idref="fl-5"/>
      </object_component>
      <object_component id="oc-3c">
         <name>.debug_line</name>
         <load_address>0x1249</load_address>
         <run_address>0x1249</run_address>
         <size>0x96</size>
         <input_file_ref idref="fl-5"/>
      </object_component>
      <object_component id="oc-1a1">
         <name>.debug_line</name>
         <load_address>0x12df</load_address>
         <run_address>0x12df</run_address>
         <size>0x187</size>
         <input_file_ref idref="fl-5"/>
      </object_component>
      <object_component id="oc-83">
         <name>.debug_line</name>
         <load_address>0x1466</load_address>
         <run_address>0x1466</run_address>
         <size>0x9e</size>
         <input_file_ref idref="fl-9"/>
      </object_component>
      <object_component id="oc-1ca">
         <name>.debug_line</name>
         <load_address>0x1504</load_address>
         <run_address>0x1504</run_address>
         <size>0x57</size>
         <input_file_ref idref="fl-9"/>
      </object_component>
      <object_component id="oc-93">
         <name>.debug_line</name>
         <load_address>0x155b</load_address>
         <run_address>0x155b</run_address>
         <size>0xa9</size>
         <input_file_ref idref="fl-b"/>
      </object_component>
      <object_component id="oc-1d4">
         <name>.debug_line</name>
         <load_address>0x1604</load_address>
         <run_address>0x1604</run_address>
         <size>0x21</size>
         <input_file_ref idref="fl-b"/>
      </object_component>
      <object_component id="oc-8a">
         <name>.debug_line</name>
         <load_address>0x1625</load_address>
         <run_address>0x1625</run_address>
         <size>0xa6</size>
         <input_file_ref idref="fl-c"/>
      </object_component>
      <object_component id="oc-1d1">
         <name>.debug_line</name>
         <load_address>0x16cb</load_address>
         <run_address>0x16cb</run_address>
         <size>0x21</size>
         <input_file_ref idref="fl-c"/>
      </object_component>
      <object_component id="oc-2e">
         <name>.debug_line</name>
         <load_address>0x16ec</load_address>
         <run_address>0x16ec</run_address>
         <size>0x55</size>
         <input_file_ref idref="fl-d"/>
      </object_component>
      <object_component id="oc-71">
         <name>.debug_line</name>
         <load_address>0x1741</load_address>
         <run_address>0x1741</run_address>
         <size>0x5d</size>
         <input_file_ref idref="fl-d"/>
      </object_component>
      <object_component id="oc-25b">
         <name>.debug_line</name>
         <load_address>0x179e</load_address>
         <run_address>0x179e</run_address>
         <size>0x37</size>
         <input_file_ref idref="fl-e"/>
      </object_component>
      <object_component id="oc-a2">
         <name>.debug_line</name>
         <load_address>0x17d5</load_address>
         <run_address>0x17d5</run_address>
         <size>0x3fd</size>
         <input_file_ref idref="fl-e"/>
      </object_component>
      <object_component id="oc-25d">
         <name>.debug_line</name>
         <load_address>0x1bd2</load_address>
         <run_address>0x1bd2</run_address>
         <size>0xa5</size>
         <input_file_ref idref="fl-e"/>
      </object_component>
      <object_component id="oc-77">
         <name>.debug_line</name>
         <load_address>0x1c77</load_address>
         <run_address>0x1c77</run_address>
         <size>0x146</size>
         <input_file_ref idref="fl-f"/>
      </object_component>
      <object_component id="oc-1c4">
         <name>.debug_line</name>
         <load_address>0x1dbd</load_address>
         <run_address>0x1dbd</run_address>
         <size>0xe6</size>
         <input_file_ref idref="fl-f"/>
      </object_component>
      <object_component id="oc-81">
         <name>.debug_line</name>
         <load_address>0x1ea3</load_address>
         <run_address>0x1ea3</run_address>
         <size>0xc4</size>
         <input_file_ref idref="fl-10"/>
      </object_component>
      <object_component id="oc-1c7">
         <name>.debug_line</name>
         <load_address>0x1f67</load_address>
         <run_address>0x1f67</run_address>
         <size>0xa3</size>
         <input_file_ref idref="fl-10"/>
      </object_component>
      <object_component id="oc-1e5">
         <name>.debug_line</name>
         <load_address>0x200a</load_address>
         <run_address>0x200a</run_address>
         <size>0x97</size>
         <input_file_ref idref="fl-19"/>
      </object_component>
      <object_component id="oc-11b">
         <name>.debug_line</name>
         <load_address>0x20a1</load_address>
         <run_address>0x20a1</run_address>
         <size>0xa3</size>
         <input_file_ref idref="fl-19"/>
      </object_component>
      <object_component id="oc-1e9">
         <name>.debug_line</name>
         <load_address>0x2144</load_address>
         <run_address>0x2144</run_address>
         <size>0xe2</size>
         <input_file_ref idref="fl-19"/>
      </object_component>
      <object_component id="oc-1f1">
         <name>.debug_line</name>
         <load_address>0x2226</load_address>
         <run_address>0x2226</run_address>
         <size>0xc3</size>
         <input_file_ref idref="fl-19"/>
      </object_component>
      <object_component id="oc-2b2">
         <name>.debug_line</name>
         <load_address>0x22e9</load_address>
         <run_address>0x22e9</run_address>
         <size>0xe3</size>
         <input_file_ref idref="fl-19"/>
      </object_component>
      <object_component id="oc-203">
         <name>.debug_line</name>
         <load_address>0x23cc</load_address>
         <run_address>0x23cc</run_address>
         <size>0x97</size>
         <input_file_ref idref="fl-1a"/>
      </object_component>
      <object_component id="oc-22f">
         <name>.debug_line</name>
         <load_address>0x2463</load_address>
         <run_address>0x2463</run_address>
         <size>0xaa</size>
         <input_file_ref idref="fl-1a"/>
      </object_component>
      <object_component id="oc-236">
         <name>.debug_line</name>
         <load_address>0x250d</load_address>
         <run_address>0x250d</run_address>
         <size>0xa7</size>
         <input_file_ref idref="fl-1a"/>
      </object_component>
      <object_component id="oc-20b">
         <name>.debug_line</name>
         <load_address>0x25b4</load_address>
         <run_address>0x25b4</run_address>
         <size>0x9c</size>
         <input_file_ref idref="fl-1a"/>
      </object_component>
      <object_component id="oc-138">
         <name>.debug_line</name>
         <load_address>0x2650</load_address>
         <run_address>0x2650</run_address>
         <size>0x9b</size>
         <input_file_ref idref="fl-1a"/>
      </object_component>
      <object_component id="oc-13e">
         <name>.debug_line</name>
         <load_address>0x26eb</load_address>
         <run_address>0x26eb</run_address>
         <size>0xb2</size>
         <input_file_ref idref="fl-1a"/>
      </object_component>
      <object_component id="oc-213">
         <name>.debug_line</name>
         <load_address>0x279d</load_address>
         <run_address>0x279d</run_address>
         <size>0xa6</size>
         <input_file_ref idref="fl-1a"/>
      </object_component>
      <object_component id="oc-145">
         <name>.debug_line</name>
         <load_address>0x2843</load_address>
         <run_address>0x2843</run_address>
         <size>0x113</size>
         <input_file_ref idref="fl-1a"/>
      </object_component>
      <object_component id="oc-153">
         <name>.debug_line</name>
         <load_address>0x2956</load_address>
         <run_address>0x2956</run_address>
         <size>0xae</size>
         <input_file_ref idref="fl-1a"/>
      </object_component>
      <object_component id="oc-15a">
         <name>.debug_line</name>
         <load_address>0x2a04</load_address>
         <run_address>0x2a04</run_address>
         <size>0xb3</size>
         <input_file_ref idref="fl-1a"/>
      </object_component>
      <object_component id="oc-2be">
         <name>.debug_line</name>
         <load_address>0x2ab7</load_address>
         <run_address>0x2ab7</run_address>
         <size>0x146</size>
         <input_file_ref idref="fl-1a"/>
      </object_component>
      <object_component id="oc-1f6">
         <name>.debug_line</name>
         <load_address>0x2bfd</load_address>
         <run_address>0x2bfd</run_address>
         <size>0x9c</size>
         <input_file_ref idref="fl-1b"/>
      </object_component>
      <object_component id="oc-124">
         <name>.debug_line</name>
         <load_address>0x2c99</load_address>
         <run_address>0x2c99</run_address>
         <size>0x9e</size>
         <input_file_ref idref="fl-1b"/>
      </object_component>
      <object_component id="oc-2b6">
         <name>.debug_line</name>
         <load_address>0x2d37</load_address>
         <run_address>0x2d37</run_address>
         <size>0xe8</size>
         <input_file_ref idref="fl-1b"/>
      </object_component>
      <object_component id="oc-1d9">
         <name>.debug_line</name>
         <load_address>0x2e1f</load_address>
         <run_address>0x2e1f</run_address>
         <size>0x9c</size>
         <input_file_ref idref="fl-1c"/>
      </object_component>
      <object_component id="oc-118">
         <name>.debug_line</name>
         <load_address>0x2ebb</load_address>
         <run_address>0x2ebb</run_address>
         <size>0x98</size>
         <input_file_ref idref="fl-1c"/>
      </object_component>
      <object_component id="oc-2ac">
         <name>.debug_line</name>
         <load_address>0x2f53</load_address>
         <run_address>0x2f53</run_address>
         <size>0xe6</size>
         <input_file_ref idref="fl-1c"/>
      </object_component>
      <object_component id="oc-191">
         <name>.debug_line</name>
         <load_address>0x3039</load_address>
[...]
         <value>0xc8d9</value>
         <object_component_ref idref="oc-94"/>
      </symbol>
      <symbol id="sm-101">
         <name>BOOSTXL_initADC</name>
         <value>0xc848</value>
         <object_component_ref idref="oc-94"/>
      </symbol>
      <symbol id="sm-102">
         <name>BOOSTXL_canSend</name>
         <value>0xc9fe</value>
         <object_component_ref idref="oc-94"/>
      </symbol>
      <symbol id="sm-103">
         <name>BOOSTXL_disableInverter</name>
         <value>0xc9a9</value>
         <object_component_ref idref="oc-94"/>
      </symbol>
      <symbol id="sm-104">
         <name>BOOSTXL_setDuty</name>
         <value>0xc9b1</value>
         <object_component_ref idref="oc-94"/>
      </symbol>
      <symbol id="sm-105">
         <name>BOOSTXL_initSerial</name>
         <value>0xc953</value>
         <object_component_ref idref="oc-94"/>
      </symbol>
      <symbol id="sm-106">
         <name>BOOSTXL_readDCBusVoltage</name>
         <value>0xc9e5</value>
         <object_component_ref idref="oc-94"/>
      </symbol>
      <symbol id="sm-107">
         <name>BOOSTXL_readPhaseCCurrent</name>
         <value>0xc9df</value>
         <object_component_ref idref="oc-94"/>
      </symbol>
      <symbol id="sm-108">
         <name>BOOSTXL_initTimer0</name>
         <value>0xc8b4</value>
         <object_component_ref idref="oc-94"/>
      </symbol>
      <symbol id="sm-109">
         <name>BOOSTXL_canRead</name>
         <value>0xca0c</value>
         <object_component_ref idref="oc-94"/>
      </symbol>
      <symbol id="sm-10a">
         <name>BOOSTXL_initCAN</name>
         <value>0xc913</value>
         <object_component_ref idref="oc-94"/>
      </symbol>
      <symbol id="sm-10b">
         <name>BOOSTXL_serialSendString</name>
         <value>0xc982</value>
         <object_component_ref idref="oc-94"/>
      </symbol>
      <symbol id="sm-10c">
         <name>BOOSTXL_initGPIO</name>
         <value>0xc747</value>
         <object_component_ref idref="oc-94"/>
      </symbol>
      <symbol id="sm-10d">
         <name>BOOSTXL_enableInverter</name>
         <value>0xc9a1</value>
         <object_component_ref idref="oc-94"/>
      </symbol>
      <symbol id="sm-10e">
         <name>BOOSTXL_initAll</name>
         <value>0xc992</value>
         <object_component_ref idref="oc-94"/>
      </symbol>
      <symbol id="sm-10f">
         <name>BOOSTXL_readPhaseACurrent</name>
         <value>0xc9d9</value>
         <object_component_ref idref="oc-94"/>
      </symbol>
      <symbol id="sm-110">
         <name>BOOSTXL_initPWM</name>
         <value>0xc811</value>
         <object_component_ref idref="oc-94"/>
      </symbol>
      <symbol id="sm-111">
         <name>BOOSTXL_bissSpiTransfer</name>
         <value>0xc9eb</value>
         <object_component_ref idref="oc-94"/>
      </symbol>
      <symbol id="sm-17c">
         <name>theta_rad</name>
         <value>0xa850</value>
         <object_component_ref idref="oc-73"/>
      </symbol>
      <symbol id="sm-17d">
         <name>iCAmps</name>
         <value>0xa84c</value>
         <object_component_ref idref="oc-73"/>
      </symbol>
      <symbol id="sm-17e">
         <name>openLoop_freqHz</name>
         <value>0xa842</value>
         <object_component_ref idref="oc-73"/>
      </symbol>
      <symbol id="sm-17f">
         <name>timer0IsrCount</name>
         <value>0xa852</value>
         <object_component_ref idref="oc-73"/>
      </symbol>
      <symbol id="sm-180">
         <name>timer0ISR</name>
         <value>0x82f3</value>
         <object_component_ref idref="oc-32"/>
      </symbol>
      <symbol id="sm-181">
         <name>openLoop_Vq</name>
         <value>0xa846</value>
         <object_component_ref idref="oc-73"/>
      </symbol>
      <symbol id="sm-182">
         <name>openLoop_Vd</name>
         <value>0xa844</value>
         <object_component_ref idref="oc-73"/>
      </symbol>
      <symbol id="sm-183">
         <name>openLoop_enable</name>
         <value>0xa840</value>
         <object_component_ref idref="oc-73"/>
      </symbol>
      <symbol id="sm-184">
         <name>main</name>
         <value>0xb738</value>
         <object_component_ref idref="oc-33"/>
      </symbol>
      <symbol id="sm-185">
         <name>vdcVolts</name>
         <value>0xa84e</value>
         <object_component_ref idref="oc-73"/>
      </symbol>
      <symbol id="sm-186">
         <name>epwm4ISR</name>
         <value>0x8209</value>
         <object_component_ref idref="oc-32"/>
      </symbol>
      <symbol id="sm-187">
         <name>iAAmps</name>
         <value>0xa848</value>
         <object_component_ref idref="oc-73"/>
      </symbol>
      <symbol id="sm-188">
         <name>iBAmps</name>
         <value>0xa84a</value>
         <object_component_ref idref="oc-73"/>
      </symbol>
      <symbol id="sm-189">
         <name>spiaRxISR</name>
         <value>0x82b8</value>
         <object_component_ref idref="oc-32"/>
      </symbol>
      <symbol id="sm-19a">
         <name>AngleRamp_setFreq</name>
         <value>0x87e8</value>
         <object_component_ref idref="oc-82"/>
      </symbol>
      <symbol id="sm-19b">
         <name>AngleRamp_init</name>
         <value>0x87a3</value>
         <object_component_ref idref="oc-82"/>
      </symbol>
      <symbol id="sm-19c">
         <name>AngleRamp_update</name>
         <value>0x87bc</value>
         <object_component_ref idref="oc-82"/>
      </symbol>
      <symbol id="sm-19d">
         <name>AngleRamp_reset</name>
         <value>0x87f9</value>
         <object_component_ref idref="oc-82"/>
      </symbol>
      <symbol id="sm-1b1">
         <name>SVPWM_calc</name>
         <value>0x843f</value>
         <object_component_ref idref="oc-8e"/>
      </symbol>
      <symbol id="sm-1be">
         <name>Clarke</name>
         <value>0x84c3</value>
         <object_component_ref idref="oc-88"/>
      </symbol>
      <symbol id="sm-1bf">
         <name>Park</name>
         <value>0x850e</value>
         <object_component_ref idref="oc-88"/>
      </symbol>
      <symbol id="sm-1c0">
         <name>ClarkeInv</name>
         <value>0x84df</value>
         <object_component_ref idref="oc-88"/>
      </symbol>
      <symbol id="sm-1c1">
         <name>ParkInv</name>
         <value>0x8547</value>
         <object_component_ref idref="oc-88"/>
      </symbol>
      <symbol id="sm-1d0">
         <name>code_start</name>
         <value>0x0</value>
         <object_component_ref idref="oc-2d"/>
      </symbol>
      <symbol id="sm-202">
         <name>Device_enableAllPeripherals</name>
         <value>0xb0ee</value>
         <object_component_ref idref="oc-a1"/>
      </symbol>
      <symbol id="sm-203">
         <name>Device_initGPIO</name>
         <value>0xb1d9</value>
         <object_component_ref idref="oc-a1"/>
      </symbol>
      <symbol id="sm-204">
         <name>Example_Fail</name>
         <value>0xa834</value>
         <object_component_ref idref="oc-17f"/>
      </symbol>
      <symbol id="sm-205">
         <name>Example_setResultFail</name>
         <value>0xb3f7</value>
         <object_component_ref idref="oc-a1"/>
      </symbol>
      <symbol id="sm-206">
         <name>Device_bootCPU2</name>
         <value>0xb271</value>
         <object_component_ref idref="oc-a1"/>
      </symbol>
      <symbol id="sm-207">
         <name>Device_init</name>
         <value>0xb0ae</value>
         <object_component_ref idref="oc-a1"/>
      </symbol>
      <symbol id="sm-208">
         <name>Example_Result</name>
         <value>0xa830</value>
         <object_component_ref idref="oc-17f"/>
      </symbol>
      <symbol id="sm-209">
         <name>Device_enableUnbondedGPIOPullups</name>
         <value>0xb22a</value>
         <object_component_ref idref="oc-a1"/>
      </symbol>
      <symbol id="sm-20a">
         <name>__error__</name>
         <value>0xb3eb</value>
         <object_component_ref idref="oc-a1"/>
      </symbol>
      <symbol id="sm-20b">
         <name>Example_setResultPass</name>
         <value>0xb3f2</value>
         <object_component_ref idref="oc-a1"/>
      </symbol>
      <symbol id="sm-20c">
         <name>Device_configureTMXAnalogTrim</name>
         <value>0xb240</value>
         <object_component_ref idref="oc-a1"/>
      </symbol>
      <symbol id="sm-20d">
         <name>Device_enableUnbondedGPIOPullupsFor176Pin</name>
         <value>0xb1fa</value>
         <object_component_ref idref="oc-a1"/>
      </symbol>
      <symbol id="sm-20e">
         <name>Example_done</name>
         <value>0xb3fc</value>
         <object_component_ref idref="oc-a1"/>
      </symbol>
      <symbol id="sm-20f">
         <name>Example_PassCount</name>
         <value>0xa832</value>
         <object_component_ref idref="oc-17f"/>
      </symbol>
      <symbol id="sm-210">
         <name>Device_enableUnbondedGPIOPullupsFor100Pin</name>
         <value>0xb20d</value>
         <object_component_ref idref="oc-a1"/>
      </symbol>
      <symbol id="sm-223">
         <name>Current_getRawA</name>
         <value>0x859c</value>
         <object_component_ref idref="oc-76"/>
      </symbol>
      <symbol id="sm-224">
         <name>Current_getRawC</name>
         <value>0x85a2</value>
         <object_component_ref idref="oc-76"/>
      </symbol>
      <symbol id="sm-225">
         <name>Current_runCalibration</name>
         <value>0x85a8</value>
         <object_component_ref idref="oc-76"/>
      </symbol>
      <symbol id="sm-226">
         <name>Current_getPhaseA</name>
         <value>0x85dd</value>
         <object_component_ref idref="oc-76"/>
      </symbol>
      <symbol id="sm-227">
         <name>Current_getPhaseC</name>
         <value>0x8601</value>
         <object_component_ref idref="oc-76"/>
      </symbol>
      <symbol id="sm-228">
         <name>Current_getPhaseB</name>
         <value>0x85f5</value>
         <object_component_ref idref="oc-76"/>
      </symbol>
      <symbol id="sm-239">
         <name>Voltage_getDCBus</name>
         <value>0x8d4c</value>
         <object_component_ref idref="oc-7c"/>
      </symbol>
      <symbol id="sm-23a">
         <name>Voltage_getRawDCBus</name>
         <value>0x8d46</value>
         <object_component_ref idref="oc-7c"/>
      </symbol>
      <symbol id="sm-27b">
         <name>ADC_setOffsetTrim</name>
         <value>0x8acb</value>
         <object_component_ref idref="oc-1ed"/>
      </symbol>
      <symbol id="sm-27c">
         <name>ADC_setMode</name>
         <value>0x8ea4</value>
         <object_component_ref idref="oc-119"/>
      </symbol>
      <symbol id="sm-27d">
         <name>ADC_setINLTrim</name>
         <value>0x8800</value>
         <object_component_ref idref="oc-1e7"/>
      </symbol>
      <symbol id="sm-30a">
         <name>CAN_sendMessage</name>
         <value>0x8731</value>
         <object_component_ref idref="oc-14f"/>
      </symbol>
      <symbol id="sm-30b">
         <name>CAN_setBitTiming</name>
         <value>0x89a3</value>
         <object_component_ref idref="oc-211"/>
      </symbol>
      <symbol id="sm-30c">
         <name>CAN_setupMessageObject</name>
         <value>0x8329</value>
         <object_component_ref idref="oc-143"/>
      </symbol>
      <symbol id="sm-30d">
         <name>CAN_initModule</name>
         <value>0x903b</value>
         <object_component_ref idref="oc-137"/>
      </symbol>
      <symbol id="sm-30e">
         <name>CAN_readMessage</name>
         <value>0x88d7</value>
         <object_component_ref idref="oc-155"/>
      </symbol>
      <symbol id="sm-30f">
         <name>CAN_setBitRate</name>
         <value>0x8a6a</value>
         <object_component_ref idref="oc-13d"/>
      </symbol>
      <symbol id="sm-329">
         <name>CPUTimer_setEmulationMode</name>
         <value>0x8fed</value>
         <object_component_ref idref="oc-11f"/>
      </symbol>
      <symbol id="sm-344">
         <name>EPWM_setEmulationMode</name>
         <value>0x916a</value>
         <object_component_ref idref="oc-113"/>
      </symbol>
      <symbol id="sm-386">
         <name>GPIO_setQualificationMode</name>
         <value>0x8dcf</value>
         <object_component_ref idref="oc-10d"/>
      </symbol>
      <symbol id="sm-387">
         <name>GPIO_setPadConfig</name>
         <value>0x8b87</value>
         <object_component_ref idref="oc-c1"/>
      </symbol>
      <symbol id="sm-388">
         <name>GPIO_setDirectionMode</name>
         <value>0x8e73</value>
         <object_component_ref idref="oc-bb"/>
      </symbol>
      <symbol id="sm-389">
         <name>GPIO_setPinConfig</name>
         <value>0x8d98</value>
         <object_component_ref idref="oc-b5"/>
      </symbol>
      <symbol id="sm-38a">
         <name>GPIO_setControllerCore</name>
         <value>0x8d61</value>
         <object_component_ref idref="oc-179"/>
      </symbol>
      <symbol id="sm-3d9">
         <name>Interrupt_defaultHandler</name>
         <value>0x9180</value>
         <object_component_ref idref="oc-3e"/>
      </symbol>
      <symbol id="sm-3da">
         <name>Interrupt_initModule</name>
         <value>0x8cb0</value>
         <object_component_ref idref="oc-af"/>
      </symbol>
      <symbol id="sm-3db">
         <name>Interrupt_nmiHandler</name>
         <value>0x9262</value>
         <object_component_ref idref="oc-50"/>
      </symbol>
      <symbol id="sm-3dc">
         <name>Interrupt_enable</name>
         <value>0x8e06</value>
         <object_component_ref idref="oc-c7"/>
      </symbol>
      <symbol id="sm-3dd">
         <name>Interrupt_initVectorTable</name>
         <value>0x9000</value>
         <object_component_ref idref="oc-3f"/>
      </symbol>
      <symbol id="sm-3de">
         <name>Interrupt_illegalOperationHandler</name>
         <value>0x9258</value>
         <object_component_ref idref="oc-4a"/>
      </symbol>
      <symbol id="sm-40d">
         <name>SCI_setConfig</name>
         <value>0x8c72</value>
         <object_component_ref idref="oc-149"/>
      </symbol>
      <symbol id="sm-446">
         <name>SPI_setConfig</name>
         <value>0x8b2b</value>
         <object_component_ref idref="oc-12b"/>
      </symbol>
      <symbol id="sm-447">
         <name>SPI_clearInterruptStatus</name>
         <value>0x8e3d</value>
         <object_component_ref idref="oc-9a"/>
      </symbol>
      <symbol id="sm-448">
         <name>SPI_enableInterrupt</name>
         <value>0x8ed3</value>
         <object_component_ref idref="oc-131"/>
      </symbol>
      <symbol id="sm-521">
         <name>SysCtl_delay</name>
         <value>0x123</value>
         <object_component_ref idref="oc-ef"/>
      </symbol>
      <symbol id="sm-522">
         <name>SysCtl_getDeviceParametric</name>
         <value>0x886f</value>
         <object_component_ref idref="oc-166"/>
      </symbol>
      <symbol id="sm-523">
         <name>SysCtl_selectXTAL</name>
         <value>0x8619</value>
         <object_component_ref idref="oc-2ca"/>
      </symbol>
      <symbol id="sm-524">
         <name>SysCtl_selectOscSource</name>
         <value>0x8c2a</value>
         <object_component_ref idref="oc-24b"/>
      </symbol>
      <symbol id="sm-525">
         <name>SysCtl_getLowSpeedClock</name>
         <value>0x90dc</value>
         <object_component_ref idref="oc-125"/>
      </symbol>
      <symbol id="sm-526">
         <name>SysCtl_setClock</name>
         <value>0x8000</value>
         <object_component_ref idref="oc-16c"/>
      </symbol>
      <symbol id="sm-527">
         <name>SysCtl_getClock</name>
         <value>0x8bd9</value>
         <object_component_ref idref="oc-172"/>
      </symbol>
      <symbol id="sm-536">
         <name>cosf</name>
         <value>0x8a07</value>
         <object_component_ref idref="oc-fc"/>
      </symbol>
      <symbol id="sm-544">
         <name>sinf</name>
         <value>0x893d</value>
         <object_component_ref idref="oc-102"/>
      </symbol>
      <symbol id="sm-54e">
         <name>_c_int00</name>
         <value>0x9153</value>
         <object_component_ref idref="oc-e6"/>
      </symbol>
      <symbol id="sm-54f">
         <name>__stack</name>
         <value>0x400</value>
         <object_component_ref idref="oc-56"/>
      </symbol>
      <symbol id="sm-55c">
         <name>__c28xabi_divf</name>
         <value>0x86a9</value>
         <object_component_ref idref="oc-f0"/>
      </symbol>
      <symbol id="sm-565">
         <name>__c28xabi_modu</name>
         <value>0x9252</value>
         <object_component_ref idref="oc-a7"/>
      </symbol>
      <symbol id="sm-566">
         <name>__c28xabi_divu</name>
         <value>0x924d</value>
         <object_component_ref idref="oc-a7"/>
      </symbol>
      <symbol id="sm-573">
         <name>_system_pre_init</name>
         <value>0x9295</value>
         <object_component_ref idref="oc-1ae"/>
      </symbol>
      <symbol id="sm-582">
         <name>__TI_auto_init_nobinit_nopinit</name>
         <value>0x8f30</value>
         <object_component_ref idref="oc-26a"/>
      </symbol>
      <symbol id="sm-591">
         <name>__TI_zero_init_nomemset</name>
         <value>0x9229</value>
         <object_component_ref idref="oc-61"/>
      </symbol>
      <symbol id="sm-59e">
         <name>__TI_decompress_none</name>
         <value>0x9286</value>
         <object_component_ref idref="oc-26"/>
      </symbol>
      <symbol id="sm-5b2">
         <name>__TI_decompress_lzss</name>
         <value>0x8f02</value>
         <object_component_ref idref="oc-20"/>
      </symbol>
      <symbol id="sm-5c8">
         <name>C$$EXIT</name>
         <value>0x8f5b</value>
         <object_component_ref idref="oc-1bb"/>
      </symbol>
      <symbol id="sm-5c9">
         <name>abort</name>
         <value>0x8f5b</value>
         <object_component_ref idref="oc-1bb"/>
      </symbol>
      <symbol id="sm-5ca">
         <name>exit</name>
         <value>0x8f5d</value>
         <object_component_ref idref="oc-1bb"/>
      </symbol>
      <symbol id="sm-5cb">
         <name>__TI_dtors_ptr</name>
         <value>0xa83a</value>
         <object_component_ref idref="oc-29c"/>
      </symbol>
      <symbol id="sm-5cc">
         <name>__TI_cleanup_ptr</name>
         <value>0xa838</value>
         <object_component_ref idref="oc-29c"/>
      </symbol>
      <symbol id="sm-5cd">
         <name>__TI_enable_exit_profile_output</name>
         <value>0xa836</value>
         <object_component_ref idref="oc-29c"/>
      </symbol>
      <symbol id="sm-5e4">
         <name>_nop</name>
         <value>0x927d</value>
         <object_component_ref idref="oc-2ef"/>
      </symbol>
      <symbol id="sm-5e5">
         <name>_lock</name>
         <value>0xa83c</value>
         <object_component_ref idref="oc-29f"/>
      </symbol>
      <symbol id="sm-5e6">
         <name>_unlock</name>
         <value>0xa83e</value>
         <object_component_ref idref="oc-333"/>
      </symbol>
      <symbol id="sm-5e7">
         <name>_register_lock</name>
         <value>0x9279</value>
         <object_component_ref idref="oc-2ef"/>
      </symbol>
      <symbol id="sm-5e8">
         <name>_register_unlock</name>
         <value>0x9275</value>
         <object_component_ref idref="oc-2ef"/>
      </symbol>
      <symbol id="sm-5f7">
         <name>_args_main</name>
         <value>0x9236</value>
         <object_component_ref idref="oc-1b5"/>
      </symbol>
      <symbol id="sm-60b">
         <name>memcpy</name>
         <value>0x901e</value>
         <object_component_ref idref="oc-59"/>
      </symbol>
      <symbol id="sm-618">
         <name>_system_post_cinit</name>
         <value>0x9297</value>
         <object_component_ref idref="oc-2d5"/>
      </symbol>
      <symbol id="sm-61a">
         <name>__c_args__</name>
         <value>0x0</value>
      </symbol>
   </symbol_table>
   <title>Link successful</title>
</link_info>
