<?xml version="1.0" encoding="ISO-8859-1" ?>
<link_info>
   <banner>TMS320C2000 Linker PC v22.6.3.LTS</banner>
   <copyright>Copyright (c) 1996-2018 Texas Instruments Incorporated</copyright>
   <link_time>0x69da4b47</link_time>
   <link_errors>0x0</link_errors>
   <output_file>Driverlib Empty CPU1 Example CCS Project.out</output_file>
   <entry_point>
      <name>code_start</name>
      <address>0x0</address>
   </entry_point>
   <input_file_list>
      <input_file id="fl-2">
         <path>.\syscfg\</path>
         <kind>object</kind>
         <file>board.obj</file>
         <name>board.obj</name>
      </input_file>
      <input_file id="fl-3">
         <path>.\syscfg\</path>
         <kind>object</kind>
         <file>c2000ware_libraries.obj</file>
         <name>c2000ware_libraries.obj</name>
      </input_file>
      <input_file id="fl-4">
         <path>.\</path>
         <kind>object</kind>
         <file>closed_loop_test.obj</file>
         <name>closed_loop_test.obj</name>
      </input_file>
      <input_file id="fl-5">
         <path>.\</path>
         <kind>object</kind>
         <file>open_loop_test.obj</file>
         <name>open_loop_test.obj</name>
      </input_file>
      <input_file id="fl-6">
         <path>.\</path>
         <kind>object</kind>
         <file>peripheral_test.obj</file>
         <name>peripheral_test.obj</name>
      </input_file>
      <input_file id="fl-7">
         <path>.\comms\</path>
         <kind>object</kind>
         <file>biss_api.obj</file>
         <name>biss_api.obj</name>
      </input_file>
      <input_file id="fl-8">
         <path>.\comms\</path>
         <kind>object</kind>
         <file>data_ingester.obj</file>
         <name>data_ingester.obj</name>
      </input_file>
      <input_file id="fl-9">
         <path>.\control\</path>
         <kind>object</kind>
         <file>angle_ramp.obj</file>
         <name>angle_ramp.obj</name>
      </input_file>
      <input_file id="fl-a">
         <path>.\control\</path>
         <kind>object</kind>
         <file>pi.obj</file>
         <name>pi.obj</name>
      </input_file>
      <input_file id="fl-b">
         <path>.\control\</path>
         <kind>object</kind>
         <file>svpwm.obj</file>
         <name>svpwm.obj</name>
      </input_file>
      <input_file id="fl-c">
         <path>.\control\</path>
         <kind>object</kind>
         <file>transforms.obj</file>
         <name>transforms.obj</name>
      </input_file>
      <input_file id="fl-d">
         <path>.\device\</path>
         <kind>object</kind>
         <file>F2837xD_CodeStartBranch.obj</file>
         <name>F2837xD_CodeStartBranch.obj</name>
      </input_file>
      <input_file id="fl-e">
         <path>.\device\</path>
         <kind>object</kind>
         <file>device.obj</file>
         <name>device.obj</name>
      </input_file>
      <input_file id="fl-f">
         <path>.\hal\</path>
         <kind>object</kind>
         <file>hal_boostxl.obj</file>
         <name>hal_boostxl.obj</name>
      </input_file>
      <input_file id="fl-10">
         <path>.\sensors\</path>
         <kind>object</kind>
         <file>current.obj</file>
         <name>current.obj</name>
      </input_file>
      <input_file id="fl-11">
         <path>.\sensors\</path>
         <kind>object</kind>
         <file>voltage.obj</file>
         <name>voltage.obj</name>
      </input_file>
      <input_file id="fl-16">
         <kind>object</kind>
         <file>&lt;internal&gt;</file>
         <name>&lt;internal&gt;</name>
      </input_file>
      <input_file id="fl-1a">
         <path>C:\ti\C2000Ware_6_00_01_00\driverlib\f2837xd\driverlib\ccs\Debug\</path>
         <kind>archive</kind>
         <file>driverlib_eabi.lib</file>
         <name>adc.obj</name>
      </input_file>
      <input_file id="fl-1b">
         <path>C:\ti\C2000Ware_6_00_01_00\driverlib\f2837xd\driverlib\ccs\Debug\</path>
         <kind>archive</kind>
         <file>driverlib_eabi.lib</file>
         <name>can.obj</name>
      </input_file>
      <input_file id="fl-1c">
         <path>C:\ti\C2000Ware_6_00_01_00\driverlib\f2837xd\driverlib\ccs\Debug\</path>
         <kind>archive</kind>
         <file>driverlib_eabi.lib</file>
         <name>cputimer.obj</name>
      </input_file>
      <input_file id="fl-1d">
         <path>C:\ti\C2000Ware_6_00_01_00\driverlib\f2837xd\driverlib\ccs\Debug\</path>
         <kind>archive</kind>
         <file>driverlib_eabi.lib</file>
         <name>epwm.obj</name>
      </input_file>
      <input_file id="fl-1e">
         <path>C:\ti\C2000Ware_6_00_01_00\driverlib\f2837xd\driverlib\ccs\Debug\</path>
         <kind>archive</kind>
         <file>driverlib_eabi.lib</file>
         <name>gpio.obj</name>
      </input_file>
      <input_file id="fl-1f">
         <path>C:\ti\C2000Ware_6_00_01_00\driverlib\f2837xd\driverlib\ccs\Debug\</path>
         <kind>archive</kind>
         <file>driverlib_eabi.lib</file>
         <name>interrupt.obj</name>
      </input_file>
      <input_file id="fl-20">
         <path>C:\ti\C2000Ware_6_00_01_00\driverlib\f2837xd\driverlib\ccs\Debug\</path>
         <kind>archive</kind>
         <file>driverlib_eabi.lib</file>
         <name>sci.obj</name>
      </input_file>
      <input_file id="fl-21">
         <path>C:\ti\C2000Ware_6_00_01_00\driverlib\f2837xd\driverlib\ccs\Debug\</path>
         <kind>archive</kind>
         <file>driverlib_eabi.lib</file>
         <name>spi.obj</name>
      </input_file>
      <input_file id="fl-22">
         <path>C:\ti\C2000Ware_6_00_01_00\driverlib\f2837xd\driverlib\ccs\Debug\</path>
         <kind>archive</kind>
         <file>driverlib_eabi.lib</file>
         <name>sysctl.obj</name>
      </input_file>
      <input_file id="fl-2e">
         <path>C:\ti\ccs2041\ccs\tools\compiler\ti-cgt-c2000_22.6.3.LTS\lib\</path>
         <kind>archive</kind>
         <file>rts2800_fpu32_eabi.lib</file>
         <name>s_cosf.c.obj</name>
      </input_file>
      <input_file id="fl-2f">
         <path>C:\ti\ccs2041\ccs\tools\compiler\ti-cgt-c2000_22.6.3.LTS\lib\</path>
         <kind>archive</kind>
         <file>rts2800_fpu32_eabi.lib</file>
         <name>s_sinf.c.obj</name>
      </input_file>
      <input_file id="fl-30">
         <path>C:\ti\ccs2041\ccs\tools\compiler\ti-cgt-c2000_22.6.3.LTS\lib\</path>
         <kind>archive</kind>
         <file>rts2800_fpu32_eabi.lib</file>
         <name>boot28.asm.obj</name>
      </input_file>
      <input_file id="fl-31">
         <path>C:\ti\ccs2041\ccs\tools\compiler\ti-cgt-c2000_22.6.3.LTS\lib\</path>
         <kind>archive</kind>
         <file>rts2800_fpu32_eabi.lib</file>
         <name>fs_div28.asm.obj</name>
      </input_file>
      <input_file id="fl-32">
         <path>C:\ti\ccs2041\ccs\tools\compiler\ti-cgt-c2000_22.6.3.LTS\lib\</path>
         <kind>archive</kind>
         <file>rts2800_fpu32_eabi.lib</file>
         <name>ll_cmp28.asm.obj</name>
      </input_file>
      <input_file id="fl-33">
         <path>C:\ti\ccs2041\ccs\tools\compiler\ti-cgt-c2000_22.6.3.LTS\lib\</path>
         <kind>archive</kind>
         <file>rts2800_fpu32_eabi.lib</file>
         <name>pre_init.c.obj</name>
      </input_file>
      <input_file id="fl-34">
         <path>C:\ti\ccs2041\ccs\tools\compiler\ti-cgt-c2000_22.6.3.LTS\lib\</path>
         <kind>archive</kind>
         <file>rts2800_fpu32_eabi.lib</file>
         <name>autoinit.c.obj</name>
      </input_file>
      <input_file id="fl-35">
         <path>C:\ti\ccs2041\ccs\tools\compiler\ti-cgt-c2000_22.6.3.LTS\lib\</path>
         <kind>archive</kind>
         <file>rts2800_fpu32_eabi.lib</file>
         <name>copy_zero_init.c.obj</name>
      </input_file>
      <input_file id="fl-36">
         <path>C:\ti\ccs2041\ccs\tools\compiler\ti-cgt-c2000_22.6.3.LTS\lib\</path>
         <kind>archive</kind>
         <file>rts2800_fpu32_eabi.lib</file>
         <name>copy_decompress_none.c.obj</name>
      </input_file>
      <input_file id="fl-37">
         <path>C:\ti\ccs2041\ccs\tools\compiler\ti-cgt-c2000_22.6.3.LTS\lib\</path>
         <kind>archive</kind>
         <file>rts2800_fpu32_eabi.lib</file>
         <name>copy_decompress_lzss.c.obj</name>
      </input_file>
      <input_file id="fl-38">
         <path>C:\ti\ccs2041\ccs\tools\compiler\ti-cgt-c2000_22.6.3.LTS\lib\</path>
         <kind>archive</kind>
         <file>rts2800_fpu32_eabi.lib</file>
         <name>exit.c.obj</name>
      </input_file>
      <input_file id="fl-39">
         <path>C:\ti\ccs2041\ccs\tools\compiler\ti-cgt-c2000_22.6.3.LTS\lib\</path>
         <kind>archive</kind>
         <file>rts2800_fpu32_eabi.lib</file>
         <name>_lock.c.obj</name>
      </input_file>
      <input_file id="fl-3a">
         <path>C:\ti\ccs2041\ccs\tools\compiler\ti-cgt-c2000_22.6.3.LTS\lib\</path>
         <kind>archive</kind>
         <file>rts2800_fpu32_eabi.lib</file>
         <name>args_main.c.obj</name>
      </input_file>
      <input_file id="fl-3b">
         <path>C:\ti\ccs2041\ccs\tools\compiler\ti-cgt-c2000_22.6.3.LTS\lib\</path>
         <kind>archive</kind>
         <file>rts2800_fpu32_eabi.lib</file>
         <name>memset.c.obj</name>
      </input_file>
      <input_file id="fl-3c">
         <path>C:\ti\ccs2041\ccs\tools\compiler\ti-cgt-c2000_22.6.3.LTS\lib\</path>
         <kind>archive</kind>
         <file>rts2800_fpu32_eabi.lib</file>
         <name>cpy_tbl.c.obj</name>
      </input_file>
      <input_file id="fl-3d">
         <path>C:\ti\ccs2041\ccs\tools\compiler\ti-cgt-c2000_22.6.3.LTS\lib\</path>
         <kind>archive</kind>
         <file>rts2800_fpu32_eabi.lib</file>
         <name>memcpy.c.obj</name>
      </input_file>
      <input_file id="fl-3e">
         <path>C:\ti\ccs2041\ccs\tools\compiler\ti-cgt-c2000_22.6.3.LTS\lib\</path>
         <kind>archive</kind>
         <file>rts2800_fpu32_eabi.lib</file>
         <name>startup.c.obj</name>
      </input_file>
   </input_file_list>
   <object_component_list>
      <object_component id="oc-2d">
         <name>codestart</name>
         <load_address>0x0</load_address>
         <run_address>0x0</run_address>
         <size>0x2</size>
         <input_file_ref idref="fl-d"/>
      </object_component>
      <object_component id="oc-177">
         <name>.text:SysCtl_setClock</name>
         <load_address>0x8000</load_address>
         <run_address>0x8000</run_address>
         <size>0x209</size>
         <input_file_ref idref="fl-22"/>
      </object_component>
      <object_component id="oc-32">
         <name>.text:retain</name>
         <load_address>0x8209</load_address>
         <run_address>0x8209</run_address>
         <size>0x16a</size>
         <input_file_ref idref="fl-5"/>
      </object_component>
      <object_component id="oc-88">
         <name>.text</name>
         <load_address>0x8373</load_address>
         <run_address>0x8373</run_address>
         <size>0x11c</size>
         <input_file_ref idref="fl-10"/>
      </object_component>
      <object_component id="oc-157">
         <name>.text:CAN_setupMessageObject</name>
         <load_address>0x848f</load_address>
         <run_address>0x848f</run_address>
         <size>0xdb</size>
         <input_file_ref idref="fl-1b"/>
      </object_component>
      <object_component id="oc-a0">
         <name>.text</name>
         <load_address>0x856a</load_address>
         <run_address>0x856a</run_address>
         <size>0xbf</size>
         <input_file_ref idref="fl-b"/>
      </object_component>
      <object_component id="oc-9a">
         <name>.text</name>
         <load_address>0x8629</load_address>
         <run_address>0x8629</run_address>
         <size>0xbb</size>
         <input_file_ref idref="fl-c"/>
      </object_component>
      <object_component id="oc-2d7">
         <name>.text:SysCtl_selectXTAL</name>
         <load_address>0x86e4</load_address>
         <run_address>0x86e4</run_address>
         <size>0x90</size>
         <input_file_ref idref="fl-22"/>
      </object_component>
      <object_component id="oc-103">
         <name>.text</name>
         <load_address>0x8774</load_address>
         <run_address>0x8774</run_address>
         <size>0x88</size>
         <input_file_ref idref="fl-31"/>
      </object_component>
      <object_component id="oc-1b8">
         <name>.text</name>
         <load_address>0x87fc</load_address>
         <run_address>0x87fc</run_address>
         <size>0x2</size>
         <input_file_ref idref="fl-33"/>
      </object_component>
      <object_component id="oc-2e2">
         <name>.text</name>
         <load_address>0x87fe</load_address>
         <run_address>0x87fe</run_address>
         <size>0x1</size>
         <input_file_ref idref="fl-3e"/>
      </object_component>
      <object_component id="oc-163">
         <name>.text:CAN_sendMessage</name>
         <load_address>0x8800</load_address>
         <run_address>0x8800</run_address>
         <size>0x72</size>
         <input_file_ref idref="fl-1b"/>
      </object_component>
      <object_component id="oc-1f8">
         <name>.text:ADC_setINLTrim</name>
         <load_address>0x8872</load_address>
         <run_address>0x8872</run_address>
         <size>0x6f</size>
         <input_file_ref idref="fl-1a"/>
      </object_component>
      <object_component id="oc-171">
         <name>.text:SysCtl_getDeviceParametric</name>
         <load_address>0x88e1</load_address>
         <run_address>0x88e1</run_address>
         <size>0x68</size>
         <input_file_ref idref="fl-22"/>
      </object_component>
      <object_component id="oc-169">
         <name>.text:CAN_readMessage</name>
         <load_address>0x8949</load_address>
         <run_address>0x8949</run_address>
         <size>0x66</size>
         <input_file_ref idref="fl-1b"/>
      </object_component>
      <object_component id="oc-115">
         <name>.text</name>
         <load_address>0x89af</load_address>
         <run_address>0x89af</run_address>
         <size>0x66</size>
         <input_file_ref idref="fl-2f"/>
      </object_component>
      <object_component id="oc-222">
         <name>.text:CAN_setBitTiming</name>
         <load_address>0x8a15</load_address>
         <run_address>0x8a15</run_address>
         <size>0x64</size>
         <input_file_ref idref="fl-1b"/>
      </object_component>
      <object_component id="oc-10f">
         <name>.text</name>
         <load_address>0x8a79</load_address>
         <run_address>0x8a79</run_address>
         <size>0x63</size>
         <input_file_ref idref="fl-2e"/>
      </object_component>
      <object_component id="oc-151">
         <name>.text:CAN_setBitRate</name>
         <load_address>0x8adc</load_address>
         <run_address>0x8adc</run_address>
         <size>0x61</size>
         <input_file_ref idref="fl-1b"/>
      </object_component>
      <object_component id="oc-1fe">
         <name>.text:ADC_setOffsetTrim</name>
         <load_address>0x8b3d</load_address>
         <run_address>0x8b3d</run_address>
         <size>0x60</size>
         <input_file_ref idref="fl-1a"/>
      </object_component>
      <object_component id="oc-94">
         <name>.text</name>
         <load_address>0x8b9d</load_address>
         <run_address>0x8b9d</run_address>
         <size>0x5d</size>
         <input_file_ref idref="fl-9"/>
      </object_component>
      <object_component id="oc-13f">
         <name>.text:SPI_setConfig</name>
         <load_address>0x8bfa</load_address>
         <run_address>0x8bfa</run_address>
         <size>0x5c</size>
         <input_file_ref idref="fl-21"/>
      </object_component>
      <object_component id="oc-c8">
         <name>.text:GPIO_setPadConfig</name>
         <load_address>0x8c56</load_address>
         <run_address>0x8c56</run_address>
         <size>0x52</size>
         <input_file_ref idref="fl-1e"/>
      </object_component>
      <object_component id="oc-17d">
         <name>.text:SysCtl_getClock</name>
         <load_address>0x8ca8</load_address>
         <run_address>0x8ca8</run_address>
         <size>0x51</size>
         <input_file_ref idref="fl-22"/>
      </object_component>
      <object_component id="oc-258">
         <name>.text:SysCtl_selectOscSource</name>
         <load_address>0x8cf9</load_address>
         <run_address>0x8cf9</run_address>
         <size>0x48</size>
         <input_file_ref idref="fl-22"/>
      </object_component>
      <object_component id="oc-15d">
         <name>.text:SCI_setConfig</name>
         <load_address>0x8d41</load_address>
         <run_address>0x8d41</run_address>
         <size>0x3e</size>
         <input_file_ref idref="fl-20"/>
      </object_component>
      <object_component id="oc-b6">
         <name>.text:Interrupt_initModule</name>
         <load_address>0x8d7f</load_address>
         <run_address>0x8d7f</run_address>
         <size>0x3d</size>
         <input_file_ref idref="fl-1f"/>
      </object_component>
      <object_component id="oc-1e8">
         <name>.text:EPWM_isBaseValid</name>
         <load_address>0x8dbc</load_address>
         <run_address>0x8dbc</run_address>
         <size>0x3b</size>
         <input_file_ref idref="fl-1d"/>
      </object_component>
      <object_component id="oc-8e">
         <name>.text</name>
         <load_address>0x8df7</load_address>
         <run_address>0x8df7</run_address>
         <size>0x39</size>
         <input_file_ref idref="fl-11"/>
      </object_component>
      <object_component id="oc-184">
         <name>.text:GPIO_setControllerCore</name>
         <load_address>0x8e30</load_address>
         <run_address>0x8e30</run_address>
         <size>0x37</size>
         <input_file_ref idref="fl-1e"/>
      </object_component>
      <object_component id="oc-bc">
         <name>.text:GPIO_setPinConfig</name>
         <load_address>0x8e67</load_address>
         <run_address>0x8e67</run_address>
         <size>0x37</size>
         <input_file_ref idref="fl-1e"/>
      </object_component>
      <object_component id="oc-120">
         <name>.text:GPIO_setQualificationMode</name>
         <load_address>0x8e9e</load_address>
         <run_address>0x8e9e</run_address>
         <size>0x37</size>
         <input_file_ref idref="fl-1e"/>
      </object_component>
      <object_component id="oc-ce">
         <name>.text:Interrupt_enable</name>
         <load_address>0x8ed5</load_address>
         <run_address>0x8ed5</run_address>
         <size>0x37</size>
         <input_file_ref idref="fl-1f"/>
      </object_component>
      <object_component id="oc-82">
         <name>.text:SPI_clearInterruptStatus</name>
         <load_address>0x8f0c</load_address>
         <run_address>0x8f0c</run_address>
         <size>0x36</size>
         <input_file_ref idref="fl-21"/>
      </object_component>
      <object_component id="oc-7c">
         <name>.text</name>
         <load_address>0x8f42</load_address>
         <run_address>0x8f42</run_address>
         <size>0x36</size>
         <input_file_ref idref="fl-7"/>
      </object_component>
      <object_component id="oc-c2">
         <name>.text:GPIO_setDirectionMode</name>
         <load_address>0x8f78</load_address>
         <run_address>0x8f78</run_address>
         <size>0x31</size>
         <input_file_ref idref="fl-1e"/>
      </object_component>
      <object_component id="oc-12c">
         <name>.text:ADC_setMode</name>
         <load_address>0x8fa9</load_address>
         <run_address>0x8fa9</run_address>
         <size>0x2f</size>
         <input_file_ref idref="fl-1a"/>
      </object_component>
      <object_component id="oc-31a">
         <name>.text:CPUTimer_selectClockSource</name>
         <load_address>0x8fd8</load_address>
         <run_address>0x8fd8</run_address>
         <size>0x28</size>
         <input_file_ref idref="fl-22"/>
      </object_component>
      <object_component id="oc-145">
         <name>.text:SPI_enableInterrupt</name>
         <load_address>0x9000</load_address>
         <run_address>0x9000</run_address>
         <size>0x2f</size>
         <input_file_ref idref="fl-21"/>
      </object_component>
      <object_component id="oc-73">
         <name>.text:SPI_getInterruptStatus</name>
         <load_address>0x902f</load_address>
         <run_address>0x902f</run_address>
         <size>0x2f</size>
         <input_file_ref idref="fl-21"/>
      </object_component>
      <object_component id="oc-20">
         <name>.text:decompress:lzss</name>
         <load_address>0x905e</load_address>
         <run_address>0x905e</run_address>
         <size>0x2e</size>
         <input_file_ref idref="fl-37"/>
      </object_component>
      <object_component id="oc-277">
         <name>.text:__TI_auto_init_nobinit_nopinit</name>
         <load_address>0x908c</load_address>
         <run_address>0x908c</run_address>
         <size>0x2b</size>
         <input_file_ref idref="fl-34"/>
      </object_component>
      <object_component id="oc-1c5">
         <name>.text</name>
         <load_address>0x90b7</load_address>
         <run_address>0x90b7</run_address>
         <size>0x29</size>
         <input_file_ref idref="fl-38"/>
      </object_component>
      <object_component id="oc-23f">
         <name>.text:CAN_writeDataReg</name>
         <load_address>0x90e0</load_address>
         <run_address>0x90e0</run_address>
         <size>0x22</size>
         <input_file_ref idref="fl-1b"/>
      </object_component>
      <object_component id="oc-353">
         <name>.text:CPUTimer_getTimerOverflowStatus</name>
         <load_address>0x9102</load_address>
         <run_address>0x9102</run_address>
         <size>0x1f</size>
         <input_file_ref idref="fl-22"/>
      </object_component>
      <object_component id="oc-3f">
         <name>.text:Interrupt_initVectorTable</name>
         <load_address>0x9121</load_address>
         <run_address>0x9121</run_address>
         <size>0x1e</size>
         <input_file_ref idref="fl-1f"/>
      </object_component>
      <object_component id="oc-14b">
         <name>.text:CAN_initModule</name>
         <load_address>0x913f</load_address>
         <run_address>0x913f</run_address>
         <size>0x1c</size>
         <input_file_ref idref="fl-1b"/>
      </object_component>
      <object_component id="oc-1f1">
         <name>.text:ADC_isBaseValid</name>
         <load_address>0x915b</load_address>
         <run_address>0x915b</run_address>
         <size>0x1b</size>
         <input_file_ref idref="fl-1a"/>
      </object_component>
      <object_component id="oc-246">
         <name>.text:CAN_readDataReg</name>
         <load_address>0x9176</load_address>
         <run_address>0x9176</run_address>
         <size>0x1b</size>
         <input_file_ref idref="fl-1b"/>
      </object_component>
      <object_component id="oc-22a">
         <name>.text:SCI_isBaseValid</name>
         <load_address>0x9191</load_address>
         <run_address>0x9191</run_address>
         <size>0x1b</size>
         <input_file_ref idref="fl-20"/>
      </object_component>
      <object_component id="oc-21a">
         <name>.text:CAN_initRAM</name>
         <load_address>0x91ac</load_address>
         <run_address>0x91ac</run_address>
         <size>0x1a</size>
         <input_file_ref idref="fl-1b"/>
      </object_component>
      <object_component id="oc-326">
         <name>.text:CPUTimer_startTimer</name>
         <load_address>0x91c6</load_address>
         <run_address>0x91c6</run_address>
         <size>0x1a</size>
         <input_file_ref idref="fl-22"/>
      </object_component>
      <object_component id="oc-139">
         <name>.text:SysCtl_getLowSpeedClock</name>
         <load_address>0x91e0</load_address>
         <run_address>0x91e0</run_address>
         <size>0x1a</size>
         <input_file_ref idref="fl-22"/>
      </object_component>
      <object_component id="oc-231">
         <name>.text:SCI_disableModule</name>
         <load_address>0x91fa</load_address>
         <run_address>0x91fa</run_address>
         <size>0x18</size>
         <input_file_ref idref="fl-20"/>
      </object_component>
      <object_component id="oc-206">
         <name>.text:CPUTimer_isBaseValid</name>
         <load_address>0x9212</load_address>
         <run_address>0x9212</run_address>
         <size>0x17</size>
         <input_file_ref idref="fl-1c"/>
      </object_component>
      <object_component id="oc-347">
         <name>.text:CPUTimer_isBaseValid</name>
         <load_address>0x9229</load_address>
         <run_address>0x9229</run_address>
         <size>0x17</size>
         <input_file_ref idref="fl-22"/>
      </object_component>
      <object_component id="oc-f3">
         <name>.text:SPI_isBaseValid</name>
         <load_address>0x9240</load_address>
         <run_address>0x9240</run_address>
         <size>0x17</size>
         <input_file_ref idref="fl-21"/>
      </object_component>
      <object_component id="oc-ed">
         <name>.text</name>
         <load_address>0x9257</load_address>
         <run_address>0x9257</run_address>
         <size>0x17</size>
         <input_file_ref idref="fl-30"/>
      </object_component>
      <object_component id="oc-126">
         <name>.text:EPWM_setEmulationMode</name>
         <load_address>0x926e</load_address>
         <run_address>0x926e</run_address>
         <size>0x16</size>
         <input_file_ref idref="fl-1d"/>
      </object_component>
      <object_component id="oc-3e">
         <name>.text:Interrupt_defaultHandler</name>
         <load_address>0x9284</load_address>
         <run_address>0x9284</run_address>
         <size>0x16</size>
         <input_file_ref idref="fl-1f"/>
      </object_component>
      <object_component id="oc-213">
         <name>.text:CAN_isBaseValid</name>
         <load_address>0x929a</load_address>
         <run_address>0x929a</run_address>
         <size>0x15</size>
         <input_file_ref idref="fl-1b"/>
      </object_component>
      <object_component id="oc-30e">
         <name>.text:CPUTimer_stopTimer</name>
         <load_address>0x92af</load_address>
         <run_address>0x92af</run_address>
         <size>0x14</size>
         <input_file_ref idref="fl-22"/>
      </object_component>
      <object_component id="oc-133">
         <name>.text:CPUTimer_setEmulationMode</name>
         <load_address>0x92c3</load_address>
         <run_address>0x92c3</run_address>
         <size>0x13</size>
         <input_file_ref idref="fl-1c"/>
      </object_component>
      <object_component id="oc-237">
         <name>.text:SCI_enableModule</name>
         <load_address>0x92d6</load_address>
         <run_address>0x92d6</run_address>
         <size>0x13</size>
         <input_file_ref idref="fl-20"/>
      </object_component>
      <object_component id="oc-320">
         <name>.text:CPUTimer_clearOverflowFlag</name>
         <load_address>0x92e9</load_address>
         <run_address>0x92e9</run_address>
         <size>0x12</size>
         <input_file_ref idref="fl-22"/>
      </object_component>
      <object_component id="oc-308">
         <name>.text:CPUTimer_disableInterrupt</name>
         <load_address>0x92fb</load_address>
         <run_address>0x92fb</run_address>
         <size>0x12</size>
         <input_file_ref idref="fl-22"/>
      </object_component>
      <object_component id="oc-314">
         <name>.text:CPUTimer_setPeriod</name>
         <load_address>0x930d</load_address>
         <run_address>0x930d</run_address>
         <size>0x11</size>
         <input_file_ref idref="fl-22"/>
      </object_component>
      <object_component id="oc-32c">
         <name>.text:SysCtl_pollCpuTimer</name>
         <load_address>0x931e</load_address>
         <run_address>0x931e</run_address>
         <size>0xf</size>
         <input_file_ref idref="fl-22"/>
      </object_component>
      <object_component id="oc-19a">
         <name>.text:GPIO_isPinValid</name>
         <load_address>0x932d</load_address>
         <run_address>0x932d</run_address>
         <size>0xe</size>
         <input_file_ref idref="fl-1e"/>
      </object_component>
      <object_component id="oc-191">
         <name>.text:Interrupt_disableGlobal</name>
         <load_address>0x933b</load_address>
         <run_address>0x933b</run_address>
         <size>0xd</size>
         <input_file_ref idref="fl-1f"/>
      </object_component>
      <object_component id="oc-1a3">
         <name>.text:Interrupt_enableGlobal</name>
         <load_address>0x9348</load_address>
         <run_address>0x9348</run_address>
         <size>0xd</size>
         <input_file_ref idref="fl-1f"/>
      </object_component>
      <object_component id="oc-61">
         <name>.text:decompress:ZI:__TI_zero_init_nomemset</name>
         <load_address>0x9355</load_address>
         <run_address>0x9355</run_address>
         <size>0xd</size>
         <input_file_ref idref="fl-35"/>
      </object_component>
      <object_component id="oc-1bf">
         <name>.text</name>
         <load_address>0x9362</load_address>
         <run_address>0x9362</run_address>
         <size>0xc</size>
         <input_file_ref idref="fl-3a"/>
      </object_component>
      <object_component id="oc-252">
         <name>.text:SysCtl_isMCDClockFailureDetected</name>
         <load_address>0x936e</load_address>
         <run_address>0x936e</run_address>
         <size>0xb</size>
         <input_file_ref idref="fl-22"/>
      </object_component>
      <object_component id="oc-4a">
         <name>.text:Interrupt_illegalOperationHandler</name>
         <load_address>0x9379</load_address>
         <run_address>0x9379</run_address>
         <size>0xa</size>
         <input_file_ref idref="fl-1f"/>
      </object_component>
      <object_component id="oc-50">
         <name>.text:Interrupt_nmiHandler</name>
         <load_address>0x9383</load_address>
         <run_address>0x9383</run_address>
         <size>0xa</size>
         <input_file_ref idref="fl-1f"/>
      </object_component>
      <object_component id="oc-25e">
         <name>.text:SysCtl_serviceWatchdog</name>
         <load_address>0x938d</load_address>
         <run_address>0x938d</run_address>
         <size>0x9</size>
         <input_file_ref idref="fl-22"/>
      </object_component>
      <object_component id="oc-2fc">
         <name>.text</name>
         <load_address>0x9396</load_address>
         <run_address>0x9396</run_address>
         <size>0x9</size>
         <input_file_ref idref="fl-39"/>
      </object_component>
      <object_component id="oc-6d">
         <name>.text</name>
         <load_address>0x939f</load_address>
         <run_address>0x939f</run_address>
         <size>0x8</size>
         <input_file_ref idref="fl-d"/>
      </object_component>
      <object_component id="oc-26">
         <name>.text:decompress:none</name>
         <load_address>0x93a7</load_address>
         <run_address>0x93a7</run_address>
         <size>0x8</size>
         <input_file_ref idref="fl-36"/>
      </object_component>
      <object_component id="oc-332">
         <name>.text:SysCtl_resetMCD</name>
         <load_address>0x93af</load_address>
         <run_address>0x93af</run_address>
         <size>0x7</size>
         <input_file_ref idref="fl-22"/>
      </object_component>
      <object_component id="oc-ad">
         <name>.text</name>
         <load_address>0xb000</load_address>
         <run_address>0xb000</run_address>
         <size>0x3fd</size>
         <input_file_ref idref="fl-e"/>
      </object_component>
      <object_component id="oc-34">
         <name>.text</name>
         <load_address>0xb3fd</load_address>
         <run_address>0xb3fd</run_address>
         <size>0x3e6</size>
         <input_file_ref idref="fl-5"/>
      </object_component>
      <object_component id="oc-59">
         <name>.text</name>
         <load_address>0xb7e3</load_address>
         <run_address>0xb7e3</run_address>
         <size>0x1d</size>
         <input_file_ref idref="fl-3d"/>
      </object_component>
      <object_component id="oc-a6">
         <name>.text</name>
         <load_address>0xc000</load_address>
         <run_address>0xc000</run_address>
         <size>0xaf2</size>
         <input_file_ref idref="fl-f"/>
      </object_component>
      <object_component id="oc-399">
         <name>.cinit..data.load</name>
         <load_address>0x128</load_address>
         <run_address>0x128</run_address>
         <size>0xb</size>
      </object_component>
      <object_component id="oc-396">
         <name>__TI_handler_table</name>
         <load_address>0x134</load_address>
         <run_address>0x134</run_address>
         <size>0x6</size>
      </object_component>
      <object_component id="oc-398">
         <name>.cinit..bss.load</name>
         <load_address>0x13a</load_address>
         <run_address>0x13a</run_address>
         <size>0x4</size>
      </object_component>
      <object_component id="oc-397">
         <name>__TI_cinit_table</name>
         <load_address>0x13e</load_address>
         <run_address>0x13e</run_address>
         <size>0x8</size>
      </object_component>
      <object_component id="oc-56">
         <name>.stack</name>
         <uninitialized>true</uninitialized>
         <run_address>0x400</run_address>
         <size>0x0</size>
         <input_file_ref idref="fl-30"/>
      </object_component>
      <object_component id="oc-39a">
         <name>.stack</name>
         <uninitialized>true</uninitialized>
         <run_address>0x400</run_address>
         <size>0x0</size>
      </object_component>
      <object_component id="oc-b3">
         <name>.bss:rxBuf</name>
         <uninitialized>true</uninitialized>
         <run_address>0xa833</run_address>
         <size>0xa</size>
         <input_file_ref idref="fl-5"/>
      </object_component>
      <object_component id="oc-11f">
         <name>.const:.string</name>
         <load_address>0xa83e</load_address>
         <run_address>0xa83e</run_address>
         <size>0x1b5</size>
         <input_file_ref idref="fl-f"/>
      </object_component>
      <object_component id="oc-ac">
         <name>.const:.string</name>
         <load_address>0xa9f4</load_address>
         <run_address>0xa9f4</run_address>
         <size>0x135</size>
         <input_file_ref idref="fl-5"/>
      </object_component>
      <object_component id="oc-251">
         <name>.const:.string</name>
         <load_address>0xab2a</load_address>
         <run_address>0xab2a</run_address>
         <size>0xc2</size>
         <input_file_ref idref="fl-22"/>
      </object_component>
      <object_component id="oc-1ee">
         <name>.const:.string</name>
         <load_address>0xabec</load_address>
         <run_address>0xabec</run_address>
         <size>0xbc</size>
         <input_file_ref idref="fl-1d"/>
      </object_component>
      <object_component id="oc-1a0">
         <name>.const:.string</name>
         <load_address>0xaca8</load_address>
         <run_address>0xaca8</run_address>
         <size>0xbc</size>
         <input_file_ref idref="fl-1e"/>
      </object_component>
      <object_component id="oc-219">
         <name>.const:.string</name>
         <load_address>0xad64</load_address>
         <run_address>0xad64</run_address>
         <size>0xbb</size>
         <input_file_ref idref="fl-1b"/>
      </object_component>
      <object_component id="oc-230">
         <name>.const:.string</name>
         <load_address>0xae20</load_address>
         <run_address>0xae20</run_address>
         <size>0xbb</size>
         <input_file_ref idref="fl-20"/>
      </object_component>
      <object_component id="oc-f9">
         <name>.const:.string</name>
         <load_address>0xaedc</load_address>
         <run_address>0xaedc</run_address>
         <size>0xbb</size>
         <input_file_ref idref="fl-21"/>
      </object_component>
      <object_component id="oc-20c">
         <name>.const:.string</name>
         <load_address>0xaf98</load_address>
         <run_address>0xaf98</run_address>
         <size>0x62</size>
         <input_file_ref idref="fl-1c"/>
      </object_component>
      <object_component id="oc-1f7">
         <name>.const:.string</name>
         <load_address>0xd000</load_address>
         <run_address>0xd000</run_address>
         <size>0x5d</size>
         <input_file_ref idref="fl-1a"/>
      </object_component>
      <object_component id="oc-102">
         <name>.const:.string</name>
         <load_address>0xd05e</load_address>
         <run_address>0xd05e</run_address>
         <size>0x3d</size>
         <input_file_ref idref="fl-10"/>
      </object_component>
      <object_component id="oc-10a">
         <name>.const:.string</name>
         <load_address>0xd09c</load_address>
         <run_address>0xd09c</run_address>
         <size>0x3d</size>
         <input_file_ref idref="fl-11"/>
      </object_component>
      <object_component id="oc-183">
         <name>.const:.string</name>
         <load_address>0xd0da</load_address>
         <run_address>0xd0da</run_address>
         <size>0x13</size>
         <input_file_ref idref="fl-e"/>
      </object_component>
      <object_component id="oc-79">
         <name>.data</name>
         <load_address>0xa800</load_address>
         <run_address>0xa800</run_address>
         <size>0x22</size>
         <input_file_ref idref="fl-5"/>
      </object_component>
      <object_component id="oc-fe">
         <name>.data</name>
         <load_address>0xa832</load_address>
         <run_address>0xa832</run_address>
         <size>0x1</size>
         <input_file_ref idref="fl-7"/>
      </object_component>
      <object_component id="oc-18a">
         <name>.data</name>
         <load_address>0xa822</load_address>
         <run_address>0xa822</run_address>
         <size>0x6</size>
         <input_file_ref idref="fl-e"/>
      </object_component>
      <object_component id="oc-2a9">
         <name>.data</name>
         <load_address>0xa828</load_address>
         <run_address>0xa828</run_address>
         <size>0x6</size>
         <input_file_ref idref="fl-38"/>
      </object_component>
      <object_component id="oc-2ac">
         <name>.data:_lock</name>
         <load_address>0xa82e</load_address>
         <run_address>0xa82e</run_address>
         <size>0x2</size>
         <input_file_ref idref="fl-39"/>
      </object_component>
      <object_component id="oc-340">
         <name>.data:_unlock</name>
         <load_address>0xa830</load_address>
         <run_address>0xa830</run_address>
         <size>0x2</size>
         <input_file_ref idref="fl-39"/>
      </object_component>
      <object_component id="oc-132">
         <name>.TI.ramfunc</name>
         <load_address>0x123</load_address>
         <run_address>0x123</run_address>
         <size>0x4</size>
         <input_file_ref idref="fl-22"/>
      </object_component>
      <object_component id="oc-d5">
         <name>.debug_types</name>
         <load_address>0x0</load_address>
         <run_address>0x0</run_address>
         <size>0xcbf</size>
         <input_file_ref idref="fl-5"/>
      </object_component>
      <object_component id="oc-100">
         <name>.debug_types</name>
         <load_address>0x0</load_address>
         <run_address>0x0</run_address>
         <size>0x0</size>
         <input_file_ref idref="fl-7"/>
      </object_component>
      <object_component id="oc-10e">
         <name>.debug_types</name>
         <load_address>0x0</load_address>
         <run_address>0x0</run_address>
         <size>0x0</size>
         <input_file_ref idref="fl-9"/>
      </object_component>
      <object_component id="oc-11e">
         <name>.debug_types</name>
         <load_address>0x0</load_address>
         <run_address>0x0</run_address>
         <size>0x0</size>
         <input_file_ref idref="fl-b"/>
      </object_component>
      <object_component id="oc-11c">
         <name>.debug_types</name>
         <load_address>0xcbf</load_address>
         <run_address>0xcbf</run_address>
         <size>0x56</size>
         <input_file_ref idref="fl-c"/>
      </object_component>
      <object_component id="oc-18e">
         <name>.debug_types</name>
         <load_address>0xd15</load_address>
         <run_address>0xd15</run_address>
         <size>0xf4f</size>
         <input_file_ref idref="fl-e"/>
      </object_component>
      <object_component id="oc-170">
         <name>.debug_types</name>
         <load_address>0x1c64</load_address>
         <run_address>0x1c64</run_address>
         <size>0x24fc</size>
         <input_file_ref idref="fl-f"/>
      </object_component>
      <object_component id="oc-109">
         <name>.debug_types</name>
         <load_address>0x0</load_address>
         <run_address>0x0</run_address>
         <size>0x0</size>
         <input_file_ref idref="fl-10"/>
      </object_component>
      <object_component id="oc-10c">
         <name>.debug_types</name>
         <load_address>0x0</load_address>
         <run_address>0x0</run_address>
         <size>0x0</size>
         <input_file_ref idref="fl-11"/>
      </object_component>
      <object_component id="oc-205">
         <name>.debug_types</name>
         <load_address>0x4160</load_address>
         <run_address>0x4160</run_address>
         <size>0x19a</size>
         <input_file_ref idref="fl-1a"/>
      </object_component>
      <object_component id="oc-221">
         <name>.debug_types</name>
         <load_address>0x42fa</load_address>
         <run_address>0x42fa</run_address>
         <size>0x1d4</size>
         <input_file_ref idref="fl-1b"/>
      </object_component>
      <object_component id="oc-20e">
         <name>.debug_types</name>
         <load_address>0x0</load_address>
         <run_address>0x0</run_address>
         <size>0x0</size>
         <input_file_ref idref="fl-1c"/>
      </object_component>
      <object_component id="oc-1f0">
         <name>.debug_types</name>
         <load_address>0x44ce</load_address>
         <run_address>0x44ce</run_address>
         <size>0x25f</size>
         <input_file_ref idref="fl-1d"/>
      </object_component>
      <object_component id="oc-199">
         <name>.debug_types</name>
         <load_address>0x472d</load_address>
         <run_address>0x472d</run_address>
         <size>0x2c4</size>
         <input_file_ref idref="fl-1e"/>
      </object_component>
      <object_component id="oc-d8">
         <name>.debug_types</name>
         <load_address>0x0</load_address>
         <run_address>0x0</run_address>
         <size>0x0</size>
         <input_file_ref idref="fl-1f"/>
      </object_component>
      <object_component id="oc-23e">
         <name>.debug_types</name>
         <load_address>0x49f1</load_address>
         <run_address>0x49f1</run_address>
         <size>0x2f</size>
         <input_file_ref idref="fl-20"/>
      </object_component>
      <object_component id="oc-fb">
         <name>.debug_types</name>
         <load_address>0x4a20</load_address>
         <run_address>0x4a20</run_address>
         <size>0x135</size>
         <input_file_ref idref="fl-21"/>
      </object_component>
      <object_component id="oc-210">
         <name>.debug_types</name>
         <load_address>0x4b55</load_address>
         <run_address>0x4b55</run_address>
         <size>0x21d</size>
         <input_file_ref idref="fl-22"/>
      </object_component>
      <object_component id="oc-1de">
         <name>.debug_types</name>
         <load_address>0x4d72</load_address>
         <run_address>0x4d72</run_address>
         <size>0x8d</size>
         <input_file_ref idref="fl-2e"/>
      </object_component>
      <object_component id="oc-1e0">
         <name>.debug_types</name>
         <load_address>0x0</load_address>
         <run_address>0x0</run_address>
         <size>0x0</size>
         <input_file_ref idref="fl-2f"/>
      </object_component>
      <object_component id="oc-276">
         <name>.debug_types</name>
         <load_address>0x0</load_address>
         <run_address>0x0</run_address>
         <size>0x0</size>
         <input_file_ref idref="fl-33"/>
      </object_component>
      <object_component id="oc-2e9">
         <name>.debug_types</name>
         <load_address>0x4dff</load_address>
         <run_address>0x4dff</run_address>
         <size>0x46c</size>
         <input_file_ref idref="fl-34"/>
      </object_component>
      <object_component id="oc-e5">
         <name>.debug_types</name>
         <load_address>0x526b</load_address>
         <run_address>0x526b</run_address>
         <size>0x1f3</size>
         <input_file_ref idref="fl-35"/>
      </object_component>
      <object_component id="oc-60">
         <name>.debug_types</name>
         <load_address>0x0</load_address>
         <run_address>0x0</run_address>
         <size>0x0</size>
         <input_file_ref idref="fl-36"/>
      </object_component>
      <object_component id="oc-58">
         <name>.debug_types</name>
         <load_address>0x545e</load_address>
         <run_address>0x545e</run_address>
         <size>0x191</size>
         <input_file_ref idref="fl-37"/>
      </object_component>
      <object_component id="oc-2b0">
         <name>.debug_types</name>
         <load_address>0x55ef</load_address>
         <run_address>0x55ef</run_address>
         <size>0xbf</size>
         <input_file_ref idref="fl-38"/>
      </object_component>
      <object_component id="oc-304">
         <name>.debug_types</name>
         <load_address>0x56ae</load_address>
         <run_address>0x56ae</run_address>
         <size>0x2f</size>
         <input_file_ref idref="fl-39"/>
      </object_component>
      <object_component id="oc-2a8">
         <name>.debug_types</name>
         <load_address>0x56dd</load_address>
         <run_address>0x56dd</run_address>
         <size>0xe1</size>
         <input_file_ref idref="fl-3a"/>
      </object_component>
      <object_component id="oc-e0">
         <name>.debug_types</name>
         <load_address>0x57be</load_address>
         <run_address>0x57be</run_address>
         <size>0xb8</size>
         <input_file_ref idref="fl-3d"/>
      </object_component>
      <object_component id="oc-33a">
         <name>.debug_types</name>
         <load_address>0x0</load_address>
         <run_address>0x0</run_address>
         <size>0x0</size>
         <input_file_ref idref="fl-3e"/>
      </object_component>
      <object_component id="oc-7a">
         <name>.debug_info</name>
         <load_address>0x0</load_address>
         <run_address>0x0</run_address>
         <size>0x3b3</size>
         <input_file_ref idref="fl-5"/>
      </object_component>
      <object_component id="oc-b4">
         <name>.debug_info</name>
         <load_address>0x3b3</load_address>
         <run_address>0x3b3</run_address>
         <size>0x127</size>
         <input_file_ref idref="fl-5"/>
      </object_component>
      <object_component id="oc-37">
         <name>.debug_info</name>
         <load_address>0x4da</load_address>
         <run_address>0x4da</run_address>
         <size>0x15f0</size>
         <input_file_ref idref="fl-5"/>
      </object_component>
      <object_component id="oc-3a">
         <name>.debug_info</name>
         <load_address>0x1aca</load_address>
         <run_address>0x1aca</run_address>
         <size>0x522</size>
         <input_file_ref idref="fl-5"/>
      </object_component>
      <object_component id="oc-7d">
         <name>.debug_info</name>
         <load_address>0x1fec</load_address>
         <run_address>0x1fec</run_address>
         <size>0x23a</size>
         <input_file_ref idref="fl-7"/>
      </object_component>
      <object_component id="oc-98">
         <name>.debug_info</name>
         <load_address>0x2226</load_address>
         <run_address>0x2226</run_address>
         <size>0x33b</size>
         <input_file_ref idref="fl-9"/>
      </object_component>
      <object_component id="oc-a3">
         <name>.debug_info</name>
         <load_address>0x2561</load_address>
         <run_address>0x2561</run_address>
         <size>0x45b</size>
         <input_file_ref idref="fl-b"/>
      </object_component>
      <object_component id="oc-9b">
         <name>.debug_info</name>
         <load_address>0x29bc</load_address>
         <run_address>0x29bc</run_address>
         <size>0x4f8</size>
         <input_file_ref idref="fl-c"/>
      </object_component>
      <object_component id="oc-2e">
         <name>.debug_info</name>
         <load_address>0x2eb4</load_address>
         <run_address>0x2eb4</run_address>
         <size>0x14f</size>
         <input_file_ref idref="fl-d"/>
      </object_component>
      <object_component id="oc-70">
         <name>.debug_info</name>
         <load_address>0x3003</load_address>
         <run_address>0x3003</run_address>
         <size>0x150</size>
         <input_file_ref idref="fl-d"/>
      </object_component>
      <object_component id="oc-18b">
         <name>.debug_info</name>
         <load_address>0x3153</load_address>
         <run_address>0x3153</run_address>
         <size>0x19a</size>
         <input_file_ref idref="fl-e"/>
      </object_component>
      <object_component id="oc-b0">
         <name>.debug_info</name>
         <load_address>0x32ed</load_address>
         <run_address>0x32ed</run_address>
         <size>0x1cf1</size>
         <input_file_ref idref="fl-e"/>
      </object_component>
      <object_component id="oc-a8">
         <name>.debug_info</name>
         <load_address>0x4fde</load_address>
         <run_address>0x4fde</run_address>
         <size>0x530f</size>
         <input_file_ref idref="fl-f"/>
      </object_component>
      <object_component id="oc-8a">
         <name>.debug_info</name>
         <load_address>0xa2ed</load_address>
         <run_address>0xa2ed</run_address>
         <size>0x98b</size>
         <input_file_ref idref="fl-10"/>
      </object_component>
      <object_component id="oc-91">
         <name>.debug_info</name>
         <load_address>0xac78</load_address>
         <run_address>0xac78</run_address>
         <size>0x2ee</size>
         <input_file_ref idref="fl-11"/>
      </object_component>
      <object_component id="oc-1f5">
         <name>.debug_info</name>
         <load_address>0xaf66</load_address>
         <run_address>0xaf66</run_address>
         <size>0x207</size>
         <input_file_ref idref="fl-1a"/>
      </object_component>
      <object_component id="oc-12f">
         <name>.debug_info</name>
         <load_address>0xb16d</load_address>
         <run_address>0xb16d</run_address>
         <size>0x2bc</size>
         <input_file_ref idref="fl-1a"/>
      </object_component>
      <object_component id="oc-1fa">
         <name>.debug_info</name>
         <load_address>0xb429</load_address>
         <run_address>0xb429</run_address>
         <size>0x24a</size>
         <input_file_ref idref="fl-1a"/>
      </object_component>
      <object_component id="oc-201">
         <name>.debug_info</name>
         <load_address>0xb673</load_address>
         <run_address>0xb673</run_address>
         <size>0x288</size>
         <input_file_ref idref="fl-1a"/>
      </object_component>
      <object_component id="oc-216">
         <name>.debug_info</name>
         <load_address>0xb8fb</load_address>
         <run_address>0xb8fb</run_address>
         <size>0x207</size>
         <input_file_ref idref="fl-1b"/>
      </object_component>
      <object_component id="oc-242">
         <name>.debug_info</name>
         <load_address>0xbb02</load_address>
         <run_address>0xbb02</run_address>
         <size>0x26c</size>
         <input_file_ref idref="fl-1b"/>
      </object_component>
      <object_component id="oc-249">
         <name>.debug_info</name>
         <load_address>0xbd6e</load_address>
         <run_address>0xbd6e</run_address>
         <size>0x25b</size>
         <input_file_ref idref="fl-1b"/>
      </object_component>
      <object_component id="oc-21c">
         <name>.debug_info</name>
         <load_address>0xbfc9</load_address>
         <run_address>0xbfc9</run_address>
         <size>0x21b</size>
         <input_file_ref idref="fl-1b"/>
      </object_component>
      <object_component id="oc-14e">
         <name>.debug_info</name>
         <load_address>0xc1e4</load_address>
         <run_address>0xc1e4</run_address>
         <size>0x242</size>
         <input_file_ref idref="fl-1b"/>
      </object_component>
      <object_component id="oc-152">
         <name>.debug_info</name>
         <load_address>0xc426</load_address>
         <run_address>0xc426</run_address>
         <size>0x36a</size>
         <input_file_ref idref="fl-1b"/>
      </object_component>
      <object_component id="oc-225">
         <name>.debug_info</name>
         <load_address>0xc790</load_address>
         <run_address>0xc790</run_address>
         <size>0x333</size>
         <input_file_ref idref="fl-1b"/>
      </object_component>
      <object_component id="oc-158">
         <name>.debug_info</name>
         <load_address>0xcac3</load_address>
         <run_address>0xcac3</run_address>
         <size>0x349</size>
         <input_file_ref idref="fl-1b"/>
      </object_component>
      <object_component id="oc-165">
         <name>.debug_info</name>
         <load_address>0xce0c</load_address>
         <run_address>0xce0c</run_address>
         <size>0x2d8</size>
         <input_file_ref idref="fl-1b"/>
      </object_component>
      <object_component id="oc-16a">
         <name>.debug_info</name>
         <load_address>0xd0e4</load_address>
         <run_address>0xd0e4</run_address>
         <size>0x2af</size>
         <input_file_ref idref="fl-1b"/>
      </object_component>
      <object_component id="oc-209">
         <name>.debug_info</name>
         <load_address>0xd393</load_address>
         <run_address>0xd393</run_address>
         <size>0x219</size>
         <input_file_ref idref="fl-1c"/>
      </object_component>
      <object_component id="oc-135">
         <name>.debug_info</name>
         <load_address>0xd5ac</load_address>
         <run_address>0xd5ac</run_address>
         <size>0x265</size>
         <input_file_ref idref="fl-1c"/>
      </object_component>
      <object_component id="oc-1ea">
         <name>.debug_info</name>
         <load_address>0xd811</load_address>
         <run_address>0xd811</run_address>
         <size>0x20b</size>
         <input_file_ref idref="fl-1d"/>
      </object_component>
      <object_component id="oc-128">
         <name>.debug_info</name>
         <load_address>0xda1c</load_address>
         <run_address>0xda1c</run_address>
         <size>0x263</size>
         <input_file_ref idref="fl-1d"/>
      </object_component>
      <object_component id="oc-19d">
         <name>.debug_info</name>
         <load_address>0xdc7f</load_address>
         <run_address>0xdc7f</run_address>
         <size>0x205</size>
         <input_file_ref idref="fl-1e"/>
      </object_component>
      <object_component id="oc-c4">
         <name>.debug_info</name>
         <load_address>0xde84</load_address>
         <run_address>0xde84</run_address>
         <size>0x27d</size>
         <input_file_ref idref="fl-1e"/>
      </object_component>
      <object_component id="oc-cb">
         <name>.debug_info</name>
         <load_address>0xe101</load_address>
         <run_address>0xe101</run_address>
         <size>0x266</size>
         <input_file_ref idref="fl-1e"/>
      </object_component>
      <object_component id="oc-122">
         <name>.debug_info</name>
         <load_address>0xe367</load_address>
         <run_address>0xe367</run_address>
         <size>0x2ae</size>
         <input_file_ref idref="fl-1e"/>
      </object_component>
      <object_component id="oc-185">
         <name>.debug_info</name>
         <load_address>0xe615</load_address>
         <run_address>0xe615</run_address>
         <size>0x296</size>
         <input_file_ref idref="fl-1e"/>
      </object_component>
      <object_component id="oc-be">
         <name>.debug_info</name>
         <load_address>0xe8ab</load_address>
         <run_address>0xe8ab</run_address>
         <size>0x24f</size>
         <input_file_ref idref="fl-1e"/>
      </object_component>
      <object_component id="oc-1a6">
         <name>.debug_info</name>
         <load_address>0xeafa</load_address>
         <run_address>0xeafa</run_address>
         <size>0x1fe</size>
         <input_file_ref idref="fl-1f"/>
      </object_component>
      <object_component id="oc-194">
         <name>.debug_info</name>
         <load_address>0xecf8</load_address>
         <run_address>0xecf8</run_address>
         <size>0x200</size>
         <input_file_ref idref="fl-1f"/>
      </object_component>
      <object_component id="oc-b9">
         <name>.debug_info</name>
         <load_address>0xeef8</load_address>
         <run_address>0xeef8</run_address>
         <size>0x20f</size>
         <input_file_ref idref="fl-1f"/>
      </object_component>
      <object_component id="oc-46">
         <name>.debug_info</name>
         <load_address>0xf107</load_address>
         <run_address>0xf107</run_address>
         <size>0x21c</size>
         <input_file_ref idref="fl-1f"/>
      </object_component>
      <object_component id="oc-4e">
         <name>.debug_info</name>
         <load_address>0xf323</load_address>
         <run_address>0xf323</run_address>
         <size>0x202</size>
         <input_file_ref idref="fl-1f"/>
      </object_component>
      <object_component id="oc-52">
         <name>.debug_info</name>
         <load_address>0xf525</load_address>
         <run_address>0xf525</run_address>
         <size>0x1e8</size>
         <input_file_ref idref="fl-1f"/>
      </object_component>
      <object_component id="oc-40">
         <name>.debug_info</name>
         <load_address>0xf70d</load_address>
         <run_address>0xf70d</run_address>
         <size>0x20c</size>
         <input_file_ref idref="fl-1f"/>
      </object_component>
      <object_component id="oc-d0">
         <name>.debug_info</name>
         <load_address>0xf919</load_address>
         <run_address>0xf919</run_address>
         <size>0x2b3</size>
         <input_file_ref idref="fl-1f"/>
      </object_component>
      <object_component id="oc-22c">
         <name>.debug_info</name>
         <load_address>0xfbcc</load_address>
         <run_address>0xfbcc</run_address>
         <size>0x205</size>
         <input_file_ref idref="fl-20"/>
      </object_component>
      <object_component id="oc-238">
         <name>.debug_info</name>
         <load_address>0xfdd1</load_address>
         <run_address>0xfdd1</run_address>
         <size>0x225</size>
         <input_file_ref idref="fl-20"/>
      </object_component>
      <object_component id="oc-233">
         <name>.debug_info</name>
         <load_address>0xfff6</load_address>
         <run_address>0xfff6</run_address>
         <size>0x227</size>
         <input_file_ref idref="fl-20"/>
      </object_component>
      <object_component id="oc-15e">
         <name>.debug_info</name>
         <load_address>0x1021d</load_address>
         <run_address>0x1021d</run_address>
         <size>0x2b5</size>
         <input_file_ref idref="fl-20"/>
      </object_component>
      <object_component id="oc-f5">
         <name>.debug_info</name>
         <load_address>0x104d2</load_address>
         <run_address>0x104d2</run_address>
         <size>0x207</size>
         <input_file_ref idref="fl-21"/>
      </object_component>
      <object_component id="oc-142">
         <name>.debug_info</name>
         <load_address>0x106d9</load_address>
         <run_address>0x106d9</run_address>
         <size>0x308</size>
         <input_file_ref idref="fl-21"/>
      </object_component>
      <object_component id="oc-148">
         <name>.debug_info</name>
         <load_address>0x109e1</load_address>
         <run_address>0x109e1</run_address>
         <size>0x23e</size>
         <input_file_ref idref="fl-21"/>
      </object_component>
      <object_component id="oc-76">
         <name>.debug_info</name>
         <load_address>0x10c1f</load_address>
         <run_address>0x10c1f</run_address>
         <size>0x248</size>
         <input_file_ref idref="fl-21"/>
      </object_component>
      <object_component id="oc-85">
         <name>.debug_info</name>
         <load_address>0x10e67</load_address>
         <run_address>0x10e67</run_address>
         <size>0x249</size>
         <input_file_ref idref="fl-21"/>
      </object_component>
      <object_component id="oc-260">
         <name>.debug_info</name>
         <load_address>0x110b0</load_address>
         <run_address>0x110b0</run_address>
         <size>0x1f2</size>
         <input_file_ref idref="fl-22"/>
      </object_component>
      <object_component id="oc-254">
         <name>.debug_info</name>
         <load_address>0x112a2</load_address>
         <run_address>0x112a2</run_address>
         <size>0x20e</size>
         <input_file_ref idref="fl-22"/>
      </object_component>
      <object_component id="oc-334">
         <name>.debug_info</name>
         <load_address>0x114b0</load_address>
         <run_address>0x114b0</run_address>
         <size>0x1e4</size>
         <input_file_ref idref="fl-22"/>
      </object_component>
      <object_component id="oc-349">
         <name>.debug_info</name>
         <load_address>0x11694</load_address>
         <run_address>0x11694</run_address>
         <size>0x217</size>
         <input_file_ref idref="fl-22"/>
      </object_component>
      <object_component id="oc-321">
         <name>.debug_info</name>
         <load_address>0x118ab</load_address>
         <run_address>0x118ab</run_address>
         <size>0x244</size>
         <input_file_ref idref="fl-22"/>
      </object_component>
      <object_component id="oc-30a">
         <name>.debug_info</name>
         <load_address>0x11aef</load_address>
         <run_address>0x11aef</run_address>
         <size>0x242</size>
         <input_file_ref idref="fl-22"/>
      </object_component>
      <object_component id="oc-310">
         <name>.debug_info</name>
         <load_address>0x11d31</load_address>
         <run_address>0x11d31</run_address>
         <size>0x24a</size>
         <input_file_ref idref="fl-22"/>
      </object_component>
      <object_component id="oc-327">
         <name>.debug_info</name>
         <load_address>0x11f7b</load_address>
         <run_address>0x11f7b</run_address>
         <size>0x24d</size>
         <input_file_ref idref="fl-22"/>
      </object_component>
      <object_component id="oc-315">
         <name>.debug_info</name>
         <load_address>0x121c8</load_address>
         <run_address>0x121c8</run_address>
         <size>0x24e</size>
         <input_file_ref idref="fl-22"/>
      </object_component>
      <object_component id="oc-354">
         <name>.debug_info</name>
         <load_address>0x12416</load_address>
         <run_address>0x12416</run_address>
         <size>0x258</size>
         <input_file_ref idref="fl-22"/>
      </object_component>
      <object_component id="oc-31b">
         <name>.debug_info</name>
         <load_address>0x1266e</load_address>
         <run_address>0x1266e</run_address>
         <size>0x27c</size>
         <input_file_ref idref="fl-22"/>
      </object_component>
      <object_component id="oc-32d">
         <name>.debug_info</name>
         <load_address>0x128ea</load_address>
         <run_address>0x128ea</run_address>
         <size>0x241</size>
         <input_file_ref idref="fl-22"/>
      </object_component>
      <object_component id="oc-17e">
         <name>.debug_info</name>
         <load_address>0x12b2b</load_address>
         <run_address>0x12b2b</run_address>
         <size>0x277</size>
         <input_file_ref idref="fl-22"/>
      </object_component>
      <object_component id="oc-178">
         <name>.debug_info</name>
         <load_address>0x12da2</load_address>
         <run_address>0x12da2</run_address>
         <size>0x519</size>
         <input_file_ref idref="fl-22"/>
      </object_component>
      <object_component id="oc-2d8">
         <name>.debug_info</name>
         <load_address>0x132bb</load_address>
         <run_address>0x132bb</run_address>
         <size>0x3ba</size>
         <input_file_ref idref="fl-22"/>
      </object_component>
      <object_component id="oc-259">
         <name>.debug_info</name>
         <load_address>0x13675</load_address>
         <run_address>0x13675</run_address>
         <size>0x243</size>
         <input_file_ref idref="fl-22"/>
      </object_component>
      <object_component id="oc-13a">
         <name>.debug_info</name>
         <load_address>0x138b8</load_address>
         <run_address>0x138b8</run_address>
         <size>0x251</size>
         <input_file_ref idref="fl-22"/>
      </object_component>
      <object_component id="oc-172">
         <name>.debug_info</name>
         <load_address>0x13b09</load_address>
         <run_address>0x13b09</run_address>
         <size>0x241</size>
         <input_file_ref idref="fl-22"/>
      </object_component>
      <object_component id="oc-111">
         <name>.debug_info</name>
         <load_address>0x13d4a</load_address>
         <run_address>0x13d4a</run_address>
         <size>0x157</size>
         <input_file_ref idref="fl-2e"/>
      </object_component>
      <object_component id="oc-117">
         <name>.debug_info</name>
         <load_address>0x13ea1</load_address>
         <run_address>0x13ea1</run_address>
         <size>0x167</size>
         <input_file_ref idref="fl-2f"/>
      </object_component>
      <object_component id="oc-ee">
         <name>.debug_info</name>
         <load_address>0x14008</load_address>
         <run_address>0x14008</run_address>
         <size>0x140</size>
         <input_file_ref idref="fl-30"/>
      </object_component>
      <object_component id="oc-106">
         <name>.debug_info</name>
         <load_address>0x14148</load_address>
         <run_address>0x14148</run_address>
         <size>0x10f</size>
         <input_file_ref idref="fl-31"/>
      </object_component>
      <object_component id="oc-1bc">
         <name>.debug_info</name>
         <load_address>0x14257</load_address>
         <run_address>0x14257</run_address>
         <size>0x135</size>
         <input_file_ref idref="fl-33"/>
      </object_component>
      <object_component id="oc-278">
         <name>.debug_info</name>
         <load_address>0x1438c</load_address>
         <run_address>0x1438c</run_address>
         <size>0x1a7</size>
         <input_file_ref idref="fl-34"/>
      </object_component>
      <object_component id="oc-63">
         <name>.debug_info</name>
         <load_address>0x14533</load_address>
         <run_address>0x14533</run_address>
         <size>0x19e</size>
         <input_file_ref idref="fl-35"/>
      </object_component>
      <object_component id="oc-2a">
         <name>.debug_info</name>
         <load_address>0x146d1</load_address>
         <run_address>0x146d1</run_address>
         <size>0x19f</size>
         <input_file_ref idref="fl-36"/>
      </object_component>
      <object_component id="oc-23">
         <name>.debug_info</name>
         <load_address>0x14870</load_address>
         <run_address>0x14870</run_address>
         <size>0x1f4</size>
         <input_file_ref idref="fl-37"/>
      </object_component>
      <object_component id="oc-2aa">
         <name>.debug_info</name>
         <load_address>0x14a64</load_address>
         <run_address>0x14a64</run_address>
         <size>0x186</size>
         <input_file_ref idref="fl-38"/>
      </object_component>
      <object_component id="oc-1c7">
         <name>.debug_info</name>
         <load_address>0x14bea</load_address>
         <run_address>0x14bea</run_address>
         <size>0x191</size>
         <input_file_ref idref="fl-38"/>
      </object_component>
      <object_component id="oc-2ad">
         <name>.debug_info</name>
         <load_address>0x14d7b</load_address>
         <run_address>0x14d7b</run_address>
         <size>0xef</size>
         <input_file_ref idref="fl-39"/>
      </object_component>
      <object_component id="oc-341">
         <name>.debug_info</name>
         <load_address>0x14e6a</load_address>
         <run_address>0x14e6a</run_address>
         <size>0xf3</size>
         <input_file_ref idref="fl-39"/>
      </object_component>
      <object_component id="oc-2fe">
         <name>.debug_info</name>
         <load_address>0x14f5d</load_address>
         <run_address>0x14f5d</run_address>
         <size>0x1eb</size>
         <input_file_ref idref="fl-39"/>
      </object_component>
      <object_component id="oc-1c2">
         <name>.debug_info</name>
         <load_address>0x15148</load_address>
         <run_address>0x15148</run_address>
         <size>0x145</size>
         <input_file_ref idref="fl-3a"/>
      </object_component>
      <object_component id="oc-5b">
         <name>.debug_info</name>
         <load_address>0x1528d</load_address>
         <run_address>0x1528d</run_address>
         <size>0x183</size>
         <input_file_ref idref="fl-3d"/>
      </object_component>
      <object_component id="oc-2e6">
         <name>.debug_info</name>
         <load_address>0x15410</load_address>
         <run_address>0x15410</run_address>
         <size>0x12f</size>
         <input_file_ref idref="fl-3e"/>
      </object_component>
      <object_component id="oc-3a2">
         <name>.debug_info</name>
         <load_address>0x1553f</load_address>
         <run_address>0x1553f</run_address>
         <size>0xef</size>
      </object_component>
      <object_component id="oc-fd">
         <name>.debug_line</name>
         <load_address>0x0</load_address>
         <run_address>0x0</run_address>
         <size>0x38</size>
         <input_file_ref idref="fl-5"/>
      </object_component>
      <object_component id="oc-190">
         <name>.debug_line</name>
         <load_address>0x38</load_address>
         <run_address>0x38</run_address>
         <size>0x38</size>
         <input_file_ref idref="fl-5"/>
      </object_component>
      <object_component id="oc-35">
         <name>.debug_line</name>
         <load_address>0x70</load_address>
         <run_address>0x70</run_address>
         <size>0x528</size>
         <input_file_ref idref="fl-5"/>
      </object_component>
      <object_component id="oc-3c">
         <name>.debug_line</name>
         <load_address>0x598</load_address>
         <run_address>0x598</run_address>
         <size>0xb3</size>
         <input_file_ref idref="fl-5"/>
      </object_component>
      <object_component id="oc-1ab">
         <name>.debug_line</name>
         <load_address>0x64b</load_address>
         <run_address>0x64b</run_address>
         <size>0x2b2</size>
         <input_file_ref idref="fl-5"/>
      </object_component>
      <object_component id="oc-81">
         <name>.debug_line</name>
         <load_address>0x8fd</load_address>
         <run_address>0x8fd</run_address>
         <size>0x6b</size>
         <input_file_ref idref="fl-7"/>
      </object_component>
      <object_component id="oc-1d1">
         <name>.debug_line</name>
         <load_address>0x968</load_address>
         <run_address>0x968</run_address>
         <size>0x21</size>
         <input_file_ref idref="fl-7"/>
      </object_component>
      <object_component id="oc-97">
         <name>.debug_line</name>
         <load_address>0x989</load_address>
         <run_address>0x989</run_address>
         <size>0x9e</size>
         <input_file_ref idref="fl-9"/>
      </object_component>
      <object_component id="oc-1db">
         <name>.debug_line</name>
         <load_address>0xa27</load_address>
         <run_address>0xa27</run_address>
         <size>0x57</size>
         <input_file_ref idref="fl-9"/>
      </object_component>
      <object_component id="oc-a1">
         <name>.debug_line</name>
         <load_address>0xa7e</load_address>
         <run_address>0xa7e</run_address>
         <size>0xa9</size>
         <input_file_ref idref="fl-b"/>
      </object_component>
      <object_component id="oc-1e5">
         <name>.debug_line</name>
         <load_address>0xb27</load_address>
         <run_address>0xb27</run_address>
         <size>0x21</size>
         <input_file_ref idref="fl-b"/>
      </object_component>
      <object_component id="oc-9e">
         <name>.debug_line</name>
         <load_address>0xb48</load_address>
         <run_address>0xb48</run_address>
         <size>0xa6</size>
         <input_file_ref idref="fl-c"/>
      </object_component>
      <object_component id="oc-1e2">
         <name>.debug_line</name>
         <load_address>0xbee</load_address>
         <run_address>0xbee</run_address>
         <size>0x21</size>
         <input_file_ref idref="fl-c"/>
      </object_component>
      <object_component id="oc-31">
         <name>.debug_line</name>
         <load_address>0xc0f</load_address>
         <run_address>0xc0f</run_address>
         <size>0x55</size>
         <input_file_ref idref="fl-d"/>
      </object_component>
      <object_component id="oc-6e">
         <name>.debug_line</name>
         <load_address>0xc64</load_address>
         <run_address>0xc64</run_address>
         <size>0x5d</size>
         <input_file_ref idref="fl-d"/>
      </object_component>
      <object_component id="oc-268">
         <name>.debug_line</name>
         <load_address>0xcc1</load_address>
         <run_address>0xcc1</run_address>
         <size>0x37</size>
         <input_file_ref idref="fl-e"/>
      </object_component>
      <object_component id="oc-af">
         <name>.debug_line</name>
         <load_address>0xcf8</load_address>
         <run_address>0xcf8</run_address>
         <size>0x3fd</size>
         <input_file_ref idref="fl-e"/>
      </object_component>
      <object_component id="oc-26a">
         <name>.debug_line</name>
         <load_address>0x10f5</load_address>
         <run_address>0x10f5</run_address>
         <size>0xa5</size>
         <input_file_ref idref="fl-e"/>
      </object_component>
      <object_component id="oc-ab">
         <name>.debug_line</name>
         <load_address>0x119a</load_address>
         <run_address>0x119a</run_address>
         <size>0xc72</size>
         <input_file_ref idref="fl-f"/>
      </object_component>
      <object_component id="oc-24e">
         <name>.debug_line</name>
         <load_address>0x1e0c</load_address>
         <run_address>0x1e0c</run_address>
         <size>0x125</size>
         <input_file_ref idref="fl-f"/>
      </object_component>
      <object_component id="oc-89">
         <name>.debug_line</name>
         <load_address>0x1f31</load_address>
         <run_address>0x1f31</run_address>
         <size>0x1c2</size>
         <input_file_ref idref="fl-10"/>
      </object_component>
      <object_component id="oc-1d5">
         <name>.debug_line</name>
         <load_address>0x20f3</load_address>
         <run_address>0x20f3</run_address>
         <size>0xa3</size>
         <input_file_ref idref="fl-10"/>
      </object_component>
      <object_component id="oc-90">
         <name>.debug_line</name>
         <load_address>0x2196</load_address>
         <run_address>0x2196</run_address>
         <size>0xc4</size>
         <input_file_ref idref="fl-11"/>
      </object_component>
      <object_component id="oc-1d8">
         <name>.debug_line</name>
         <load_address>0x225a</load_address>
         <run_address>0x225a</run_address>
         <size>0xa3</size>
         <input_file_ref idref="fl-11"/>
      </object_component>
      <object_component id="oc-1f4">
         <name>.debug_line</name>
         <load_address>0x22fd</load_address>
         <run_address>0x22fd</run_address>
         <size>0x97</size>
         <input_file_ref idref="fl-1a"/>
      </object_component>
      <object_component id="oc-131">
         <name>.debug_line</name>
         <load_address>0x2394</load_address>
         <run_address>0x2394</run_address>
         <size>0xa3</size>
         <input_file_ref idref="fl-1a"/>
      </object_component>
      <object_component id="oc-1fc">
         <name>.debug_line</name>
         <load_address>0x2437</load_address>
         <run_address>0x2437</run_address>
         <size>0xe2</size>
         <input_file_ref idref="fl-1a"/>
      </object_component>
      <object_component id="oc-203">
         <name>.debug_line</name>
         <load_address>0x2519</load_address>
         <run_address>0x2519</run_address>
         <size>0xc3</size>
         <input_file_ref idref="fl-1a"/>
      </object_component>
      <object_component id="oc-2bf">
         <name>.debug_line</name>
         <load_address>0x25dc</load_address>
         <run_address>0x25dc</run_address>
         <size>0xe3</size>
         <input_file_ref idref="fl-1a"/>
      </object_component>
      <object_component id="oc-215">
         <name>.debug_line</name>
         <load_address>0x26bf</load_address>
         <run_address>0x26bf</run_address>
         <size>0x97</size>
         <input_file_ref idref="fl-1b"/>
      </object_component>
      <object_component id="oc-241">
         <name>.debug_line</name>
         <load_address>0x2756</load_address>
         <run_address>0x2756</run_address>
         <size>0xaa</size>
         <input_file_ref idref="fl-1b"/>
      </object_component>
      <object_component id="oc-248">
         <name>.debug_line</name>
         <load_address>0x2800</load_address>
         <run_address>0x2800</run_address>
         <size>0xa7</size>
         <input_file_ref idref="fl-1b"/>
      </object_component>
      <object_component id="oc-21f">
         <name>.debug_line</name>
         <load_address>0x28a7</load_address>
         <run_address>0x28a7</run_address>
         <size>0x9c</size>
         <input_file_ref idref="fl-1b"/>
      </object_component>
      <object_component id="oc-14c">
         <name>.debug_line</name>
         <load_address>0x2943</load_address>
         <run_address>0x2943</run_address>
         <size>0x9b</size>
         <input_file_ref idref="fl-1b"/>
      </object_component>
      <object_component id="oc-155">
         <name>.debug_line</name>
         <load_address>0x29de</load_address>
         <run_address>0x29de</run_address>
         <size>0xb2</size>
         <input_file_ref idref="fl-1b"/>
      </object_component>
      <object_component id="oc-223">
         <name>.debug_line</name>
         <load_address>0x2a90</load_address>
         <run_address>0x2a90</run_address>
         <size>0xa6</size>
         <input_file_ref idref="fl-1b"/>
      </object_component>
      <object_component id="oc-15b">
         <name>.debug_line</name>
         <load_address>0x2b36</load_address>
         <run_address>0x2b36</run_address>
         <size>0x113</size>
         <input_file_ref idref="fl-1b"/>
      </object_component>
      <object_component id="oc-164">
         <name>.debug_line</name>
         <load_address>0x2c49</load_address>
         <run_address>0x2c49</run_address>
         <size>0xae</size>
         <input_file_ref idref="fl-1b"/>
      </object_component>
      <object_component id="oc-16d">
         <name>.debug_line</name>
         <load_address>0x2cf7</load_address>
         <run_address>0x2cf7</run_address>
         <size>0xb3</size>
         <input_file_ref idref="fl-1b"/>
      </object_component>
      <object_component id="oc-2cb">
         <name>.debug_line</name>
         <load_address>0x2daa</load_address>
         <run_address>0x2daa</run_address>
         <size>0x146</size>
         <input_file_ref idref="fl-1b"/>
      </object_component>
      <object_component id="oc-20b">
         <name>.debug_line</name>
         <load_address>0x2ef0</load_address>
         <run_address>0x2ef0</run_address>
         <size>0x9c</size>
[...]
         <value>0xa810</value>
         <object_component_ref idref="oc-79"/>
      </symbol>
      <symbol id="sm-a1">
         <name>openLoop_freqHz</name>
         <value>0xa806</value>
         <object_component_ref idref="oc-79"/>
      </symbol>
      <symbol id="sm-a2">
         <name>biss_spi_status</name>
         <value>0xa803</value>
         <object_component_ref idref="oc-79"/>
      </symbol>
      <symbol id="sm-a3">
         <name>timer0IsrCount</name>
         <value>0xa816</value>
         <object_component_ref idref="oc-79"/>
      </symbol>
      <symbol id="sm-a4">
         <name>timer0ISR</name>
         <value>0x833d</value>
         <object_component_ref idref="oc-32"/>
      </symbol>
      <symbol id="sm-a5">
         <name>openLoop_Vq</name>
         <value>0xa80a</value>
         <object_component_ref idref="oc-79"/>
      </symbol>
      <symbol id="sm-a6">
         <name>openLoop_Vd</name>
         <value>0xa808</value>
         <object_component_ref idref="oc-79"/>
      </symbol>
      <symbol id="sm-a7">
         <name>openLoop_enable</name>
         <value>0xa800</value>
         <object_component_ref idref="oc-79"/>
      </symbol>
      <symbol id="sm-a8">
         <name>main</name>
         <value>0xb724</value>
         <object_component_ref idref="oc-34"/>
      </symbol>
      <symbol id="sm-a9">
         <name>vdcVolts</name>
         <value>0xa812</value>
         <object_component_ref idref="oc-79"/>
      </symbol>
      <symbol id="sm-aa">
         <name>iAAmps</name>
         <value>0xa80c</value>
         <object_component_ref idref="oc-79"/>
      </symbol>
      <symbol id="sm-ab">
         <name>biss_error</name>
         <value>0xa802</value>
         <object_component_ref idref="oc-79"/>
      </symbol>
      <symbol id="sm-ac">
         <name>iBAmps</name>
         <value>0xa80e</value>
         <object_component_ref idref="oc-79"/>
      </symbol>
      <symbol id="sm-ad">
         <name>biss_angle_raw</name>
         <value>0xa801</value>
         <object_component_ref idref="oc-79"/>
      </symbol>
      <symbol id="sm-ae">
         <name>spiaRxISR</name>
         <value>0x8242</value>
         <object_component_ref idref="oc-32"/>
      </symbol>
      <symbol id="sm-c3">
         <name>processBissSpiPacket</name>
         <value>0x8f42</value>
         <object_component_ref idref="oc-7c"/>
      </symbol>
      <symbol id="sm-d2">
         <name>AngleRamp_setFreq</name>
         <value>0x8be2</value>
         <object_component_ref idref="oc-94"/>
      </symbol>
      <symbol id="sm-d3">
         <name>AngleRamp_init</name>
         <value>0x8b9d</value>
         <object_component_ref idref="oc-94"/>
      </symbol>
      <symbol id="sm-d4">
         <name>AngleRamp_update</name>
         <value>0x8bb6</value>
         <object_component_ref idref="oc-94"/>
      </symbol>
      <symbol id="sm-d5">
         <name>AngleRamp_reset</name>
         <value>0x8bf3</value>
         <object_component_ref idref="oc-94"/>
      </symbol>
      <symbol id="sm-e9">
         <name>SVPWM_calc</name>
         <value>0x85a5</value>
         <object_component_ref idref="oc-a0"/>
      </symbol>
      <symbol id="sm-f6">
         <name>Clarke</name>
         <value>0x8629</value>
         <object_component_ref idref="oc-9a"/>
      </symbol>
      <symbol id="sm-f7">
         <name>Park</name>
         <value>0x8674</value>
         <object_component_ref idref="oc-9a"/>
      </symbol>
      <symbol id="sm-f8">
         <name>ClarkeInv</name>
         <value>0x8645</value>
         <object_component_ref idref="oc-9a"/>
      </symbol>
      <symbol id="sm-f9">
         <name>ParkInv</name>
         <value>0x86ad</value>
         <object_component_ref idref="oc-9a"/>
      </symbol>
      <symbol id="sm-108">
         <name>code_start</name>
         <value>0x0</value>
         <object_component_ref idref="oc-2d"/>
      </symbol>
      <symbol id="sm-13a">
         <name>Device_enableAllPeripherals</name>
         <value>0xb0ee</value>
         <object_component_ref idref="oc-ad"/>
      </symbol>
      <symbol id="sm-13b">
         <name>Device_initGPIO</name>
         <value>0xb1d9</value>
         <object_component_ref idref="oc-ad"/>
      </symbol>
      <symbol id="sm-13c">
         <name>Example_Fail</name>
         <value>0xa826</value>
         <object_component_ref idref="oc-18a"/>
      </symbol>
      <symbol id="sm-13d">
         <name>Example_setResultFail</name>
         <value>0xb3f7</value>
         <object_component_ref idref="oc-ad"/>
      </symbol>
      <symbol id="sm-13e">
         <name>Device_bootCPU2</name>
         <value>0xb271</value>
         <object_component_ref idref="oc-ad"/>
      </symbol>
      <symbol id="sm-13f">
         <name>Device_init</name>
         <value>0xb0ae</value>
         <object_component_ref idref="oc-ad"/>
      </symbol>
      <symbol id="sm-140">
         <name>Example_Result</name>
         <value>0xa822</value>
         <object_component_ref idref="oc-18a"/>
      </symbol>
      <symbol id="sm-141">
         <name>Device_enableUnbondedGPIOPullups</name>
         <value>0xb22a</value>
         <object_component_ref idref="oc-ad"/>
      </symbol>
      <symbol id="sm-142">
         <name>__error__</name>
         <value>0xb3eb</value>
         <object_component_ref idref="oc-ad"/>
      </symbol>
      <symbol id="sm-143">
         <name>Example_setResultPass</name>
         <value>0xb3f2</value>
         <object_component_ref idref="oc-ad"/>
      </symbol>
      <symbol id="sm-144">
         <name>Device_configureTMXAnalogTrim</name>
         <value>0xb240</value>
         <object_component_ref idref="oc-ad"/>
      </symbol>
      <symbol id="sm-145">
         <name>Device_enableUnbondedGPIOPullupsFor176Pin</name>
         <value>0xb1fa</value>
         <object_component_ref idref="oc-ad"/>
      </symbol>
      <symbol id="sm-146">
         <name>Example_done</name>
         <value>0xb3fc</value>
         <object_component_ref idref="oc-ad"/>
      </symbol>
      <symbol id="sm-147">
         <name>Example_PassCount</name>
         <value>0xa824</value>
         <object_component_ref idref="oc-18a"/>
      </symbol>
      <symbol id="sm-148">
         <name>Device_enableUnbondedGPIOPullupsFor100Pin</name>
         <value>0xb20d</value>
         <object_component_ref idref="oc-ad"/>
      </symbol>
      <symbol id="sm-21e">
         <name>BOOSTXL_initBissSPI</name>
         <value>0xc9b0</value>
         <object_component_ref idref="oc-a6"/>
      </symbol>
      <symbol id="sm-21f">
         <name>BOOSTXL_initADC</name>
         <value>0xc909</value>
         <object_component_ref idref="oc-a6"/>
      </symbol>
      <symbol id="sm-220">
         <name>BOOSTXL_readPhaseBCurrent</name>
         <value>0xcac6</value>
         <object_component_ref idref="oc-a6"/>
      </symbol>
      <symbol id="sm-221">
         <name>BOOSTXL_canSend</name>
         <value>0xcad8</value>
         <object_component_ref idref="oc-a6"/>
      </symbol>
      <symbol id="sm-222">
         <name>BOOSTXL_disableInverter</name>
         <value>0xca96</value>
         <object_component_ref idref="oc-a6"/>
      </symbol>
      <symbol id="sm-223">
         <name>BOOSTXL_setDuty</name>
         <value>0xca9e</value>
         <object_component_ref idref="oc-a6"/>
      </symbol>
      <symbol id="sm-224">
         <name>BOOSTXL_initSerial</name>
         <value>0xca34</value>
         <object_component_ref idref="oc-a6"/>
      </symbol>
      <symbol id="sm-225">
         <name>BOOSTXL_readDCBusVoltage</name>
         <value>0xcad2</value>
         <object_component_ref idref="oc-a6"/>
      </symbol>
      <symbol id="sm-226">
         <name>BOOSTXL_readPhaseCCurrent</name>
         <value>0xcacc</value>
         <object_component_ref idref="oc-a6"/>
      </symbol>
      <symbol id="sm-227">
         <name>BOOSTXL_initTimer0</name>
         <value>0xc98b</value>
         <object_component_ref idref="oc-a6"/>
      </symbol>
      <symbol id="sm-228">
         <name>BOOSTXL_canRead</name>
         <value>0xcae6</value>
         <object_component_ref idref="oc-a6"/>
      </symbol>
      <symbol id="sm-229">
         <name>BOOSTXL_initCAN</name>
         <value>0xc9f4</value>
         <object_component_ref idref="oc-a6"/>
      </symbol>
      <symbol id="sm-22a">
         <name>BOOSTXL_serialSendString</name>
         <value>0xca6f</value>
         <object_component_ref idref="oc-a6"/>
      </symbol>
      <symbol id="sm-22b">
         <name>BOOSTXL_initGPIO</name>
         <value>0xc7e9</value>
         <object_component_ref idref="oc-a6"/>
      </symbol>
      <symbol id="sm-22c">
         <name>BOOSTXL_enableInverter</name>
         <value>0xca8e</value>
         <object_component_ref idref="oc-a6"/>
      </symbol>
      <symbol id="sm-22d">
         <name>BOOSTXL_initAll</name>
         <value>0xca7f</value>
         <object_component_ref idref="oc-a6"/>
      </symbol>
      <symbol id="sm-22e">
         <name>BOOSTXL_initPWM</name>
         <value>0xc8c5</value>
         <object_component_ref idref="oc-a6"/>
      </symbol>
      <symbol id="sm-24e">
         <name>Current_getRawB</name>
         <value>0x83f4</value>
         <object_component_ref idref="oc-88"/>
      </symbol>
      <symbol id="sm-24f">
         <name>Current_getRawC</name>
         <value>0x83fa</value>
         <object_component_ref idref="oc-88"/>
      </symbol>
      <symbol id="sm-250">
         <name>Current_runCalibration</name>
         <value>0x8400</value>
         <object_component_ref idref="oc-88"/>
      </symbol>
      <symbol id="sm-251">
         <name>Current_getPhaseA</name>
         <value>0x8453</value>
         <object_component_ref idref="oc-88"/>
      </symbol>
      <symbol id="sm-252">
         <name>Current_getPhaseC</name>
         <value>0x8477</value>
         <object_component_ref idref="oc-88"/>
      </symbol>
      <symbol id="sm-253">
         <name>Current_getPhaseB</name>
         <value>0x845f</value>
         <object_component_ref idref="oc-88"/>
      </symbol>
      <symbol id="sm-264">
         <name>Voltage_getDCBus</name>
         <value>0x8e1b</value>
         <object_component_ref idref="oc-8e"/>
      </symbol>
      <symbol id="sm-265">
         <name>Voltage_getRawDCBus</name>
         <value>0x8e15</value>
         <object_component_ref idref="oc-8e"/>
      </symbol>
      <symbol id="sm-2a6">
         <name>ADC_setOffsetTrim</name>
         <value>0x8b3d</value>
         <object_component_ref idref="oc-1fe"/>
      </symbol>
      <symbol id="sm-2a7">
         <name>ADC_setMode</name>
         <value>0x8fa9</value>
         <object_component_ref idref="oc-12c"/>
      </symbol>
      <symbol id="sm-2a8">
         <name>ADC_setINLTrim</name>
         <value>0x8872</value>
         <object_component_ref idref="oc-1f8"/>
      </symbol>
      <symbol id="sm-335">
         <name>CAN_sendMessage</name>
         <value>0x8800</value>
         <object_component_ref idref="oc-163"/>
      </symbol>
      <symbol id="sm-336">
         <name>CAN_setBitTiming</name>
         <value>0x8a15</value>
         <object_component_ref idref="oc-222"/>
      </symbol>
      <symbol id="sm-337">
         <name>CAN_setupMessageObject</name>
         <value>0x848f</value>
         <object_component_ref idref="oc-157"/>
      </symbol>
      <symbol id="sm-338">
         <name>CAN_initModule</name>
         <value>0x913f</value>
         <object_component_ref idref="oc-14b"/>
      </symbol>
      <symbol id="sm-339">
         <name>CAN_readMessage</name>
         <value>0x8949</value>
         <object_component_ref idref="oc-169"/>
      </symbol>
      <symbol id="sm-33a">
         <name>CAN_setBitRate</name>
         <value>0x8adc</value>
         <object_component_ref idref="oc-151"/>
      </symbol>
      <symbol id="sm-354">
         <name>CPUTimer_setEmulationMode</name>
         <value>0x92c3</value>
         <object_component_ref idref="oc-133"/>
      </symbol>
      <symbol id="sm-36f">
         <name>EPWM_setEmulationMode</name>
         <value>0x926e</value>
         <object_component_ref idref="oc-126"/>
      </symbol>
      <symbol id="sm-3b1">
         <name>GPIO_setQualificationMode</name>
         <value>0x8e9e</value>
         <object_component_ref idref="oc-120"/>
      </symbol>
      <symbol id="sm-3b2">
         <name>GPIO_setPadConfig</name>
         <value>0x8c56</value>
         <object_component_ref idref="oc-c8"/>
      </symbol>
      <symbol id="sm-3b3">
         <name>GPIO_setDirectionMode</name>
         <value>0x8f78</value>
         <object_component_ref idref="oc-c2"/>
      </symbol>
      <symbol id="sm-3b4">
         <name>GPIO_setPinConfig</name>
         <value>0x8e67</value>
         <object_component_ref idref="oc-bc"/>
      </symbol>
      <symbol id="sm-3b5">
         <name>GPIO_setControllerCore</name>
         <value>0x8e30</value>
         <object_component_ref idref="oc-184"/>
      </symbol>
      <symbol id="sm-404">
         <name>Interrupt_defaultHandler</name>
         <value>0x9284</value>
         <object_component_ref idref="oc-3e"/>
      </symbol>
      <symbol id="sm-405">
         <name>Interrupt_initModule</name>
         <value>0x8d7f</value>
         <object_component_ref idref="oc-b6"/>
      </symbol>
      <symbol id="sm-406">
         <name>Interrupt_nmiHandler</name>
         <value>0x9383</value>
         <object_component_ref idref="oc-50"/>
      </symbol>
      <symbol id="sm-407">
         <name>Interrupt_enable</name>
         <value>0x8ed5</value>
         <object_component_ref idref="oc-ce"/>
      </symbol>
      <symbol id="sm-408">
         <name>Interrupt_initVectorTable</name>
         <value>0x9121</value>
         <object_component_ref idref="oc-3f"/>
      </symbol>
      <symbol id="sm-409">
         <name>Interrupt_illegalOperationHandler</name>
         <value>0x9379</value>
         <object_component_ref idref="oc-4a"/>
      </symbol>
      <symbol id="sm-438">
         <name>SCI_setConfig</name>
         <value>0x8d41</value>
         <object_component_ref idref="oc-15d"/>
      </symbol>
      <symbol id="sm-47e">
         <name>SPI_setConfig</name>
         <value>0x8bfa</value>
         <object_component_ref idref="oc-13f"/>
      </symbol>
      <symbol id="sm-47f">
         <name>SPI_getInterruptStatus</name>
         <value>0x902f</value>
         <object_component_ref idref="oc-73"/>
      </symbol>
      <symbol id="sm-480">
         <name>SPI_clearInterruptStatus</name>
         <value>0x8f0c</value>
         <object_component_ref idref="oc-82"/>
      </symbol>
      <symbol id="sm-481">
         <name>SPI_enableInterrupt</name>
         <value>0x9000</value>
         <object_component_ref idref="oc-145"/>
      </symbol>
      <symbol id="sm-55a">
         <name>SysCtl_delay</name>
         <value>0x123</value>
         <object_component_ref idref="oc-132"/>
      </symbol>
      <symbol id="sm-55b">
         <name>SysCtl_getDeviceParametric</name>
         <value>0x88e1</value>
         <object_component_ref idref="oc-171"/>
      </symbol>
      <symbol id="sm-55c">
         <name>SysCtl_selectXTAL</name>
         <value>0x86e4</value>
         <object_component_ref idref="oc-2d7"/>
      </symbol>
      <symbol id="sm-55d">
         <name>SysCtl_selectOscSource</name>
         <value>0x8cf9</value>
         <object_component_ref idref="oc-258"/>
      </symbol>
      <symbol id="sm-55e">
         <name>SysCtl_getLowSpeedClock</name>
         <value>0x91e0</value>
         <object_component_ref idref="oc-139"/>
      </symbol>
      <symbol id="sm-55f">
         <name>SysCtl_setClock</name>
         <value>0x8000</value>
         <object_component_ref idref="oc-177"/>
      </symbol>
      <symbol id="sm-560">
         <name>SysCtl_getClock</name>
         <value>0x8ca8</value>
         <object_component_ref idref="oc-17d"/>
      </symbol>
      <symbol id="sm-56f">
         <name>cosf</name>
         <value>0x8a79</value>
         <object_component_ref idref="oc-10f"/>
      </symbol>
      <symbol id="sm-57d">
         <name>sinf</name>
         <value>0x89af</value>
         <object_component_ref idref="oc-115"/>
      </symbol>
      <symbol id="sm-587">
         <name>_c_int00</name>
         <value>0x9257</value>
         <object_component_ref idref="oc-ed"/>
      </symbol>
      <symbol id="sm-588">
         <name>__stack</name>
         <value>0x400</value>
         <object_component_ref idref="oc-56"/>
      </symbol>
      <symbol id="sm-595">
         <name>__c28xabi_divf</name>
         <value>0x8774</value>
         <object_component_ref idref="oc-103"/>
      </symbol>
      <symbol id="sm-5a3">
         <name>_system_pre_init</name>
         <value>0x87fc</value>
         <object_component_ref idref="oc-1b8"/>
      </symbol>
      <symbol id="sm-5b2">
         <name>__TI_auto_init_nobinit_nopinit</name>
         <value>0x908c</value>
         <object_component_ref idref="oc-277"/>
      </symbol>
      <symbol id="sm-5c1">
         <name>__TI_zero_init_nomemset</name>
         <value>0x9355</value>
         <object_component_ref idref="oc-61"/>
      </symbol>
      <symbol id="sm-5ce">
         <name>__TI_decompress_none</name>
         <value>0x93a7</value>
         <object_component_ref idref="oc-26"/>
      </symbol>
      <symbol id="sm-5e2">
         <name>__TI_decompress_lzss</name>
         <value>0x905e</value>
         <object_component_ref idref="oc-20"/>
      </symbol>
      <symbol id="sm-5f8">
         <name>C$$EXIT</name>
         <value>0x90b7</value>
         <object_component_ref idref="oc-1c5"/>
      </symbol>
      <symbol id="sm-5f9">
         <name>abort</name>
         <value>0x90b7</value>
         <object_component_ref idref="oc-1c5"/>
      </symbol>
      <symbol id="sm-5fa">
         <name>exit</name>
         <value>0x90b9</value>
         <object_component_ref idref="oc-1c5"/>
      </symbol>
      <symbol id="sm-5fb">
         <name>__TI_dtors_ptr</name>
         <value>0xa82c</value>
         <object_component_ref idref="oc-2a9"/>
      </symbol>
      <symbol id="sm-5fc">
         <name>__TI_cleanup_ptr</name>
         <value>0xa82a</value>
         <object_component_ref idref="oc-2a9"/>
      </symbol>
      <symbol id="sm-5fd">
         <name>__TI_enable_exit_profile_output</name>
         <value>0xa828</value>
         <object_component_ref idref="oc-2a9"/>
      </symbol>
      <symbol id="sm-614">
         <name>_nop</name>
         <value>0x939e</value>
         <object_component_ref idref="oc-2fc"/>
      </symbol>
      <symbol id="sm-615">
         <name>_lock</name>
         <value>0xa82e</value>
         <object_component_ref idref="oc-2ac"/>
      </symbol>
      <symbol id="sm-616">
         <name>_unlock</name>
         <value>0xa830</value>
         <object_component_ref idref="oc-340"/>
      </symbol>
      <symbol id="sm-617">
         <name>_register_lock</name>
         <value>0x939a</value>
         <object_component_ref idref="oc-2fc"/>
      </symbol>
      <symbol id="sm-618">
         <name>_register_unlock</name>
         <value>0x9396</value>
         <object_component_ref idref="oc-2fc"/>
      </symbol>
      <symbol id="sm-627">
         <name>_args_main</name>
         <value>0x9362</value>
         <object_component_ref idref="oc-1bf"/>
      </symbol>
      <symbol id="sm-63b">
         <name>memcpy</name>
         <value>0xb7e3</value>
         <object_component_ref idref="oc-59"/>
      </symbol>
      <symbol id="sm-648">
         <name>_system_post_cinit</name>
         <value>0x87fe</value>
         <object_component_ref idref="oc-2e2"/>
      </symbol>
      <symbol id="sm-64a">
         <name>__c_args__</name>
         <value>0x0</value>
      </symbol>
   </symbol_table>
   <title>Link successful</title>
</link_info>
